Archive member included to satisfy reference by file (symbol)

c:/users/finle/onedrive/documents/gnc2/software/gnc2build/toolchain/arm-none-eabi-gcc/bin/../lib/gcc/arm-none-eabi/12.2.0/thumb/v6-m/nofp\libgcc.a(_arm_cmpsf2.o)
                              CMakeFiles/GNC0200A.elf.dir/source/Drivers/pwm.c.obj (__aeabi_fcmplt)
c:/users/finle/onedrive/documents/gnc2/software/gnc2build/toolchain/arm-none-eabi-gcc/bin/../lib/gcc/arm-none-eabi/12.2.0/thumb/v6-m/nofp\libgcc.a(_muldi3.o)
                              CMakeFiles/GNC0200A.elf.dir/C_/Users/finle/OneDrive/Documents/GNC2/software/FixedPoint/include/source/fixedpoint.c.obj (__aeabi_lmul)
c:/users/finle/onedrive/documents/gnc2/software/gnc2build/toolchain/arm-none-eabi-gcc/bin/../lib/gcc/arm-none-eabi/12.2.0/thumb/v6-m/nofp\libgcc.a(_fixunssfsi.o)
                              CMakeFiles/GNC0200A.elf.dir/source/Drivers/pwm.c.obj (__aeabi_f2uiz)
c:/users/finle/onedrive/documents/gnc2/software/gnc2build/toolchain/arm-none-eabi-gcc/bin/../lib/gcc/arm-none-eabi/12.2.0/thumb/v6-m/nofp\libgcc.a(addsf3.o)
                              CMakeFiles/GNC0200A.elf.dir/source/RTOSDrivers/dma_baro_ms56.c.obj (__aeabi_fadd)
c:/users/finle/onedrive/documents/gnc2/software/gnc2build/toolchain/arm-none-eabi-gcc/bin/../lib/gcc/arm-none-eabi/12.2.0/thumb/v6-m/nofp\libgcc.a(divsf3.o)
                              CMakeFiles/GNC0200A.elf.dir/source/Drivers/pwm.c.obj (__aeabi_fdiv)
c:/users/finle/onedrive/documents/gnc2/software/gnc2build/toolchain/arm-none-eabi-gcc/bin/../lib/gcc/arm-none-eabi/12.2.0/thumb/v6-m/nofp\libgcc.a(eqsf2.o)
                              c:/users/finle/onedrive/documents/gnc2/software/gnc2build/toolchain/arm-none-eabi-gcc/bin/../lib/gcc/arm-none-eabi/12.2.0/thumb/v6-m/nofp\libgcc.a(_arm_cmpsf2.o) (__eqsf2)
c:/users/finle/onedrive/documents/gnc2/software/gnc2build/toolchain/arm-none-eabi-gcc/bin/../lib/gcc/arm-none-eabi/12.2.0/thumb/v6-m/nofp\libgcc.a(gesf2.o)
                              c:/users/finle/onedrive/documents/gnc2/software/gnc2build/toolchain/arm-none-eabi-gcc/bin/../lib/gcc/arm-none-eabi/12.2.0/thumb/v6-m/nofp\libgcc.a(_arm_cmpsf2.o) (__gesf2)
c:/users/finle/onedrive/documents/gnc2/software/gnc2build/toolchain/arm-none-eabi-gcc/bin/../lib/gcc/arm-none-eabi/12.2.0/thumb/v6-m/nofp\libgcc.a(lesf2.o)
                              c:/users/finle/onedrive/documents/gnc2/software/gnc2build/toolchain/arm-none-eabi-gcc/bin/../lib/gcc/arm-none-eabi/12.2.0/thumb/v6-m/nofp\libgcc.a(_arm_cmpsf2.o) (__lesf2)
c:/users/finle/onedrive/documents/gnc2/software/gnc2build/toolchain/arm-none-eabi-gcc/bin/../lib/gcc/arm-none-eabi/12.2.0/thumb/v6-m/nofp\libgcc.a(mulsf3.o)
                              CMakeFiles/GNC0200A.elf.dir/source/Drivers/pwm.c.obj (__aeabi_fmul)
c:/users/finle/onedrive/documents/gnc2/software/gnc2build/toolchain/arm-none-eabi-gcc/bin/../lib/gcc/arm-none-eabi/12.2.0/thumb/v6-m/nofp\libgcc.a(subsf3.o)
                              CMakeFiles/GNC0200A.elf.dir/source/Drivers/spi.c.obj (__aeabi_fsub)
c:/users/finle/onedrive/documents/gnc2/software/gnc2build/toolchain/arm-none-eabi-gcc/bin/../lib/gcc/arm-none-eabi/12.2.0/thumb/v6-m/nofp\libgcc.a(fixsfsi.o)
                              c:/users/finle/onedrive/documents/gnc2/software/gnc2build/toolchain/arm-none-eabi-gcc/bin/../lib/gcc/arm-none-eabi/12.2.0/thumb/v6-m/nofp\libgcc.a(_fixunssfsi.o) (__aeabi_f2iz)
c:/users/finle/onedrive/documents/gnc2/software/gnc2build/toolchain/arm-none-eabi-gcc/bin/../lib/gcc/arm-none-eabi/12.2.0/thumb/v6-m/nofp\libgcc.a(floatsisf.o)
                              CMakeFiles/GNC0200A.elf.dir/source/Drivers/pwm.c.obj (__aeabi_i2f)
c:/users/finle/onedrive/documents/gnc2/software/gnc2build/toolchain/arm-none-eabi-gcc/bin/../lib/gcc/arm-none-eabi/12.2.0/thumb/v6-m/nofp\libgcc.a(floatunsisf.o)
                              CMakeFiles/GNC0200A.elf.dir/source/Drivers/pwm.c.obj (__aeabi_ui2f)
c:/users/finle/onedrive/documents/gnc2/software/gnc2build/toolchain/arm-none-eabi-gcc/bin/../lib/gcc/arm-none-eabi/12.2.0/thumb/v6-m/nofp\libgcc.a(_clzsi2.o)
                              c:/users/finle/onedrive/documents/gnc2/software/gnc2build/toolchain/arm-none-eabi-gcc/bin/../lib/gcc/arm-none-eabi/12.2.0/thumb/v6-m/nofp\libgcc.a(addsf3.o) (__clzsi2)
c:/users/finle/onedrive/documents/gnc2/software/gnc2build/toolchain/arm-none-eabi-gcc/bin/../lib/gcc/arm-none-eabi/12.2.0/thumb/v6-m/nofp\libc.a(libc_a-exit.o)
                              c:/users/finle/onedrive/documents/gnc2/software/gnc2build/toolchain/arm-none-eabi-gcc/bin/../lib/gcc/arm-none-eabi/12.2.0/thumb/v6-m/nofp/crt0.o (exit)
c:/users/finle/onedrive/documents/gnc2/software/gnc2build/toolchain/arm-none-eabi-gcc/bin/../lib/gcc/arm-none-eabi/12.2.0/thumb/v6-m/nofp\libc.a(libc_a-findfp.o)
                              c:/users/finle/onedrive/documents/gnc2/software/gnc2build/toolchain/arm-none-eabi-gcc/bin/../lib/gcc/arm-none-eabi/12.2.0/thumb/v6-m/nofp\libc.a(libc_a-exit.o) (__stdio_exit_handler)
[...]
Memory Configuration

Name             Origin             Length             Attributes
rom              0x00000000         0x00020000         xr
ram              0x20000000         0x00004000         xrw
*default*        0x00000000         0xffffffff

Linker script and memory map

LOAD c:/users/finle/onedrive/documents/gnc2/software/gnc2build/toolchain/arm-none-eabi-gcc/bin/../lib/gcc/arm-none-eabi/12.2.0/thumb/v6-m/nofp/crti.o
LOAD c:/users/finle/onedrive/documents/gnc2/software/gnc2build/toolchain/arm-none-eabi-gcc/bin/../lib/gcc/arm-none-eabi/12.2.0/thumb/v6-m/nofp/crtbegin.o
LOAD c:/users/finle/onedrive/documents/gnc2/software/gnc2build/toolchain/arm-none-eabi-gcc/bin/../lib/gcc/arm-none-eabi/12.2.0/thumb/v6-m/nofp/crt0.o
LOAD CMakeFiles/GNC0200A.elf.dir/lib/SAMD21_DFP/samd21d/gcc/system_samd21j17d.c.obj
LOAD CMakeFiles/GNC0200A.elf.dir/lib/SAMD21_DFP/samd21d/gcc/gcc/startup_samd21j17d.c.obj
LOAD CMakeFiles/GNC0200A.elf.dir/source/comms.c.obj
LOAD CMakeFiles/GNC0200A.elf.dir/source/globals.c.obj
LOAD CMakeFiles/GNC0200A.elf.dir/source/global_eeprom.c.obj
LOAD CMakeFiles/GNC0200A.elf.dir/source/global_imu.c.obj
LOAD CMakeFiles/GNC0200A.elf.dir/source/global_ports.c.obj
LOAD CMakeFiles/GNC0200A.elf.dir/source/main.c.obj
LOAD CMakeFiles/GNC0200A.elf.dir/source/navigation.c.obj
LOAD CMakeFiles/GNC0200A.elf.dir/source/util.c.obj
LOAD CMakeFiles/GNC0200A.elf.dir/source/rc_receiver.c.obj
LOAD CMakeFiles/GNC0200A.elf.dir/source/Drivers/baro_ms56.c.obj
LOAD CMakeFiles/GNC0200A.elf.dir/source/Drivers/dma.c.obj
LOAD CMakeFiles/GNC0200A.elf.dir/source/Drivers/eeprom_cat25.c.obj
LOAD CMakeFiles/GNC0200A.elf.dir/source/Drivers/flash_at25.c.obj
LOAD CMakeFiles/GNC0200A.elf.dir/source/Drivers/imu_icm20948.c.obj
LOAD CMakeFiles/GNC0200A.elf.dir/source/Drivers/port.c.obj
LOAD CMakeFiles/GNC0200A.elf.dir/source/Drivers/pwm.c.obj
LOAD CMakeFiles/GNC0200A.elf.dir/source/Drivers/sercom.c.obj
LOAD CMakeFiles/GNC0200A.elf.dir/source/Drivers/spi.c.obj
LOAD CMakeFiles/GNC0200A.elf.dir/source/Drivers/time.c.obj
LOAD CMakeFiles/GNC0200A.elf.dir/source/Drivers/uart.c.obj
LOAD CMakeFiles/GNC0200A.elf.dir/source/Drivers/usb/usb_requests.c.obj
LOAD CMakeFiles/GNC0200A.elf.dir/source/Drivers/usb/usb_samd.c.obj
LOAD CMakeFiles/GNC0200A.elf.dir/source/Drivers/usb/usb_serial.c.obj
LOAD CMakeFiles/GNC0200A.elf.dir/source/Drivers/usb/usb.c.obj
LOAD CMakeFiles/GNC0200A.elf.dir/source/RTOS/rtos_main.c.obj
LOAD CMakeFiles/GNC0200A.elf.dir/source/RTOS/rtos_preemption.c.obj
LOAD CMakeFiles/GNC0200A.elf.dir/source/RTOS/rtos_process.c.obj
LOAD CMakeFiles/GNC0200A.elf.dir/source/RTOS/rtos_time.c.obj
LOAD CMakeFiles/GNC0200A.elf.dir/source/RTOS/rtos_util.c.obj
LOAD CMakeFiles/GNC0200A.elf.dir/source/RTOSDrivers/bus_manager.c.obj
LOAD CMakeFiles/GNC0200A.elf.dir/source/RTOSDrivers/dma_baro_ms56.c.obj
LOAD CMakeFiles/GNC0200A.elf.dir/source/RTOSDrivers/dma_eeprom_cat25.c.obj
LOAD CMakeFiles/GNC0200A.elf.dir/source/RTOSDrivers/dma_flash_at25.c.obj
LOAD CMakeFiles/GNC0200A.elf.dir/source/RTOSDrivers/dma_imu_icm20948.c.obj
LOAD CMakeFiles/GNC0200A.elf.dir/source/RTOSDrivers/dma_spi.c.obj
LOAD CMakeFiles/GNC0200A.elf.dir/source/RTOSDrivers/rtos_dma.c.obj
LOAD CMakeFiles/GNC0200A.elf.dir/source/RTOSDrivers/rtos_uart.c.obj
LOAD CMakeFiles/GNC0200A.elf.dir/source/RTOSDrivers/rtos_usb.c.obj
LOAD CMakeFiles/GNC0200A.elf.dir/C_/Users/finle/OneDrive/Documents/GNC2/software/GNClink/source/gnclink.c.obj
LOAD CMakeFiles/GNC0200A.elf.dir/C_/Users/finle/OneDrive/Documents/GNC2/software/FixedPoint/include/source/fixedpoint.c.obj
START GROUP
LOAD c:/users/finle/onedrive/documents/gnc2/software/gnc2build/toolchain/arm-none-eabi-gcc/bin/../lib/gcc/arm-none-eabi/12.2.0/thumb/v6-m/nofp\libgcc.a
LOAD c:/users/finle/onedrive/documents/gnc2/software/gnc2build/toolchain/arm-none-eabi-gcc/bin/../lib/gcc/arm-none-eabi/12.2.0/thumb/v6-m/nofp\libc.a
END GROUP
LOAD c:/users/finle/onedrive/documents/gnc2/software/gnc2build/toolchain/arm-none-eabi-gcc/bin/../lib/gcc/arm-none-eabi/12.2.0/thumb/v6-m/nofp/crtend.o
LOAD c:/users/finle/onedrive/documents/gnc2/software/gnc2build/toolchain/arm-none-eabi-gcc/bin/../lib/gcc/arm-none-eabi/12.2.0/thumb/v6-m/nofp/crtn.o
                0x00002000                        STACK_SIZE = DEFINED (STACK_SIZE)?STACK_SIZE:DEFINED (__stack_size__)?__stack_size__:0x2000

.text           0x00000000     0x6434
                0x00000000                        . = ALIGN (0x4)
                0x00000000                        _sfixed = .
 *(.vectors .vectors.*)
 .vectors       0x00000000       0xb8 CMakeFiles/GNC0200A.elf.dir/lib/SAMD21_DFP/samd21d/gcc/gcc/startup_samd21j17d.c.obj
                0x00000000                exception_table
 *(.text .text.* .gnu.linkonce.t.*)
 .text.deregister_tm_clones
                0x000000b8       0x20 c:/users/finle/onedrive/documents/gnc2/software/gnc2build/toolchain/arm-none-eabi-gcc/bin/../lib/gcc/arm-none-eabi/12.2.0/thumb/v6-m/nofp/crtbegin.o
 .text.register_tm_clones
                0x000000d8       0x28 c:/users/finle/onedrive/documents/gnc2/software/gnc2build/toolchain/arm-none-eabi-gcc/bin/../lib/gcc/arm-none-eabi/12.2.0/thumb/v6-m/nofp/crtbegin.o
 .text.__do_global_dtors_aux
                0x00000100       0x2c c:/users/finle/onedrive/documents/gnc2/software/gnc2build/toolchain/arm-none-eabi-gcc/bin/../lib/gcc/arm-none-eabi/12.2.0/thumb/v6-m/nofp/crtbegin.o
 .text.frame_dummy
                0x0000012c       0x24 c:/users/finle/onedrive/documents/gnc2/software/gnc2build/toolchain/arm-none-eabi-gcc/bin/../lib/gcc/arm-none-eabi/12.2.0/thumb/v6-m/nofp/crtbegin.o
 .text.Dummy_Handler
                0x00000150        0x2 CMakeFiles/GNC0200A.elf.dir/lib/SAMD21_DFP/samd21d/gcc/gcc/startup_samd21j17d.c.obj
                0x00000150                SVCall_Handler
                0x00000150                DMAC_Handler
                0x00000150                HardFault_Handler
                0x00000150                AC_Handler
                0x00000150                SysTick_Handler
                0x00000150                PendSV_Handler
                0x00000150                TC7_Handler
                0x00000150                ADC_Handler
                0x00000150                NonMaskableInt_Handler
                0x00000150                TCC1_Handler
                0x00000150                SERCOM2_Handler
                0x00000150                TCC0_Handler
                0x00000150                RTC_Handler
                0x00000150                EIC_Handler
                0x00000150                TC6_Handler
                0x00000150                WDT_Handler
                0x00000150                TC3_Handler
                0x00000150                Dummy_Handler
                0x00000150                PM_Handler
                0x00000150                TCC3_Handler
                0x00000150                TCC2_Handler
                0x00000150                EVSYS_Handler
                0x00000150                SERCOM3_Handler
                0x00000150                I2S_Handler
                0x00000150                NVMCTRL_Handler
                0x00000150                DAC_Handler
                0x00000150                PTC_Handler
                0x00000150                TC5_Handler
                0x00000150                SYSCTRL_Handler
 *fill*         0x00000152        0x2 
 .text.Reset_Handler
                0x00000154       0x78 CMakeFiles/GNC0200A.elf.dir/lib/SAMD21_DFP/samd21d/gcc/gcc/startup_samd21j17d.c.obj
                0x00000154                Reset_Handler
 .text.getGlobalHash
                0x000001cc       0x2c CMakeFiles/GNC0200A.elf.dir/source/comms.c.obj
                0x000001cc                getGlobalHash
 .text.getValueList
                0x000001f8       0x88 CMakeFiles/GNC0200A.elf.dir/source/comms.c.obj
                0x000001f8                getValueList
 .text.setValueList
                0x00000280       0x80 CMakeFiles/GNC0200A.elf.dir/source/comms.c.obj
                0x00000280                setValueList
 .text.loadValueList
                0x00000300       0x50 CMakeFiles/GNC0200A.elf.dir/source/comms.c.obj
                0x00000300                loadValueList
 .text.saveValueList
                0x00000350       0x50 CMakeFiles/GNC0200A.elf.dir/source/comms.c.obj
                0x00000350                saveValueList
 .text.getValueCount
                0x000003a0       0x28 CMakeFiles/GNC0200A.elf.dir/source/comms.c.obj
                0x000003a0                getValueCount
 .text.getValueName
                0x000003c8       0x6c CMakeFiles/GNC0200A.elf.dir/source/comms.c.obj
                0x000003c8                getValueName
 .text.evaluatePacket
                0x00000434       0xa4 CMakeFiles/GNC0200A.elf.dir/source/comms.c.obj
                0x00000434                evaluatePacket
 .text.get_packet
                0x000004d8      0x118 CMakeFiles/GNC0200A.elf.dir/source/comms.c.obj
                0x000004d8                get_packet
 .text.send_packet
                0x000005f0       0xa8 CMakeFiles/GNC0200A.elf.dir/source/comms.c.obj
                0x000005f0                send_packet
 .text.comms_loop
                0x00000698       0x30 CMakeFiles/GNC0200A.elf.dir/source/comms.c.obj
                0x00000698                comms_loop
 .text.get_address_from_id
                0x000006c8       0x8c CMakeFiles/GNC0200A.elf.dir/source/globals.c.obj
                0x000006c8                get_address_from_id
 .text.get_global_type_from_id
                0x00000754       0x48 CMakeFiles/GNC0200A.elf.dir/source/globals.c.obj
                0x00000754                get_global_type_from_id
 .text.get_global_address_size
                0x0000079c       0x38 CMakeFiles/GNC0200A.elf.dir/source/globals.c.obj
                0x0000079c                get_global_address_size
 .text.load_global
                0x000007d4       0x60 CMakeFiles/GNC0200A.elf.dir/source/globals.c.obj
                0x000007d4                load_global
 .text.save_global
                0x00000834       0x60 CMakeFiles/GNC0200A.elf.dir/source/globals.c.obj
                0x00000834                save_global
 .text.get_global_name
                0x00000894       0x54 CMakeFiles/GNC0200A.elf.dir/source/globals.c.obj
                0x00000894                get_global_name
 .text.init_globals
                0x000008e8       0x88 CMakeFiles/GNC0200A.elf.dir/source/globals.c.obj
                0x000008e8                init_globals
 .text.init_eeprom
                0x00000970       0x54 CMakeFiles/GNC0200A.elf.dir/source/global_eeprom.c.obj
                0x00000970                init_eeprom
 .text.check_eeprom
                0x000009c4       0x14 CMakeFiles/GNC0200A.elf.dir/source/global_eeprom.c.obj
                0x000009c4                check_eeprom
 .text.eeprom_read_request
                0x000009d8       0x2c CMakeFiles/GNC0200A.elf.dir/source/global_eeprom.c.obj
                0x000009d8                eeprom_read_request
 .text.eeprom_write_request
                0x00000a04       0x30 CMakeFiles/GNC0200A.elf.dir/source/global_eeprom.c.obj
                0x00000a04                eeprom_write_request
 .text.imu_init
                0x00000a34       0x80 CMakeFiles/GNC0200A.elf.dir/source/global_imu.c.obj
                0x00000a34                imu_init
 .text.check_imu
                0x00000ab4       0x44 CMakeFiles/GNC0200A.elf.dir/source/global_imu.c.obj
                0x00000ab4                check_imu
 .text.request_imu_data
                0x00000af8       0x38 CMakeFiles/GNC0200A.elf.dir/source/global_imu.c.obj
                0x00000af8                request_imu_data
 .text.wait_for_imu_data
                0x00000b30      0x268 CMakeFiles/GNC0200A.elf.dir/source/global_imu.c.obj
                0x00000b30                wait_for_imu_data
 .text.serial_init
                0x00000d98       0x94 CMakeFiles/GNC0200A.elf.dir/source/global_ports.c.obj
                0x00000d98                serial_init
 .text.serial_set_baud
                0x00000e2c       0x58 CMakeFiles/GNC0200A.elf.dir/source/global_ports.c.obj
                0x00000e2c                serial_set_baud
 .text.serial_enable_interrupt
                0x00000e84       0x58 CMakeFiles/GNC0200A.elf.dir/source/global_ports.c.obj
                0x00000e84                serial_enable_interrupt
 .text.serial_write_start
                0x00000edc       0x88 CMakeFiles/GNC0200A.elf.dir/source/global_ports.c.obj
                0x00000edc                serial_write_start
 .text.serial_write_wait_until_complete
                0x00000f64       0x60 CMakeFiles/GNC0200A.elf.dir/source/global_ports.c.obj
                0x00000f64                serial_write_wait_until_complete
 .text.serial_read_start
                0x00000fc4       0x88 CMakeFiles/GNC0200A.elf.dir/source/global_ports.c.obj
                0x00000fc4                serial_read_start
 .text.serial_read_wait_until_complete
                0x0000104c       0x60 CMakeFiles/GNC0200A.elf.dir/source/global_ports.c.obj
                0x0000104c                serial_read_wait_until_complete
 .text.serial_read_start_infinite
                0x000010ac       0x84 CMakeFiles/GNC0200A.elf.dir/source/global_ports.c.obj
                0x000010ac                serial_read_start_infinite
 .text.serial_read_wait_until_complete_or_timeout
                0x00001130       0x7c CMakeFiles/GNC0200A.elf.dir/source/global_ports.c.obj
                0x00001130                serial_read_wait_until_complete_or_timeout
 .text.serial_flush
                0x000011ac       0x58 CMakeFiles/GNC0200A.elf.dir/source/global_ports.c.obj
                0x000011ac                serial_flush
 .text.buzzer   0x00001204       0xe4 CMakeFiles/GNC0200A.elf.dir/source/main.c.obj
                0x00001204                buzzer
 .text.selftest
                0x000012e8       0x44 CMakeFiles/GNC0200A.elf.dir/source/main.c.obj
                0x000012e8                selftest
 .text.init     0x0000132c      0x148 CMakeFiles/GNC0200A.elf.dir/source/main.c.obj
                0x0000132c                init
 .text.main     0x00001474       0x80 CMakeFiles/GNC0200A.elf.dir/source/main.c.obj
                0x00001474                main
 .text.navigation
                0x000014f4       0x48 CMakeFiles/GNC0200A.elf.dir/source/navigation.c.obj
                0x000014f4                navigation
 .text.start_navigation
                0x0000153c       0x2c CMakeFiles/GNC0200A.elf.dir/source/navigation.c.obj
                0x0000153c                start_navigation
 .text.crc8_dvb_s2
                0x00001568       0x38 CMakeFiles/GNC0200A.elf.dir/source/rc_receiver.c.obj
                0x00001568                crc8_dvb_s2
 .text.rc_channels_packed
                0x000015a0      0x130 CMakeFiles/GNC0200A.elf.dir/source/rc_receiver.c.obj
                0x000015a0                rc_channels_packed
 .text.link_statistics
                0x000016d0       0x7c CMakeFiles/GNC0200A.elf.dir/source/rc_receiver.c.obj
                0x000016d0                link_statistics
 .text.investigate_packet
                0x0000174c       0x48 CMakeFiles/GNC0200A.elf.dir/source/rc_receiver.c.obj
                0x0000174c                investigate_packet
 .text.receiver_main
                0x00001794       0x54 CMakeFiles/GNC0200A.elf.dir/source/rc_receiver.c.obj
                0x00001794                receiver_main
 .text.receiver_init
                0x000017e8       0x44 CMakeFiles/GNC0200A.elf.dir/source/rc_receiver.c.obj
                0x000017e8                receiver_init
 .text.baro_send_command
                0x0000182c       0x74 CMakeFiles/GNC0200A.elf.dir/source/Drivers/baro_ms56.c.obj
                0x0000182c                baro_send_command
 .text.baro_read_prom
                0x000018a0       0xac CMakeFiles/GNC0200A.elf.dir/source/Drivers/baro_ms56.c.obj
                0x000018a0                baro_read_prom
 .text.baro_check
                0x0000194c       0x7a CMakeFiles/GNC0200A.elf.dir/source/Drivers/baro_ms56.c.obj
                0x0000194c                baro_check
 *fill*         0x000019c6        0x2 
 .text.baro_init
                0x000019c8       0x5c CMakeFiles/GNC0200A.elf.dir/source/Drivers/baro_ms56.c.obj
                0x000019c8                baro_init
 .text.dma_set_channel
                0x00001a24       0x18 CMakeFiles/GNC0200A.elf.dir/source/Drivers/dma.c.obj
                0x00001a24                dma_set_channel
 .text.dma_init
                0x00001a3c       0x34 CMakeFiles/GNC0200A.elf.dir/source/Drivers/dma.c.obj
                0x00001a3c                dma_init
 .text.dma_create_descriptor
                0x00001a70       0x6a CMakeFiles/GNC0200A.elf.dir/source/Drivers/dma.c.obj
                0x00001a70                dma_create_descriptor
 *fill*         0x00001ada        0x2 
 .text.dma_init_channel
                0x00001adc       0x4c CMakeFiles/GNC0200A.elf.dir/source/Drivers/dma.c.obj
                0x00001adc                dma_init_channel
 .text.dma_enable_channel
                0x00001b28       0x28 CMakeFiles/GNC0200A.elf.dir/source/Drivers/dma.c.obj
                0x00001b28                dma_enable_channel
 .text.dma_disable_channel
                0x00001b50       0x20 CMakeFiles/GNC0200A.elf.dir/source/Drivers/dma.c.obj
                0x00001b50                dma_disable_channel
 .text.eeprom_init
                0x00001b70       0x70 CMakeFiles/GNC0200A.elf.dir/source/Drivers/eeprom_cat25.c.obj
                0x00001b70                eeprom_init
 .text.eeprom_write_enable
                0x00001be0       0x60 CMakeFiles/GNC0200A.elf.dir/source/Drivers/eeprom_cat25.c.obj
                0x00001be0                eeprom_write_enable
 .text.eeprom_write_disable
                0x00001c40       0x60 CMakeFiles/GNC0200A.elf.dir/source/Drivers/eeprom_cat25.c.obj
                0x00001c40                eeprom_write_disable
 .text.eeprom_read_status
                0x00001ca0       0x7c CMakeFiles/GNC0200A.elf.dir/source/Drivers/eeprom_cat25.c.obj
                0x00001ca0                eeprom_read_status
 .text.eeprom_check
                0x00001d1c       0x3c CMakeFiles/GNC0200A.elf.dir/source/Drivers/eeprom_cat25.c.obj
                0x00001d1c                eeprom_check
 .text.flash_init
                0x00001d58       0x88 CMakeFiles/GNC0200A.elf.dir/source/Drivers/flash_at25.c.obj
                0x00001d58                flash_init
 .text.flash_check
                0x00001de0       0xbc CMakeFiles/GNC0200A.elf.dir/source/Drivers/flash_at25.c.obj
                0x00001de0                flash_check
 .text.imu_icm20948_write_byte
                0x00001e9c       0x80 CMakeFiles/GNC0200A.elf.dir/source/Drivers/imu_icm20948.c.obj
                0x00001e9c                imu_icm20948_write_byte
 .text.imu_icm20948_read_byte
                0x00001f1c       0x84 CMakeFiles/GNC0200A.elf.dir/source/Drivers/imu_icm20948.c.obj
                0x00001f1c                imu_icm20948_read_byte
 .text.imu_icm20948_write
                0x00001fa0       0x98 CMakeFiles/GNC0200A.elf.dir/source/Drivers/imu_icm20948.c.obj
                0x00001fa0                imu_icm20948_write
 .text.imu_icm20948_read
                0x00002038       0xa0 CMakeFiles/GNC0200A.elf.dir/source/Drivers/imu_icm20948.c.obj
                0x00002038                imu_icm20948_read
 .text.imu_icm20948_user_bank
                0x000020d8       0x18 CMakeFiles/GNC0200A.elf.dir/source/Drivers/imu_icm20948.c.obj
                0x000020d8                imu_icm20948_user_bank
 .text.imu_icm20948_init
                0x000020f0       0x70 CMakeFiles/GNC0200A.elf.dir/source/Drivers/imu_icm20948.c.obj
                0x000020f0                imu_icm20948_init
 .text.imu_icm20948_check
                0x00002160       0x28 CMakeFiles/GNC0200A.elf.dir/source/Drivers/imu_icm20948.c.obj
                0x00002160                imu_icm20948_check
 .text.mag_icm20948_write_byte
                0x00002188       0x48 CMakeFiles/GNC0200A.elf.dir/source/Drivers/imu_icm20948.c.obj
                0x00002188                mag_icm20948_write_byte
 .text.mag_icm20948_read
                0x000021d0       0x64 CMakeFiles/GNC0200A.elf.dir/source/Drivers/imu_icm20948.c.obj
                0x000021d0                mag_icm20948_read
 .text.mag_icm20948_init
                0x00002234       0x5c CMakeFiles/GNC0200A.elf.dir/source/Drivers/imu_icm20948.c.obj
                0x00002234                mag_icm20948_init
 .text.mag_icm20948_check
                0x00002290       0x30 CMakeFiles/GNC0200A.elf.dir/source/Drivers/imu_icm20948.c.obj
                0x00002290                mag_icm20948_check
 .text.port_set_output
                0x000022c0       0x10 CMakeFiles/GNC0200A.elf.dir/source/Drivers/port.c.obj
                0x000022c0                port_set_output
 .text.port_set
                0x000022d0       0x10 CMakeFiles/GNC0200A.elf.dir/source/Drivers/port.c.obj
                0x000022d0                port_set
 .text.port_clear
                0x000022e0       0x10 CMakeFiles/GNC0200A.elf.dir/source/Drivers/port.c.obj
                0x000022e0                port_clear
 .text.port_wrconfig
                0x000022f0       0x4c CMakeFiles/GNC0200A.elf.dir/source/Drivers/port.c.obj
                0x000022f0                port_wrconfig
 .text.pwm_init_tc
                0x0000233c       0xd4 CMakeFiles/GNC0200A.elf.dir/source/Drivers/pwm.c.obj
                0x0000233c                pwm_init_tc
 .text.pwm_enable_tc
                0x00002410       0x54 CMakeFiles/GNC0200A.elf.dir/source/Drivers/pwm.c.obj
                0x00002410                pwm_enable_tc
 .text.pwm_get_div_val
                0x00002464       0x3c CMakeFiles/GNC0200A.elf.dir/source/Drivers/pwm.c.obj
                0x00002464                pwm_get_div_val
 .text.pwm_set_frequency_tc
                0x000024a0       0x8c CMakeFiles/GNC0200A.elf.dir/source/Drivers/pwm.c.obj
                0x000024a0                pwm_set_frequency_tc
 .text.pwm_set_duty_tc
                0x0000252c       0xa0 CMakeFiles/GNC0200A.elf.dir/source/Drivers/pwm.c.obj
                0x0000252c                pwm_set_duty_tc
 .text.sercom_check
                0x000025cc       0x60 CMakeFiles/GNC0200A.elf.dir/source/Drivers/sercom.c.obj
                0x000025cc                sercom_check
 .text.sercom_init
                0x0000262c       0xe0 CMakeFiles/GNC0200A.elf.dir/source/Drivers/sercom.c.obj
                0x0000262c                sercom_init
 .text.spi_set_baud
                0x0000270c       0x48 CMakeFiles/GNC0200A.elf.dir/source/Drivers/spi.c.obj
                0x0000270c                spi_set_baud
 .text.spi_init
                0x00002754       0x68 CMakeFiles/GNC0200A.elf.dir/source/Drivers/spi.c.obj
                0x00002754                spi_init
 .text.spi_command
                0x000027bc       0x14 CMakeFiles/GNC0200A.elf.dir/source/Drivers/spi.c.obj
                0x000027bc                spi_command
 .text.spi_flush
                0x000027d0        0xc CMakeFiles/GNC0200A.elf.dir/source/Drivers/spi.c.obj
                0x000027d0                spi_flush
 .text.set_clock_48m
                0x000027dc       0xc4 CMakeFiles/GNC0200A.elf.dir/source/Drivers/time.c.obj
                0x000027dc                set_clock_48m
 .text.delay_8c
                0x000028a0       0x10 CMakeFiles/GNC0200A.elf.dir/source/Drivers/time.c.obj
                0x000028a0                delay_8c
 .text.init_timer
                0x000028b0       0x68 CMakeFiles/GNC0200A.elf.dir/source/Drivers/time.c.obj
                0x000028b0                init_timer
 .text.read_timer_20ns
                0x00002918        0xc CMakeFiles/GNC0200A.elf.dir/source/Drivers/time.c.obj
                0x00002918                read_timer_20ns
 .text.init_timer_interrupt
                0x00002924       0x18 CMakeFiles/GNC0200A.elf.dir/source/Drivers/time.c.obj
                0x00002924                init_timer_interrupt
 .text.timer_enable_interrupt
                0x0000293c       0x10 CMakeFiles/GNC0200A.elf.dir/source/Drivers/time.c.obj
                0x0000293c                timer_enable_interrupt
 .text.timer_disable_interrupt
                0x0000294c       0x18 CMakeFiles/GNC0200A.elf.dir/source/Drivers/time.c.obj
                0x0000294c                timer_disable_interrupt
 .text.timer_clear_interrupt
                0x00002964       0x1c CMakeFiles/GNC0200A.elf.dir/source/Drivers/time.c.obj
                0x00002964                timer_clear_interrupt
 .text.timer_set_interrupt_time
                0x00002980       0x10 CMakeFiles/GNC0200A.elf.dir/source/Drivers/time.c.obj
                0x00002980                timer_set_interrupt_time
 .text.uart_set_baud
                0x00002990       0x68 CMakeFiles/GNC0200A.elf.dir/source/Drivers/uart.c.obj
                0x00002990                uart_set_baud
 .text.uart_init
                0x000029f8       0x5c CMakeFiles/GNC0200A.elf.dir/source/Drivers/uart.c.obj
                0x000029f8                uart_init
 .text.uart_set_interrupt
                0x00002a54       0x80 CMakeFiles/GNC0200A.elf.dir/source/Drivers/uart.c.obj
                0x00002a54                uart_set_interrupt
 .text.uart_flush
                0x00002ad4        0xc CMakeFiles/GNC0200A.elf.dir/source/Drivers/uart.c.obj
                0x00002ad4                uart_flush
 .text.SERCOM0_Handler
                0x00002ae0       0x1c CMakeFiles/GNC0200A.elf.dir/source/Drivers/uart.c.obj
                0x00002ae0                SERCOM0_Handler
 .text.SERCOM1_Handler
                0x00002afc       0x1c CMakeFiles/GNC0200A.elf.dir/source/Drivers/uart.c.obj
                0x00002afc                SERCOM1_Handler
 .text.SERCOM4_Handler
                0x00002b18       0x1c CMakeFiles/GNC0200A.elf.dir/source/Drivers/uart.c.obj
                0x00002b18                SERCOM4_Handler
 .text.SERCOM5_Handler
                0x00002b34       0x1c CMakeFiles/GNC0200A.elf.dir/source/Drivers/uart.c.obj
                0x00002b34                SERCOM5_Handler
 .text.usb_ep0_in_multi
                0x00002b50       0x54 CMakeFiles/GNC0200A.elf.dir/source/Drivers/usb/usb_requests.c.obj
                0x00002b50                usb_ep0_in_multi
 .text.usb_handle_setup
                0x00002ba4      0x13c CMakeFiles/GNC0200A.elf.dir/source/Drivers/usb/usb_requests.c.obj
                0x00002ba4                usb_handle_setup
 .text.usb_handle_control_out_complete
                0x00002ce0       0x20 CMakeFiles/GNC0200A.elf.dir/source/Drivers/usb/usb_requests.c.obj
                0x00002ce0                usb_handle_control_out_complete
 .text.usb_handle_control_in_complete
                0x00002d00       0x4c CMakeFiles/GNC0200A.elf.dir/source/Drivers/usb/usb_requests.c.obj
                0x00002d00                usb_handle_control_in_complete
 .text.usb_string_to_descriptor
                0x00002d4c       0x40 CMakeFiles/GNC0200A.elf.dir/source/Drivers/usb/usb_requests.c.obj
                0x00002d4c                usb_string_to_descriptor
 .text.usb_reset
                0x00002d8c       0x60 CMakeFiles/GNC0200A.elf.dir/source/Drivers/usb/usb_samd.c.obj
                0x00002d8c                usb_reset
 .text.usb_init
                0x00002dec       0xc0 CMakeFiles/GNC0200A.elf.dir/source/Drivers/usb/usb_samd.c.obj
                0x00002dec                usb_init
 .text.usb_set_address
                0x00002eac       0x14 CMakeFiles/GNC0200A.elf.dir/source/Drivers/usb/usb_samd.c.obj
                0x00002eac                usb_set_address
 .text.usb_enable_ep
                0x00002ec0      0x140 CMakeFiles/GNC0200A.elf.dir/source/Drivers/usb/usb_samd.c.obj
                0x00002ec0                usb_enable_ep
 .text.usb_ep_start_out
                0x00003000       0x60 CMakeFiles/GNC0200A.elf.dir/source/Drivers/usb/usb_samd.c.obj
                0x00003000                usb_ep_start_out
 .text.usb_ep_start_in
                0x00003060       0x6c CMakeFiles/GNC0200A.elf.dir/source/Drivers/usb/usb_samd.c.obj
                0x00003060                usb_ep_start_in
 .text.usb_ep_pending
                0x000030cc       0x38 CMakeFiles/GNC0200A.elf.dir/source/Drivers/usb/usb_samd.c.obj
                0x000030cc                usb_ep_pending
 .text.usb_ep_handled
                0x00003104       0x34 CMakeFiles/GNC0200A.elf.dir/source/Drivers/usb/usb_samd.c.obj
                0x00003104                usb_ep_handled
 .text.usb_ep_out_length
                0x00003138       0x14 CMakeFiles/GNC0200A.elf.dir/source/Drivers/usb/usb_samd.c.obj
                0x00003138                usb_ep_out_length
 .text.usb_attach
                0x0000314c       0x1c CMakeFiles/GNC0200A.elf.dir/source/Drivers/usb/usb_samd.c.obj
                0x0000314c                usb_attach
 .text.usb_ep0_out
                0x00003168       0x18 CMakeFiles/GNC0200A.elf.dir/source/Drivers/usb/usb_samd.c.obj
                0x00003168                usb_ep0_out
 .text.usb_ep0_in
                0x00003180       0x18 CMakeFiles/GNC0200A.elf.dir/source/Drivers/usb/usb_samd.c.obj
                0x00003180                usb_ep0_in
 .text.usb_ep0_stall
                0x00003198       0x10 CMakeFiles/GNC0200A.elf.dir/source/Drivers/usb/usb_samd.c.obj
                0x00003198                usb_ep0_stall
 .text.usb_handle_function
                0x000031a8       0xcc CMakeFiles/GNC0200A.elf.dir/source/Drivers/usb/usb_samd.c.obj
                0x000031a8                usb_handle_function
 .text.samd_serial_number_string_descriptor
                0x00003274       0x64 CMakeFiles/GNC0200A.elf.dir/source/Drivers/usb/usb_samd.c.obj
                0x00003274                samd_serial_number_string_descriptor
 .text.usb_serial_init
                0x000032d8       0x3c CMakeFiles/GNC0200A.elf.dir/source/Drivers/usb/usb_serial.c.obj
                0x000032d8                usb_serial_init
 .text.usb_serial_out_completion
                0x00003314       0x18 CMakeFiles/GNC0200A.elf.dir/source/Drivers/usb/usb_serial.c.obj
                0x00003314                usb_serial_out_completion
 .text.usb_serial_in_completion
                0x0000332c       0x10 CMakeFiles/GNC0200A.elf.dir/source/Drivers/usb/usb_serial.c.obj
                0x0000332c                usb_serial_in_completion
 .text.usb_serial_send_buffer
                0x0000333c       0x3c CMakeFiles/GNC0200A.elf.dir/source/Drivers/usb/usb_serial.c.obj
                0x0000333c                usb_serial_send_buffer
 .text.usb_serial_read_buffer
                0x00003378       0x38 CMakeFiles/GNC0200A.elf.dir/source/Drivers/usb/usb_serial.c.obj
                0x00003378                usb_serial_read_buffer
 .text.usb_cb_reset
                0x000033b0        0x2 CMakeFiles/GNC0200A.elf.dir/source/Drivers/usb/usb.c.obj
                0x000033b0                usb_cb_reset
 *fill*         0x000033b2        0x2 
 .text.usb_cb_control_setup
                0x000033b4       0xcc CMakeFiles/GNC0200A.elf.dir/source/Drivers/usb/usb.c.obj
                0x000033b4                usb_cb_control_setup
 .text.usb_cb_completion
                0x00003480       0x40 CMakeFiles/GNC0200A.elf.dir/source/Drivers/usb/usb.c.obj
                0x00003480                usb_cb_completion
 .text.usb_cb_control_in_completion
                0x000034c0        0x2 CMakeFiles/GNC0200A.elf.dir/source/Drivers/usb/usb.c.obj
                0x000034c0                usb_cb_control_in_completion
 .text.usb_cb_control_out_completion
                0x000034c2        0x2 CMakeFiles/GNC0200A.elf.dir/source/Drivers/usb/usb.c.obj
                0x000034c2                usb_cb_control_out_completion
 .text.usb_cb_set_configuration
                0x000034c4       0x18 CMakeFiles/GNC0200A.elf.dir/source/Drivers/usb/usb.c.obj
                0x000034c4                usb_cb_set_configuration
 .text.usb_cb_set_interface
                0x000034dc       0x24 CMakeFiles/GNC0200A.elf.dir/source/Drivers/usb/usb.c.obj
                0x000034dc                usb_cb_set_interface
 .text.usb_cb_get_descriptor
                0x00003500       0x7c CMakeFiles/GNC0200A.elf.dir/source/Drivers/usb/usb.c.obj
                0x00003500                usb_cb_get_descriptor
 .text.rtos_init
                0x0000357c       0x34 CMakeFiles/GNC0200A.elf.dir/source/RTOS/rtos_main.c.obj
                0x0000357c                rtos_init
 .text.morse    0x000035b0       0x58 CMakeFiles/GNC0200A.elf.dir/source/RTOS/rtos_main.c.obj
                0x000035b0                morse
 .text.SOS      0x00003608       0x24 CMakeFiles/GNC0200A.elf.dir/source/RTOS/rtos_main.c.obj
                0x00003608                SOS
 .text.rtos_main
                0x0000362c       0x74 CMakeFiles/GNC0200A.elf.dir/source/RTOS/rtos_main.c.obj
                0x0000362c                rtos_main
 .text.TC4_Handler
                0x000036a0       0x28 CMakeFiles/GNC0200A.elf.dir/source/RTOS/rtos_preemption.c.obj
                0x000036a0                TC4_Handler
 .text.init_process
                0x000036c8       0x2c CMakeFiles/GNC0200A.elf.dir/source/RTOS/rtos_process.c.obj
                0x000036c8                init_process
 .text.switch_process
                0x000036f4       0xa4 CMakeFiles/GNC0200A.elf.dir/source/RTOS/rtos_process.c.obj
                0x000036f4                switch_process
 .text.init_process_queue
                0x00003798       0x14 CMakeFiles/GNC0200A.elf.dir/source/RTOS/rtos_process.c.obj
                0x00003798                init_process_queue
 .text.dispatch_process
                0x000037ac       0xb4 CMakeFiles/GNC0200A.elf.dir/source/RTOS/rtos_process.c.obj
                0x000037ac                dispatch_process
 .text.next_process
                0x00003860      0x170 CMakeFiles/GNC0200A.elf.dir/source/RTOS/rtos_process.c.obj
                0x00003860                next_process
 .text.yield_process
                0x000039d0       0x60 CMakeFiles/GNC0200A.elf.dir/source/RTOS/rtos_process.c.obj
                0x000039d0                yield_process
 .text.wait_until
                0x00003a30       0x5c CMakeFiles/GNC0200A.elf.dir/source/RTOS/rtos_process.c.obj
                0x00003a30                wait_until
 .text.wait_until_callback
                0x00003a8c       0x5c CMakeFiles/GNC0200A.elf.dir/source/RTOS/rtos_process.c.obj
                0x00003a8c                wait_until_callback
 .text.wait_until_callback_preserve_deadline
                0x00003ae8       0x38 CMakeFiles/GNC0200A.elf.dir/source/RTOS/rtos_process.c.obj
                0x00003ae8                wait_until_callback_preserve_deadline
 .text.rtos_delay_callback
                0x00003b20       0x44 CMakeFiles/GNC0200A.elf.dir/source/RTOS/rtos_time.c.obj
                0x00003b20                rtos_delay_callback
 .text.rtos_delay_ctick
                0x00003b64       0x3c CMakeFiles/GNC0200A.elf.dir/source/RTOS/rtos_time.c.obj
                0x00003b64                rtos_delay_ctick
 .text.busmanager_process_wait_callback
                0x00003ba0       0x64 CMakeFiles/GNC0200A.elf.dir/source/RTOSDrivers/bus_manager.c.obj
                0x00003ba0                busmanager_process_wait_callback
 .text.set_matching_id_status
                0x00003c04       0x54 CMakeFiles/GNC0200A.elf.dir/source/RTOSDrivers/bus_manager.c.obj
                0x00003c04                set_matching_id_status
 .text.busmanager_process_function
                0x00003c58      0x1b4 CMakeFiles/GNC0200A.elf.dir/source/RTOSDrivers/bus_manager.c.obj
                0x00003c58                busmanager_process_function
 .text.busmanager_new_process
                0x00003e0c       0x3c CMakeFiles/GNC0200A.elf.dir/source/RTOSDrivers/bus_manager.c.obj
                0x00003e0c                busmanager_new_process
 .text.busmanager_request_transaction
                0x00003e48       0x88 CMakeFiles/GNC0200A.elf.dir/source/RTOSDrivers/bus_manager.c.obj
                0x00003e48                busmanager_request_transaction
 .text.dma_eeprom_read
                0x00003ed0       0xfc CMakeFiles/GNC0200A.elf.dir/source/RTOSDrivers/dma_eeprom_cat25.c.obj
                0x00003ed0                dma_eeprom_read
 .text.dma_eeprom_write
                0x00003fcc       0xfc CMakeFiles/GNC0200A.elf.dir/source/RTOSDrivers/dma_eeprom_cat25.c.obj
                0x00003fcc                dma_eeprom_write
 .text.dma_eeprom_process_request
                0x000040c8       0xa8 CMakeFiles/GNC0200A.elf.dir/source/RTOSDrivers/dma_eeprom_cat25.c.obj
                0x000040c8                dma_eeprom_process_request
 .text.eeprom_request
                0x00004170       0x34 CMakeFiles/GNC0200A.elf.dir/source/RTOSDrivers/dma_eeprom_cat25.c.obj
                0x00004170                eeprom_request
 .text.eeprom_wait_until_done
                0x000041a4       0x14 CMakeFiles/GNC0200A.elf.dir/source/RTOSDrivers/dma_eeprom_cat25.c.obj
                0x000041a4                eeprom_wait_until_done
 .text.dma_imu_icm20948_read
                0x000041b8       0xf0 CMakeFiles/GNC0200A.elf.dir/source/RTOSDrivers/dma_imu_icm20948.c.obj
                0x000041b8                dma_imu_icm20948_read
 .text.dma_imu_icm20948_write
                0x000042a8       0xec CMakeFiles/GNC0200A.elf.dir/source/RTOSDrivers/dma_imu_icm20948.c.obj
                0x000042a8                dma_imu_icm20948_write
 .text.dma_imu_icm20948_process_request
                0x00004394       0x80 CMakeFiles/GNC0200A.elf.dir/source/RTOSDrivers/dma_imu_icm20948.c.obj
                0x00004394                dma_imu_icm20948_process_request
 .text.imu_icm20948_request
                0x00004414       0x3c CMakeFiles/GNC0200A.elf.dir/source/RTOSDrivers/dma_imu_icm20948.c.obj
                0x00004414                imu_icm20948_request
 .text.imu_icm20948_wait_until_done
                0x00004450       0x14 CMakeFiles/GNC0200A.elf.dir/source/RTOSDrivers/dma_imu_icm20948.c.obj
                0x00004450                imu_icm20948_wait_until_done
 .text.dma_spi_transaction
                0x00004464       0x98 CMakeFiles/GNC0200A.elf.dir/source/RTOSDrivers/dma_spi.c.obj
                0x00004464                dma_spi_transaction
 .text.rtos_dma_wait_until_end_callback
                0x000044fc       0x18 CMakeFiles/GNC0200A.elf.dir/source/RTOSDrivers/rtos_dma.c.obj
                0x000044fc                rtos_dma_wait_until_end_callback
 .text.rtos_dma_wait_until_end_or_timeout_callback
                0x00004514       0x54 CMakeFiles/GNC0200A.elf.dir/source/RTOSDrivers/rtos_dma.c.obj
                0x00004514                rtos_dma_wait_until_end_or_timeout_callback
 .text.rtos_dma_wait_until_end
                0x00004568       0x38 CMakeFiles/GNC0200A.elf.dir/source/RTOSDrivers/rtos_dma.c.obj
                0x00004568                rtos_dma_wait_until_end
 .text.rtos_dma_wait_until_end_or_timeout
                0x000045a0       0x48 CMakeFiles/GNC0200A.elf.dir/source/RTOSDrivers/rtos_dma.c.obj
                0x000045a0                rtos_dma_wait_until_end_or_timeout
 .text.rtos_uart_start_send_buffer
                0x000045e8       0x70 CMakeFiles/GNC0200A.elf.dir/source/RTOSDrivers/rtos_uart.c.obj
                0x000045e8                rtos_uart_start_send_buffer
 .text.rtos_uart_wait_until_send_complete
                0x00004658       0x10 CMakeFiles/GNC0200A.elf.dir/source/RTOSDrivers/rtos_uart.c.obj
                0x00004658                rtos_uart_wait_until_send_complete
 .text.rtos_uart_start_read_buffer
                0x00004668       0x70 CMakeFiles/GNC0200A.elf.dir/source/RTOSDrivers/rtos_uart.c.obj
                0x00004668                rtos_uart_start_read_buffer
 .text.rtos_uart_wait_until_read_complete
                0x000046d8       0x10 CMakeFiles/GNC0200A.elf.dir/source/RTOSDrivers/rtos_uart.c.obj
                0x000046d8                rtos_uart_wait_until_read_complete
 .text.rtos_uart_wait_until_read_complete_or_timeout
                0x000046e8       0x1c CMakeFiles/GNC0200A.elf.dir/source/RTOSDrivers/rtos_uart.c.obj
                0x000046e8                rtos_uart_wait_until_read_complete_or_timeout
 .text.rtos_uart_start_read_buffer_infinite
                0x00004704       0x6c CMakeFiles/GNC0200A.elf.dir/source/RTOSDrivers/rtos_uart.c.obj
                0x00004704                rtos_uart_start_read_buffer_infinite
 .text.usb_proc_loop
                0x00004770       0xb4 CMakeFiles/GNC0200A.elf.dir/source/RTOSDrivers/rtos_usb.c.obj
                0x00004770                usb_proc_loop
 .text.rtos_usb_init
                0x00004824       0x88 CMakeFiles/GNC0200A.elf.dir/source/RTOSDrivers/rtos_usb.c.obj
                0x00004824                rtos_usb_init
 .text.USB_Handler
                0x000048ac       0x20 CMakeFiles/GNC0200A.elf.dir/source/RTOSDrivers/rtos_usb.c.obj
                0x000048ac                USB_Handler
 .text.rtos_usb_start_send_buffer
                0x000048cc       0x4c CMakeFiles/GNC0200A.elf.dir/source/RTOSDrivers/rtos_usb.c.obj
                0x000048cc                rtos_usb_start_send_buffer
 .text.rtos_usb_wait_until_send_complete
                0x00004918       0x1c CMakeFiles/GNC0200A.elf.dir/source/RTOSDrivers/rtos_usb.c.obj
                0x00004918                rtos_usb_wait_until_send_complete
 .text.rtos_usb_start_read_buffer
                0x00004934       0x38 CMakeFiles/GNC0200A.elf.dir/source/RTOSDrivers/rtos_usb.c.obj
                0x00004934                rtos_usb_start_read_buffer
 .text.rtos_usb_wait_until_read_complete
                0x0000496c       0x1c CMakeFiles/GNC0200A.elf.dir/source/RTOSDrivers/rtos_usb.c.obj
                0x0000496c                rtos_usb_wait_until_read_complete
 .text.CRC8     0x00004988       0x2c CMakeFiles/GNC0200A.elf.dir/C_/Users/finle/OneDrive/Documents/GNC2/software/GNClink/source/gnclink.c.obj
                0x00004988                CRC8
 .text.GNClink_Get_Packet_Payload_Pointer
                0x000049b4        0x4 CMakeFiles/GNC0200A.elf.dir/C_/Users/finle/OneDrive/Documents/GNC2/software/GNClink/source/gnclink.c.obj
                0x000049b4                GNClink_Get_Packet_Payload_Pointer
 .text.GNClink_Construct_Packet
                0x000049b8       0x2c CMakeFiles/GNC0200A.elf.dir/C_/Users/finle/OneDrive/Documents/GNC2/software/GNClink/source/gnclink.c.obj
                0x000049b8                GNClink_Construct_Packet
 .text.GNClink_Check_Packet
                0x000049e4       0x30 CMakeFiles/GNC0200A.elf.dir/C_/Users/finle/OneDrive/Documents/GNC2/software/GNClink/source/gnclink.c.obj
                0x000049e4                GNClink_Check_Packet
 .text.GNClink_Get_Packet_Type
                0x00004a14        0x4 CMakeFiles/GNC0200A.elf.dir/C_/Users/finle/OneDrive/Documents/GNC2/software/GNClink/source/gnclink.c.obj
                0x00004a14                GNClink_Get_Packet_Type
 .text.GNClink_Get_Packet_Flags
                0x00004a18        0x4 CMakeFiles/GNC0200A.elf.dir/C_/Users/finle/OneDrive/Documents/GNC2/software/GNClink/source/gnclink.c.obj
                0x00004a18                GNClink_Get_Packet_Flags
 .text.GNClink_Get_Frame_Payload_Pointer
                0x00004a1c        0x4 CMakeFiles/GNC0200A.elf.dir/C_/Users/finle/OneDrive/Documents/GNC2/software/GNClink/source/gnclink.c.obj
                0x00004a1c                GNClink_Get_Frame_Payload_Pointer
 .text.GNClink_Get_Frame
                0x00004a20       0x84 CMakeFiles/GNC0200A.elf.dir/C_/Users/finle/OneDrive/Documents/GNC2/software/GNClink/source/gnclink.c.obj
                0x00004a20                GNClink_Get_Frame
 .text.GNClink_Check_Frame
                0x00004aa4       0x2c CMakeFiles/GNC0200A.elf.dir/C_/Users/finle/OneDrive/Documents/GNC2/software/GNClink/source/gnclink.c.obj
                0x00004aa4                GNClink_Check_Frame
 .text.GNClink_Frame_RequestResend
                0x00004ad0        0xa CMakeFiles/GNC0200A.elf.dir/C_/Users/finle/OneDrive/Documents/GNC2/software/GNClink/source/gnclink.c.obj
                0x00004ad0                GNClink_Frame_RequestResend
 .text.GNClink_Get_Frame_Index
                0x00004ada        0x4 CMakeFiles/GNC0200A.elf.dir/C_/Users/finle/OneDrive/Documents/GNC2/software/GNClink/source/gnclink.c.obj
                0x00004ada                GNClink_Get_Frame_Index
 *fill*         0x00004ade        0x2 
 .text.GNClink_Construct_RequestResendFrame
                0x00004ae0       0x20 CMakeFiles/GNC0200A.elf.dir/C_/Users/finle/OneDrive/Documents/GNC2/software/GNClink/source/gnclink.c.obj
                0x00004ae0                GNClink_Construct_RequestResendFrame
 .text.GNClink_Reconstruct_Packet_From_Frames
                0x00004b00       0x2e CMakeFiles/GNC0200A.elf.dir/C_/Users/finle/OneDrive/Documents/GNC2/software/GNClink/source/gnclink.c.obj
                0x00004b00                GNClink_Reconstruct_Packet_From_Frames
 *fill*         0x00004b2e        0x2 
 .text.fp_multiply
                0x00004b30       0x18 CMakeFiles/GNC0200A.elf.dir/C_/Users/finle/OneDrive/Documents/GNC2/software/FixedPoint/include/source/fixedpoint.c.obj
                0x00004b30                fp_multiply
 .text          0x00004b48       0x74 c:/users/finle/onedrive/documents/gnc2/software/gnc2build/toolchain/arm-none-eabi-gcc/bin/../lib/gcc/arm-none-eabi/12.2.0/thumb/v6-m/nofp\libgcc.a(_arm_cmpsf2.o)
                0x00004b48                __aeabi_cfrcmple
                0x00004b50                __aeabi_cfcmpeq
                0x00004b50                __aeabi_cfcmple
                0x00004b60                __aeabi_fcmpeq
                0x00004b6c                __aeabi_fcmplt
                0x00004b80                __aeabi_fcmple
                0x00004b94                __aeabi_fcmpgt
                0x00004ba8                __aeabi_fcmpge
 .text.__muldi3
                0x00004bbc       0x5c c:/users/finle/onedrive/documents/gnc2/software/gnc2build/toolchain/arm-none-eabi-gcc/bin/../lib/gcc/arm-none-eabi/12.2.0/thumb/v6-m/nofp\libgcc.a(_muldi3.o)
                0x00004bbc                __muldi3
                0x00004bbc                __aeabi_lmul
 .text.__fixunssfsi
                0x00004c18       0x30 c:/users/finle/onedrive/documents/gnc2/software/gnc2build/toolchain/arm-none-eabi-gcc/bin/../lib/gcc/arm-none-eabi/12.2.0/thumb/v6-m/nofp\libgcc.a(_fixunssfsi.o)
                0x00004c18                __fixunssfsi
                0x00004c18                __aeabi_f2uiz
 .text.__aeabi_fadd
                0x00004c48      0x304 c:/users/finle/onedrive/documents/gnc2/software/gnc2build/toolchain/arm-none-eabi-gcc/bin/../lib/gcc/arm-none-eabi/12.2.0/thumb/v6-m/nofp\libgcc.a(addsf3.o)
                0x00004c48                __aeabi_fadd
 .text.__aeabi_fdiv
                0x00004f4c      0x240 c:/users/finle/onedrive/documents/gnc2/software/gnc2build/toolchain/arm-none-eabi-gcc/bin/../lib/gcc/arm-none-eabi/12.2.0/thumb/v6-m/nofp\libgcc.a(divsf3.o)
                0x00004f4c                __aeabi_fdiv
 .text.__eqsf2  0x0000518c       0x50 c:/users/finle/onedrive/documents/gnc2/software/gnc2build/toolchain/arm-none-eabi-gcc/bin/../lib/gcc/arm-none-eabi/12.2.0/thumb/v6-m/nofp\libgcc.a(eqsf2.o)
                0x0000518c                __eqsf2
                0x0000518c                __nesf2
 .text.__gesf2  0x000051dc       0xa0 c:/users/finle/onedrive/documents/gnc2/software/gnc2build/toolchain/arm-none-eabi-gcc/bin/../lib/gcc/arm-none-eabi/12.2.0/thumb/v6-m/nofp\libgcc.a(gesf2.o)
                0x000051dc                __gesf2
                0x000051dc                __gtsf2
 .text.__lesf2  0x0000527c       0x9c c:/users/finle/onedrive/documents/gnc2/software/gnc2build/toolchain/arm-none-eabi-gcc/bin/../lib/gcc/arm-none-eabi/12.2.0/thumb/v6-m/nofp\libgcc.a(lesf2.o)
                0x0000527c                __ltsf2
                0x0000527c                __lesf2
 .text.__aeabi_fmul
                0x00005318      0x27c c:/users/finle/onedrive/documents/gnc2/software/gnc2build/toolchain/arm-none-eabi-gcc/bin/../lib/gcc/arm-none-eabi/12.2.0/thumb/v6-m/nofp\libgcc.a(mulsf3.o)
                0x00005318                __aeabi_fmul
 .text.__aeabi_fsub
                0x00005594      0x324 c:/users/finle/onedrive/documents/gnc2/software/gnc2build/toolchain/arm-none-eabi-gcc/bin/../lib/gcc/arm-none-eabi/12.2.0/thumb/v6-m/nofp\libgcc.a(subsf3.o)
                0x00005594                __aeabi_fsub
 .text.__aeabi_f2iz
                0x000058b8       0x40 c:/users/finle/onedrive/documents/gnc2/software/gnc2build/toolchain/arm-none-eabi-gcc/bin/../lib/gcc/arm-none-eabi/12.2.0/thumb/v6-m/nofp\libgcc.a(fixsfsi.o)
                0x000058b8                __aeabi_f2iz
 .text.__aeabi_i2f
                0x000058f8       0x98 c:/users/finle/onedrive/documents/gnc2/software/gnc2build/toolchain/arm-none-eabi-gcc/bin/../lib/gcc/arm-none-eabi/12.2.0/thumb/v6-m/nofp\libgcc.a(floatsisf.o)
                0x000058f8                __aeabi_i2f
 .text.__aeabi_ui2f
                0x00005990       0x84 c:/users/finle/onedrive/documents/gnc2/software/gnc2build/toolchain/arm-none-eabi-gcc/bin/../lib/gcc/arm-none-eabi/12.2.0/thumb/v6-m/nofp\libgcc.a(floatunsisf.o)
                0x00005990                __aeabi_ui2f
 .text          0x00005a14       0x3c c:/users/finle/onedrive/documents/gnc2/software/gnc2build/toolchain/arm-none-eabi-gcc/bin/../lib/gcc/arm-none-eabi/12.2.0/thumb/v6-m/nofp\libgcc.a(_clzsi2.o)
                0x00005a14                __clzsi2
 .text.memset   0x00005a50       0xa8 c:/users/finle/onedrive/documents/gnc2/software/gnc2build/toolchain/arm-none-eabi-gcc/bin/../lib/gcc/arm-none-eabi/12.2.0/thumb/v6-m/nofp\libc.a(libc_a-memset.o)
                0x00005a50                memset
 .text.__libc_init_array
                0x00005af8       0x48 c:/users/finle/onedrive/documents/gnc2/software/gnc2build/toolchain/arm-none-eabi-gcc/bin/../lib/gcc/arm-none-eabi/12.2.0/thumb/v6-m/nofp\libc.a(libc_a-init.o)
                0x00005af8                __libc_init_array
 .text.__retarget_lock_acquire_recursive
                0x00005b40        0x4 c:/users/finle/onedrive/documents/gnc2/software/gnc2build/toolchain/arm-none-eabi-gcc/bin/../lib/gcc/arm-none-eabi/12.2.0/thumb/v6-m/nofp\libc.a(libc_a-lock.o)
                0x00005b40                __retarget_lock_acquire_recursive
 .text.__retarget_lock_release_recursive
                0x00005b44        0x4 c:/users/finle/onedrive/documents/gnc2/software/gnc2build/toolchain/arm-none-eabi-gcc/bin/../lib/gcc/arm-none-eabi/12.2.0/thumb/v6-m/nofp\libc.a(libc_a-lock.o)
                0x00005b44                __retarget_lock_release_recursive
 .text.memcpy   0x00005b48       0x90 c:/users/finle/onedrive/documents/gnc2/software/gnc2build/toolchain/arm-none-eabi-gcc/bin/../lib/gcc/arm-none-eabi/12.2.0/thumb/v6-m/nofp\libc.a(libc_a-memcpy-stub.o)
                0x00005b48                memcpy
 .text.strlen   0x00005bd8       0x5c c:/users/finle/onedrive/documents/gnc2/software/gnc2build/toolchain/arm-none-eabi-gcc/bin/../lib/gcc/arm-none-eabi/12.2.0/thumb/v6-m/nofp\libc.a(libc_a-strlen-stub.o)
                0x00005bd8                strlen
 .text.startup.register_fini
                0x00005c34       0x18 c:/users/finle/onedrive/documents/gnc2/software/gnc2build/toolchain/arm-none-eabi-gcc/bin/../lib/gcc/arm-none-eabi/12.2.0/thumb/v6-m/nofp\libc.a(libc_a-__call_atexit.o)
 .text.atexit   0x00005c4c       0x10 c:/users/finle/onedrive/documents/gnc2/software/gnc2build/toolchain/arm-none-eabi-gcc/bin/../lib/gcc/arm-none-eabi/12.2.0/thumb/v6-m/nofp\libc.a(libc_a-atexit.o)
                0x00005c4c                atexit
 .text.__libc_fini_array
                0x00005c5c       0x28 c:/users/finle/onedrive/documents/gnc2/software/gnc2build/toolchain/arm-none-eabi-gcc/bin/../lib/gcc/arm-none-eabi/12.2.0/thumb/v6-m/nofp\libc.a(libc_a-fini.o)
                0x00005c5c                __libc_fini_array
 .text.__register_exitproc
                0x00005c84       0xa0 c:/users/finle/onedrive/documents/gnc2/software/gnc2build/toolchain/arm-none-eabi-gcc/bin/../lib/gcc/arm-none-eabi/12.2.0/thumb/v6-m/nofp\libc.a(libc_a-__atexit.o)
                0x00005c84                __register_exitproc
 *(.glue_7t)
 .glue_7t       0x00005d24        0x0 linker stubs
 *(.glue_7)
 .glue_7        0x00005d24        0x0 linker stubs
 *(.rodata .rodata* .gnu.linkonce.r.*)
 .rodata        0x00005d24       0x20 CMakeFiles/GNC0200A.elf.dir/source/comms.c.obj
 .rodata.str1.4
                0x00005d44      0x369 CMakeFiles/GNC0200A.elf.dir/source/globals.c.obj
 *fill*         0x000060ad        0x3 
 .rodata        0x000060b0        0x5 CMakeFiles/GNC0200A.elf.dir/source/global_eeprom.c.obj
 *fill*         0x000060b5        0x3 
 .rodata        0x000060b8       0xbd CMakeFiles/GNC0200A.elf.dir/source/global_ports.c.obj
                0x00006158                uart1_descriptor
                0x00006160                uart2_descriptor
                0x00006168                uart3_descriptor
                0x00006170                uart4_descriptor
 *fill*         0x00006175        0x3 
 .rodata        0x00006178        0xd CMakeFiles/GNC0200A.elf.dir/source/main.c.obj
                0x00006180                dma_spi_desc
 .rodata        0x00006185        0x1 CMakeFiles/GNC0200A.elf.dir/source/util.c.obj
                0x00006185                zero
 *fill*         0x00006186        0x2 
 .rodata        0x00006188      0x100 CMakeFiles/GNC0200A.elf.dir/source/rc_receiver.c.obj
 .rodata        0x00006288       0x20 CMakeFiles/GNC0200A.elf.dir/source/Drivers/pwm.c.obj
 .rodata        0x000062a8       0x30 CMakeFiles/GNC0200A.elf.dir/source/Drivers/usb/usb_requests.c.obj
 .rodata.str1.4
                0x000062d8       0x21 CMakeFiles/GNC0200A.elf.dir/source/Drivers/usb/usb_samd.c.obj
 *fill*         0x000062f9        0x3 
 .rodata.str1.4
                0x000062fc       0x15 CMakeFiles/GNC0200A.elf.dir/source/Drivers/usb/usb.c.obj
 *fill*         0x00006311        0x3 
 .rodata        0x00006314       0x17 CMakeFiles/GNC0200A.elf.dir/source/Drivers/usb/usb.c.obj
                0x00006314                language_string
                0x00006318                device_descriptor
                0x0000632a                usb_num_endpoints
 *fill*         0x0000632b        0x1 
 .rodata.str1.4
                0x0000632c        0xa CMakeFiles/GNC0200A.elf.dir/source/RTOS/rtos_main.c.obj
 *fill*         0x00006336        0x2 
 .rodata        0x00006338       0x1c CMakeFiles/GNC0200A.elf.dir/source/RTOS/rtos_process.c.obj
 .rodata        0x00006354       0x14 CMakeFiles/GNC0200A.elf.dir/source/RTOS/rtos_time.c.obj
 .rodata        0x00006368        0xc CMakeFiles/GNC0200A.elf.dir/source/RTOS/rtos_util.c.obj
                0x00006368                time_ticks_us_mult
                0x0000636c                time_ticks_ms_mult
                0x00006370                time_ticks_s_mult
 .rodata        0x00006374       0x20 CMakeFiles/GNC0200A.elf.dir/C_/Users/finle/OneDrive/Documents/GNC2/software/GNClink/source/gnclink.c.obj
                0x00006374                CRC8_LUT_L
                0x00006384                CRC8_LUT_H
 .rodata.__aeabi_fdiv
                0x00006394       0x7c c:/users/finle/onedrive/documents/gnc2/software/gnc2build/toolchain/arm-none-eabi-gcc/bin/../lib/gcc/arm-none-eabi/12.2.0/thumb/v6-m/nofp\libgcc.a(divsf3.o)
 *(.ARM.extab* .gnu.linkonce.armextab.*)
                0x00006410                        . = ALIGN (0x4)
 *(.init)
 .init          0x00006410        0x4 c:/users/finle/onedrive/documents/gnc2/software/gnc2build/toolchain/arm-none-eabi-gcc/bin/../lib/gcc/arm-none-eabi/12.2.0/thumb/v6-m/nofp/crti.o
                0x00006410                _init
 .init          0x00006414        0x8 c:/users/finle/onedrive/documents/gnc2/software/gnc2build/toolchain/arm-none-eabi-gcc/bin/../lib/gcc/arm-none-eabi/12.2.0/thumb/v6-m/nofp/crtn.o
                0x0000641c                        . = ALIGN (0x4)
                0x0000641c                        __preinit_array_start = .
 *(.preinit_array)
                0x0000641c                        __preinit_array_end = .
                0x0000641c                        . = ALIGN (0x4)
                0x0000641c                        __init_array_start = .
 *(SORT_BY_NAME(.init_array.*))
 .init_array.00000
                0x0000641c        0x4 c:/users/finle/onedrive/documents/gnc2/software/gnc2build/toolchain/arm-none-eabi-gcc/bin/../lib/gcc/arm-none-eabi/12.2.0/thumb/v6-m/nofp\libc.a(libc_a-__call_atexit.o)
 *(.init_array)
 .init_array    0x00006420        0x4 c:/users/finle/onedrive/documents/gnc2/software/gnc2build/toolchain/arm-none-eabi-gcc/bin/../lib/gcc/arm-none-eabi/12.2.0/thumb/v6-m/nofp/crtbegin.o
                0x00006424                        __init_array_end = .
                0x00006424                        . = ALIGN (0x4)
 *crtbegin.o(.ctors)
 *(EXCLUDE_FILE(*crtend.o) .ctors)
 *(SORT_BY_NAME(.ctors.*))
 *crtend.o(.ctors)
                0x00006424                        . = ALIGN (0x4)
 *(.fini)
 .fini          0x00006424        0x4 c:/users/finle/onedrive/documents/gnc2/software/gnc2build/toolchain/arm-none-eabi-gcc/bin/../lib/gcc/arm-none-eabi/12.2.0/thumb/v6-m/nofp/crti.o
                0x00006424                _fini
 .fini          0x00006428        0x8 c:/users/finle/onedrive/documents/gnc2/software/gnc2build/toolchain/arm-none-eabi-gcc/bin/../lib/gcc/arm-none-eabi/12.2.0/thumb/v6-m/nofp/crtn.o
                0x00006430                        . = ALIGN (0x4)
                0x00006430                        __fini_array_start = .
 *(.fini_array)
 .fini_array    0x00006430        0x4 c:/users/finle/onedrive/documents/gnc2/software/gnc2build/toolchain/arm-none-eabi-gcc/bin/../lib/gcc/arm-none-eabi/12.2.0/thumb/v6-m/nofp/crtbegin.o
 *(SORT_BY_NAME(.fini_array.*))
                0x00006434                        __fini_array_end = .
 *crtbegin.o(.dtors)
 *(EXCLUDE_FILE(*crtend.o) .dtors)
 *(SORT_BY_NAME(.dtors.*))
 *crtend.o(.dtors)
                0x00006434                        . = ALIGN (0x4)
                0x00006434                        _efixed = .
                [!provide]                        PROVIDE (__exidx_start = .)

.vfp11_veneer   0x00006434        0x0
 .vfp11_veneer  0x00006434        0x0 linker stubs

.v4_bx          0x00006434        0x0
 .v4_bx         0x00006434        0x0 linker stubs

.iplt           0x00006434        0x0
 .iplt          0x00006434        0x0 c:/users/finle/onedrive/documents/gnc2/software/gnc2build/toolchain/arm-none-eabi-gcc/bin/../lib/gcc/arm-none-eabi/12.2.0/thumb/v6-m/nofp/crtbegin.o

.eh_frame       0x00006434        0x0
 .eh_frame      0x00006434        0x0 c:/users/finle/onedrive/documents/gnc2/software/gnc2build/toolchain/arm-none-eabi-gcc/bin/../lib/gcc/arm-none-eabi/12.2.0/thumb/v6-m/nofp/crtbegin.o

.rel.dyn        0x00006434        0x0
 .rel.iplt      0x00006434        0x0 c:/users/finle/onedrive/documents/gnc2/software/gnc2build/toolchain/arm-none-eabi-gcc/bin/../lib/gcc/arm-none-eabi/12.2.0/thumb/v6-m/nofp/crtbegin.o

.tm_clone_table
                0x00006434        0x0
 .tm_clone_table
                0x00006434        0x0 c:/users/finle/onedrive/documents/gnc2/software/gnc2build/toolchain/arm-none-eabi-gcc/bin/../lib/gcc/arm-none-eabi/12.2.0/thumb/v6-m/nofp/crtbegin.o
 .tm_clone_table
                0x00006434        0x0 c:/users/finle/onedrive/documents/gnc2/software/gnc2build/toolchain/arm-none-eabi-gcc/bin/../lib/gcc/arm-none-eabi/12.2.0/thumb/v6-m/nofp/crtend.o

.igot.plt       0x00006434        0x0
 .igot.plt      0x00006434        0x0 c:/users/finle/onedrive/documents/gnc2/software/gnc2build/toolchain/arm-none-eabi-gcc/bin/../lib/gcc/arm-none-eabi/12.2.0/thumb/v6-m/nofp/crtbegin.o

.ARM.exidx
 *(.ARM.exidx* .gnu.linkonce.armexidx.*)
                [!provide]                        PROVIDE (__exidx_end = .)
                0x00006434                        . = ALIGN (0x4)
                0x00006434                        _etext = .

.relocate       0x20000000      0x100 load address 0x00006434
                0x20000000                        . = ALIGN (0x4)
                0x20000000                        _srelocate = .
 *(.ramfunc .ramfunc.*)
 *(.data .data.*)
 .data          0x20000000       0xa4 CMakeFiles/GNC0200A.elf.dir/source/globals.c.obj
                0x20000000                global_variable_names
 .data          0x200000a4       0x4e CMakeFiles/GNC0200A.elf.dir/source/Drivers/usb/usb.c.obj
                0x200000a4                line_coding
                0x200000ac                full_config
 *fill*         0x200000f2        0x2 
 .data          0x200000f4        0x4 CMakeFiles/GNC0200A.elf.dir/source/RTOS/rtos_time.c.obj
 .data          0x200000f8        0x4 CMakeFiles/GNC0200A.elf.dir/source/RTOSDrivers/rtos_dma.c.obj
 .data.__atexit_recursive_mutex
                0x200000fc        0x4 c:/users/finle/onedrive/documents/gnc2/software/gnc2build/toolchain/arm-none-eabi-gcc/bin/../lib/gcc/arm-none-eabi/12.2.0/thumb/v6-m/nofp\libc.a(libc_a-__call_atexit.o)
                0x200000fc                __atexit_recursive_mutex
                0x20000100                        . = ALIGN (0x4)
                0x20000100                        _erelocate = .

.bss            0x20000100      0x8cc load address 0x00006540
                0x20000100                        . = ALIGN (0x4)
                0x20000100                        _sbss = .
                0x20000100                        _szero = .
 *(.bss .bss.*)
 .bss.completed.1
                0x20000100        0x1 c:/users/finle/onedrive/documents/gnc2/software/gnc2build/toolchain/arm-none-eabi-gcc/bin/../lib/gcc/arm-none-eabi/12.2.0/thumb/v6-m/nofp/crtbegin.o
 *fill*         0x20000101        0x3 
 .bss.object.0  0x20000104       0x18 c:/users/finle/onedrive/documents/gnc2/software/gnc2build/toolchain/arm-none-eabi-gcc/bin/../lib/gcc/arm-none-eabi/12.2.0/thumb/v6-m/nofp/crtbegin.o
 .bss           0x2000011c       0xa8 CMakeFiles/GNC0200A.elf.dir/source/comms.c.obj
                0x2000011c                txpacket
                0x2000015c                rxpacket
                0x2000019c                rxframe
                0x200001b0                txframe
 *fill*         0x200001c4        0x4 
 .bss           0x200001c8       0x70 CMakeFiles/GNC0200A.elf.dir/source/globals.c.obj
                0x200001c8                globals
                0x20000230                __eeprom_header
 .bss           0x20000238        0xb CMakeFiles/GNC0200A.elf.dir/source/global_eeprom.c.obj
                0x20000238                eeprom_desc
 *fill*         0x20000243        0x1 
 .bss           0x20000244       0xa4 CMakeFiles/GNC0200A.elf.dir/source/global_imu.c.obj
                0x20000244                imu_desc
                0x20000250                data_request
                0x20000278                raw_data
                0x20000288                accel_fs_sel
                0x2000028c                gyro_fs_sel
                0x20000290                accel_config_1
                0x20000294                accel_range_request
                0x200002bc                gyro_config_1
                0x200002c0                gyro_range_request
 .bss           0x200002e8       0x2c CMakeFiles/GNC0200A.elf.dir/source/main.c.obj
                0x200002e8                bz
                0x20000310                usb_int_counter
 .bss           0x20000314       0x28 CMakeFiles/GNC0200A.elf.dir/source/navigation.c.obj
                0x20000314                navigation_process
 .bss           0x2000033c       0x8a CMakeFiles/GNC0200A.elf.dir/source/util.c.obj
                0x2000033c                datasink
                0x20000340                spiproc
                0x2000039c                baro_desc
                0x200003b8                flash_desc
 *fill*         0x200003c6        0x2 
 .bss           0x200003c8       0xcc CMakeFiles/GNC0200A.elf.dir/source/rc_receiver.c.obj
                0x200003c8                crsf_cached_buffer
                0x20000408                crsf_channels
                0x20000420                crsf_link_statistics
                0x2000042c                crsf_receive_buffer
                0x2000046c                receiver_process
 *fill*         0x20000494        0x4 
 .bss           0x20000498      0x140 CMakeFiles/GNC0200A.elf.dir/source/Drivers/dma.c.obj
                0x20000498                dma_descriptor_writeback
                0x20000538                dma_descriptor
 .bss           0x200005d8       0x10 CMakeFiles/GNC0200A.elf.dir/source/Drivers/uart.c.obj
                0x200005d8                sercom0_callback
                0x200005dc                sercom1_callback
                0x200005e0                sercom4_callback
                0x200005e4                sercom5_callback
 .bss           0x200005e8       0x94 CMakeFiles/GNC0200A.elf.dir/source/Drivers/usb/usb_requests.c.obj
                0x200005e8                usb_ep0_in_size
                0x200005ec                ep0_buf_in
                0x2000062c                usb_ep0_in_ptr
                0x20000630                usb_setup
                0x20000638                usb_configuration
                0x2000063c                ep0_buf_out
 .bss           0x2000067c       0x48 CMakeFiles/GNC0200A.elf.dir/source/Drivers/usb/usb_serial.c.obj
                0x2000067c                usb_serial_buffer_out
                0x2000069c                usb_tx_busy
                0x200006a0                usb_rx_buffer_length
                0x200006a4                usb_serial_buffer_in
 .bss           0x200006c4       0x84 CMakeFiles/GNC0200A.elf.dir/source/Drivers/usb/usb.c.obj
                0x200006c4                line_state
                0x200006c8                usb_endpoints
 .bss           0x20000748       0x2c CMakeFiles/GNC0200A.elf.dir/source/RTOS/rtos_main.c.obj
                0x20000748                mainproc
                0x2000074c                _mainproc
 .bss           0x20000774       0x50 CMakeFiles/GNC0200A.elf.dir/source/RTOS/rtos_process.c.obj
                0x20000774                current_process
                0x20000778                process_queue_tail
                0x2000077c                process_queue_head
                0x20000780                process_count
                0x20000784                process_queue
 *fill*         0x200007c4        0xc 
 .bss           0x200007d0       0x20 CMakeFiles/GNC0200A.elf.dir/source/RTOSDrivers/dma_spi.c.obj
                0x200007d0                rxdesc2
                0x200007e0                txdesc2
 .bss           0x200007f0       0x44 CMakeFiles/GNC0200A.elf.dir/source/RTOSDrivers/rtos_usb.c.obj
                0x200007f0                usb_interrupt
                0x200007f1                usb_quit
                0x200007f2                usb_send_status
                0x200007f3                usb_read_status
                0x200007f4                usb_send_buffer_count
                0x200007f8                usb_send_bytes_sent
                0x200007fc                usb_send_buffer
                0x20000800                usb_read_buffer
                0x20000804                usb_read_bytes_read
                0x20000808                usb_read_buffer_count
                0x2000080c                usbproc
 .bss.__lock___atexit_recursive_mutex
                0x20000834        0x1 c:/users/finle/onedrive/documents/gnc2/software/gnc2build/toolchain/arm-none-eabi-gcc/bin/../lib/gcc/arm-none-eabi/12.2.0/thumb/v6-m/nofp\libc.a(libc_a-lock.o)
                0x20000834                __lock___atexit_recursive_mutex
 *fill*         0x20000835        0x3 
 .bss.__atexit  0x20000838        0x4 c:/users/finle/onedrive/documents/gnc2/software/gnc2build/toolchain/arm-none-eabi-gcc/bin/../lib/gcc/arm-none-eabi/12.2.0/thumb/v6-m/nofp\libc.a(libc_a-__call_atexit.o)
                0x20000838                __atexit
 .bss.__atexit0
                0x2000083c      0x190 c:/users/finle/onedrive/documents/gnc2/software/gnc2build/toolchain/arm-none-eabi-gcc/bin/../lib/gcc/arm-none-eabi/12.2.0/thumb/v6-m/nofp\libc.a(libc_a-__atexit.o)
                0x2000083c                __atexit0
 *(COMMON)
                0x200009cc                        . = ALIGN (0x4)
                0x200009cc                        _ebss = .
                0x200009cc                        _ezero = .

.stack          0x200009cc     0x2004 load address 0x00006e0c
                0x200009d0                        . = ALIGN (0x8)
 *fill*         0x200009cc        0x4 
                0x200009d0                        _sstack = .
                0x200029d0                        . = (. + STACK_SIZE)
 *fill*         0x200009d0     0x2000 
                0x200029d0                        . = ALIGN (0x8)
                0x200029d0                        _estack = .
                0x200029d0                        . = ALIGN (0x4)
                0x200029d0                        _end = .
OUTPUT(output\GNC0200A.elf elf32-littlearm)
LOAD linker stubs

.ARM.attributes
                0x00000000       0x28
 .ARM.attributes
                0x00000000       0x1e c:/users/finle/onedrive/documents/gnc2/software/gnc2build/toolchain/arm-none-eabi-gcc/bin/../lib/gcc/arm-none-eabi/12.2.0/thumb/v6-m/nofp/crti.o
 .ARM.attributes
                0x0000001e       0x2c c:/users/finle/onedrive/documents/gnc2/software/gnc2build/toolchain/arm-none-eabi-gcc/bin/../lib/gcc/arm-none-eabi/12.2.0/thumb/v6-m/nofp/crtbegin.o
 .ARM.attributes
                0x0000004a       0x2c CMakeFiles/GNC0200A.elf.dir/lib/SAMD21_DFP/samd21d/gcc/gcc/startup_samd21j17d.c.obj
 .ARM.attributes
                0x00000076       0x2c CMakeFiles/GNC0200A.elf.dir/source/comms.c.obj
 .ARM.attributes
                0x000000a2       0x2c CMakeFiles/GNC0200A.elf.dir/source/globals.c.obj
 .ARM.attributes
                0x000000ce       0x2c CMakeFiles/GNC0200A.elf.dir/source/global_eeprom.c.obj
 .ARM.attributes
                0x000000fa       0x2c CMakeFiles/GNC0200A.elf.dir/source/global_imu.c.obj
 .ARM.attributes
                0x00000126       0x2c CMakeFiles/GNC0200A.elf.dir/source/global_ports.c.obj
 .ARM.attributes
                0x00000152       0x2c CMakeFiles/GNC0200A.elf.dir/source/main.c.obj
 .ARM.attributes
                0x0000017e       0x2c CMakeFiles/GNC0200A.elf.dir/source/navigation.c.obj
 .ARM.attributes
                0x000001aa       0x2c CMakeFiles/GNC0200A.elf.dir/source/util.c.obj
 .ARM.attributes
                0x000001d6       0x2c CMakeFiles/GNC0200A.elf.dir/source/rc_receiver.c.obj
 .ARM.attributes
                0x00000202       0x2c CMakeFiles/GNC0200A.elf.dir/source/Drivers/baro_ms56.c.obj
 .ARM.attributes
                0x0000022e       0x2c CMakeFiles/GNC0200A.elf.dir/source/Drivers/dma.c.obj
 .ARM.attributes
                0x0000025a       0x2c CMakeFiles/GNC0200A.elf.dir/source/Drivers/eeprom_cat25.c.obj
 .ARM.attributes
                0x00000286       0x2c CMakeFiles/GNC0200A.elf.dir/source/Drivers/flash_at25.c.obj
 .ARM.attributes
                0x000002b2       0x2c CMakeFiles/GNC0200A.elf.dir/source/Drivers/imu_icm20948.c.obj
 .ARM.attributes
                0x000002de       0x2c CMakeFiles/GNC0200A.elf.dir/source/Drivers/port.c.obj
 .ARM.attributes
                0x0000030a       0x2c CMakeFiles/GNC0200A.elf.dir/source/Drivers/pwm.c.obj
 .ARM.attributes
                0x00000336       0x2c CMakeFiles/GNC0200A.elf.dir/source/Drivers/sercom.c.obj
 .ARM.attributes
                0x00000362       0x2c CMakeFiles/GNC0200A.elf.dir/source/Drivers/spi.c.obj
 .ARM.attributes
                0x0000038e       0x2c CMakeFiles/GNC0200A.elf.dir/source/Drivers/time.c.obj
 .ARM.attributes
                0x000003ba       0x2c CMakeFiles/GNC0200A.elf.dir/source/Drivers/uart.c.obj
 .ARM.attributes
                0x000003e6       0x2c CMakeFiles/GNC0200A.elf.dir/source/Drivers/usb/usb_requests.c.obj
 .ARM.attributes
                0x00000412       0x2c CMakeFiles/GNC0200A.elf.dir/source/Drivers/usb/usb_samd.c.obj
 .ARM.attributes
                0x0000043e       0x2c CMakeFiles/GNC0200A.elf.dir/source/Drivers/usb/usb_serial.c.obj
 .ARM.attributes
                0x0000046a       0x2c CMakeFiles/GNC0200A.elf.dir/source/Drivers/usb/usb.c.obj
 .ARM.attributes
                0x00000496       0x2c CMakeFiles/GNC0200A.elf.dir/source/RTOS/rtos_main.c.obj
 .ARM.attributes
                0x000004c2       0x2c CMakeFiles/GNC0200A.elf.dir/source/RTOS/rtos_preemption.c.obj
 .ARM.attributes
                0x000004ee       0x2c CMakeFiles/GNC0200A.elf.dir/source/RTOS/rtos_process.c.obj
 .ARM.attributes
                0x0000051a       0x2c CMakeFiles/GNC0200A.elf.dir/source/RTOS/rtos_time.c.obj
 .ARM.attributes
                0x00000546       0x2c CMakeFiles/GNC0200A.elf.dir/source/RTOS/rtos_util.c.obj
 .ARM.attributes
                0x00000572       0x2c CMakeFiles/GNC0200A.elf.dir/source/RTOSDrivers/bus_manager.c.obj
 .ARM.attributes
                0x0000059e       0x2c CMakeFiles/GNC0200A.elf.dir/source/RTOSDrivers/dma_eeprom_cat25.c.obj
 .ARM.attributes
                0x000005ca       0x2c CMakeFiles/GNC0200A.elf.dir/source/RTOSDrivers/dma_imu_icm20948.c.obj
 .ARM.attributes
                0x000005f6       0x2c CMakeFiles/GNC0200A.elf.dir/source/RTOSDrivers/dma_spi.c.obj
 .ARM.attributes
                0x00000622       0x2c CMakeFiles/GNC0200A.elf.dir/source/RTOSDrivers/rtos_dma.c.obj
 .ARM.attributes
                0x0000064e       0x2c CMakeFiles/GNC0200A.elf.dir/source/RTOSDrivers/rtos_uart.c.obj
 .ARM.attributes
                0x0000067a       0x2c CMakeFiles/GNC0200A.elf.dir/source/RTOSDrivers/rtos_usb.c.obj
 .ARM.attributes
                0x000006a6       0x2c CMakeFiles/GNC0200A.elf.dir/C_/Users/finle/OneDrive/Documents/GNC2/software/GNClink/source/gnclink.c.obj
 .ARM.attributes
                0x000006d2       0x2c CMakeFiles/GNC0200A.elf.dir/C_/Users/finle/OneDrive/Documents/GNC2/software/FixedPoint/include/source/fixedpoint.c.obj
 .ARM.attributes
                0x000006fe       0x1e c:/users/finle/onedrive/documents/gnc2/software/gnc2build/toolchain/arm-none-eabi-gcc/bin/../lib/gcc/arm-none-eabi/12.2.0/thumb/v6-m/nofp\libgcc.a(_arm_cmpsf2.o)
 .ARM.attributes
                0x0000071c       0x2c c:/users/finle/onedrive/documents/gnc2/software/gnc2build/toolchain/arm-none-eabi-gcc/bin/../lib/gcc/arm-none-eabi/12.2.0/thumb/v6-m/nofp\libgcc.a(_muldi3.o)
 .ARM.attributes
                0x00000748       0x2c c:/users/finle/onedrive/documents/gnc2/software/gnc2build/toolchain/arm-none-eabi-gcc/bin/../lib/gcc/arm-none-eabi/12.2.0/thumb/v6-m/nofp\libgcc.a(_fixunssfsi.o)
 .ARM.attributes
                0x00000774       0x2c c:/users/finle/onedrive/documents/gnc2/software/gnc2build/toolchain/arm-none-eabi-gcc/bin/../lib/gcc/arm-none-eabi/12.2.0/thumb/v6-m/nofp\libgcc.a(addsf3.o)
 .ARM.attributes
                0x000007a0       0x2c c:/users/finle/onedrive/documents/gnc2/software/gnc2build/toolchain/arm-none-eabi-gcc/bin/../lib/gcc/arm-none-eabi/12.2.0/thumb/v6-m/nofp\libgcc.a(divsf3.o)
 .ARM.attributes
                0x000007cc       0x2c c:/users/finle/onedrive/documents/gnc2/software/gnc2build/toolchain/arm-none-eabi-gcc/bin/../lib/gcc/arm-none-eabi/12.2.0/thumb/v6-m/nofp\libgcc.a(eqsf2.o)
 .ARM.attributes
                0x000007f8       0x2c c:/users/finle/onedrive/documents/gnc2/software/gnc2build/toolchain/arm-none-eabi-gcc/bin/../lib/gcc/arm-none-eabi/12.2.0/thumb/v6-m/nofp\libgcc.a(gesf2.o)
 .ARM.attributes
                0x00000824       0x2c c:/users/finle/onedrive/documents/gnc2/software/gnc2build/toolchain/arm-none-eabi-gcc/bin/../lib/gcc/arm-none-eabi/12.2.0/thumb/v6-m/nofp\libgcc.a(lesf2.o)
 .ARM.attributes
                0x00000850       0x2c c:/users/finle/onedrive/documents/gnc2/software/gnc2build/toolchain/arm-none-eabi-gcc/bin/../lib/gcc/arm-none-eabi/12.2.0/thumb/v6-m/nofp\libgcc.a(mulsf3.o)
 .ARM.attributes
                0x0000087c       0x2c c:/users/finle/onedrive/documents/gnc2/software/gnc2build/toolchain/arm-none-eabi-gcc/bin/../lib/gcc/arm-none-eabi/12.2.0/thumb/v6-m/nofp\libgcc.a(subsf3.o)
 .ARM.attributes
                0x000008a8       0x2c c:/users/finle/onedrive/documents/gnc2/software/gnc2build/toolchain/arm-none-eabi-gcc/bin/../lib/gcc/arm-none-eabi/12.2.0/thumb/v6-m/nofp\libgcc.a(fixsfsi.o)
 .ARM.attributes
                0x000008d4       0x2c c:/users/finle/onedrive/documents/gnc2/software/gnc2build/toolchain/arm-none-eabi-gcc/bin/../lib/gcc/arm-none-eabi/12.2.0/thumb/v6-m/nofp\libgcc.a(floatsisf.o)
 .ARM.attributes
                0x00000900       0x2c c:/users/finle/onedrive/documents/gnc2/software/gnc2build/toolchain/arm-none-eabi-gcc/bin/../lib/gcc/arm-none-eabi/12.2.0/thumb/v6-m/nofp\libgcc.a(floatunsisf.o)
 .ARM.attributes
                0x0000092c       0x1e c:/users/finle/onedrive/documents/gnc2/software/gnc2build/toolchain/arm-none-eabi-gcc/bin/../lib/gcc/arm-none-eabi/12.2.0/thumb/v6-m/nofp\libgcc.a(_clzsi2.o)
 .ARM.attributes
                0x0000094a       0x2c c:/users/finle/onedrive/documents/gnc2/software/gnc2build/toolchain/arm-none-eabi-gcc/bin/../lib/gcc/arm-none-eabi/12.2.0/thumb/v6-m/nofp\libc.a(libc_a-memset.o)
 .ARM.attributes
                0x00000976       0x2c c:/users/finle/onedrive/documents/gnc2/software/gnc2build/toolchain/arm-none-eabi-gcc/bin/../lib/gcc/arm-none-eabi/12.2.0/thumb/v6-m/nofp\libc.a(libc_a-init.o)
 .ARM.attributes
                0x000009a2       0x2c c:/users/finle/onedrive/documents/gnc2/software/gnc2build/toolchain/arm-none-eabi-gcc/bin/../lib/gcc/arm-none-eabi/12.2.0/thumb/v6-m/nofp\libc.a(libc_a-lock.o)
 .ARM.attributes
                0x000009ce       0x2c c:/users/finle/onedrive/documents/gnc2/software/gnc2build/toolchain/arm-none-eabi-gcc/bin/../lib/gcc/arm-none-eabi/12.2.0/thumb/v6-m/nofp\libc.a(libc_a-memcpy-stub.o)
 .ARM.attributes
                0x000009fa       0x2c c:/users/finle/onedrive/documents/gnc2/software/gnc2build/toolchain/arm-none-eabi-gcc/bin/../lib/gcc/arm-none-eabi/12.2.0/thumb/v6-m/nofp\libc.a(libc_a-strlen-stub.o)
 .ARM.attributes
                0x00000a26       0x2c c:/users/finle/onedrive/documents/gnc2/software/gnc2build/toolchain/arm-none-eabi-gcc/bin/../lib/gcc/arm-none-eabi/12.2.0/thumb/v6-m/nofp\libc.a(libc_a-__call_atexit.o)
 .ARM.attributes
                0x00000a52       0x2c c:/users/finle/onedrive/documents/gnc2/software/gnc2build/toolchain/arm-none-eabi-gcc/bin/../lib/gcc/arm-none-eabi/12.2.0/thumb/v6-m/nofp\libc.a(libc_a-atexit.o)
 .ARM.attributes
                0x00000a7e       0x2c c:/users/finle/onedrive/documents/gnc2/software/gnc2build/toolchain/arm-none-eabi-gcc/bin/../lib/gcc/arm-none-eabi/12.2.0/thumb/v6-m/nofp\libc.a(libc_a-fini.o)
 .ARM.attributes
                0x00000aaa       0x2c c:/users/finle/onedrive/documents/gnc2/software/gnc2build/toolchain/arm-none-eabi-gcc/bin/../lib/gcc/arm-none-eabi/12.2.0/thumb/v6-m/nofp\libc.a(libc_a-__atexit.o)
 .ARM.attributes
                0x00000ad6       0x2c c:/users/finle/onedrive/documents/gnc2/software/gnc2build/toolchain/arm-none-eabi-gcc/bin/../lib/gcc/arm-none-eabi/12.2.0/thumb/v6-m/nofp/crtend.o
 .ARM.attributes
                0x00000b02       0x1e c:/users/finle/onedrive/documents/gnc2/software/gnc2build/toolchain/arm-none-eabi-gcc/bin/../lib/gcc/arm-none-eabi/12.2.0/thumb/v6-m/nofp/crtn.o

.comment        0x00000000       0x4c
 .comment       0x00000000       0x4c c:/users/finle/onedrive/documents/gnc2/software/gnc2build/toolchain/arm-none-eabi-gcc/bin/../lib/gcc/arm-none-eabi/12.2.0/thumb/v6-m/nofp/crtbegin.o
                                 0x4d (size before relaxing)
 .comment       0x0000004c       0x4d CMakeFiles/GNC0200A.elf.dir/lib/SAMD21_DFP/samd21d/gcc/gcc/startup_samd21j17d.c.obj
 .comment       0x0000004c       0x4d CMakeFiles/GNC0200A.elf.dir/source/comms.c.obj
 .comment       0x0000004c       0x4d CMakeFiles/GNC0200A.elf.dir/source/globals.c.obj
 .comment       0x0000004c       0x4d CMakeFiles/GNC0200A.elf.dir/source/global_eeprom.c.obj
 .comment       0x0000004c       0x4d CMakeFiles/GNC0200A.elf.dir/source/global_imu.c.obj
 .comment       0x0000004c       0x4d CMakeFiles/GNC0200A.elf.dir/source/global_ports.c.obj
 .comment       0x0000004c       0x4d CMakeFiles/GNC0200A.elf.dir/source/main.c.obj
 .comment       0x0000004c       0x4d CMakeFiles/GNC0200A.elf.dir/source/navigation.c.obj
 .comment       0x0000004c       0x4d CMakeFiles/GNC0200A.elf.dir/source/util.c.obj
 .comment       0x0000004c       0x4d CMakeFiles/GNC0200A.elf.dir/source/rc_receiver.c.obj
 .comment       0x0000004c       0x4d CMakeFiles/GNC0200A.elf.dir/source/Drivers/baro_ms56.c.obj
 .comment       0x0000004c       0x4d CMakeFiles/GNC0200A.elf.dir/source/Drivers/dma.c.obj
 .comment       0x0000004c       0x4d CMakeFiles/GNC0200A.elf.dir/source/Drivers/eeprom_cat25.c.obj
 .comment       0x0000004c       0x4d CMakeFiles/GNC0200A.elf.dir/source/Drivers/flash_at25.c.obj
 .comment       0x0000004c       0x4d CMakeFiles/GNC0200A.elf.dir/source/Drivers/imu_icm20948.c.obj
 .comment       0x0000004c       0x4d CMakeFiles/GNC0200A.elf.dir/source/Drivers/port.c.obj
 .comment       0x0000004c       0x4d CMakeFiles/GNC0200A.elf.dir/source/Drivers/pwm.c.obj
 .comment       0x0000004c       0x4d CMakeFiles/GNC0200A.elf.dir/source/Drivers/sercom.c.obj
 .comment       0x0000004c       0x4d CMakeFiles/GNC0200A.elf.dir/source/Drivers/spi.c.obj
 .comment       0x0000004c       0x4d CMakeFiles/GNC0200A.elf.dir/source/Drivers/time.c.obj
 .comment       0x0000004c       0x4d CMakeFiles/GNC0200A.elf.dir/source/Drivers/uart.c.obj
 .comment       0x0000004c       0x4d CMakeFiles/GNC0200A.elf.dir/source/Drivers/usb/usb_requests.c.obj
 .comment       0x0000004c       0x4d CMakeFiles/GNC0200A.elf.dir/source/Drivers/usb/usb_samd.c.obj
 .comment       0x0000004c       0x4d CMakeFiles/GNC0200A.elf.dir/source/Drivers/usb/usb_serial.c.obj
 .comment       0x0000004c       0x4d CMakeFiles/GNC0200A.elf.dir/source/Drivers/usb/usb.c.obj
 .comment       0x0000004c       0x4d CMakeFiles/GNC0200A.elf.dir/source/RTOS/rtos_main.c.obj
 .comment       0x0000004c       0x4d CMakeFiles/GNC0200A.elf.dir/source/RTOS/rtos_preemption.c.obj
 .comment       0x0000004c       0x4d CMakeFiles/GNC0200A.elf.dir/source/RTOS/rtos_process.c.obj
 .comment       0x0000004c       0x4d CMakeFiles/GNC0200A.elf.dir/source/RTOS/rtos_time.c.obj
 .comment       0x0000004c       0x4d CMakeFiles/GNC0200A.elf.dir/source/RTOS/rtos_util.c.obj
 .comment       0x0000004c       0x4d CMakeFiles/GNC0200A.elf.dir/source/RTOSDrivers/bus_manager.c.obj
 .comment       0x0000004c       0x4d CMakeFiles/GNC0200A.elf.dir/source/RTOSDrivers/dma_eeprom_cat25.c.obj
 .comment       0x0000004c       0x4d CMakeFiles/GNC0200A.elf.dir/source/RTOSDrivers/dma_imu_icm20948.c.obj
 .comment       0x0000004c       0x4d CMakeFiles/GNC0200A.elf.dir/source/RTOSDrivers/dma_spi.c.obj
 .comment       0x0000004c       0x4d CMakeFiles/GNC0200A.elf.dir/source/RTOSDrivers/rtos_dma.c.obj
 .comment       0x0000004c       0x4d CMakeFiles/GNC0200A.elf.dir/source/RTOSDrivers/rtos_uart.c.obj
 .comment       0x0000004c       0x4d CMakeFiles/GNC0200A.elf.dir/source/RTOSDrivers/rtos_usb.c.obj
 .comment       0x0000004c       0x4d CMakeFiles/GNC0200A.elf.dir/C_/Users/finle/OneDrive/Documents/GNC2/software/GNClink/source/gnclink.c.obj
 .comment       0x0000004c       0x4d CMakeFiles/GNC0200A.elf.dir/C_/Users/finle/OneDrive/Documents/GNC2/software/FixedPoint/include/source/fixedpoint.c.obj
 .comment       0x0000004c       0x4d c:/users/finle/onedrive/documents/gnc2/software/gnc2build/toolchain/arm-none-eabi-gcc/bin/../lib/gcc/arm-none-eabi/12.2.0/thumb/v6-m/nofp\libgcc.a(_muldi3.o)
 .comment       0x0000004c       0x4d c:/users/finle/onedrive/documents/gnc2/software/gnc2build/toolchain/arm-none-eabi-gcc/bin/../lib/gcc/arm-none-eabi/12.2.0/thumb/v6-m/nofp\libgcc.a(_fixunssfsi.o)
 .comment       0x0000004c       0x4d c:/users/finle/onedrive/documents/gnc2/software/gnc2build/toolchain/arm-none-eabi-gcc/bin/../lib/gcc/arm-none-eabi/12.2.0/thumb/v6-m/nofp\libgcc.a(addsf3.o)
 .comment       0x0000004c       0x4d c:/users/finle/onedrive/documents/gnc2/software/gnc2build/toolchain/arm-none-eabi-gcc/bin/../lib/gcc/arm-none-eabi/12.2.0/thumb/v6-m/nofp\libgcc.a(divsf3.o)
 .comment       0x0000004c       0x4d c:/users/finle/onedrive/documents/gnc2/software/gnc2build/toolchain/arm-none-eabi-gcc/bin/../lib/gcc/arm-none-eabi/12.2.0/thumb/v6-m/nofp\libgcc.a(eqsf2.o)
 .comment       0x0000004c       0x4d c:/users/finle/onedrive/documents/gnc2/software/gnc2build/toolchain/arm-none-eabi-gcc/bin/../lib/gcc/arm-none-eabi/12.2.0/thumb/v6-m/nofp\libgcc.a(gesf2.o)
 .comment       0x0000004c       0x4d c:/users/finle/onedrive/documents/gnc2/software/gnc2build/toolchain/arm-none-eabi-gcc/bin/../lib/gcc/arm-none-eabi/12.2.0/thumb/v6-m/nofp\libgcc.a(lesf2.o)
 .comment       0x0000004c       0x4d c:/users/finle/onedrive/documents/gnc2/software/gnc2build/toolchain/arm-none-eabi-gcc/bin/../lib/gcc/arm-none-eabi/12.2.0/thumb/v6-m/nofp\libgcc.a(mulsf3.o)
 .comment       0x0000004c       0x4d c:/users/finle/onedrive/documents/gnc2/software/gnc2build/toolchain/arm-none-eabi-gcc/bin/../lib/gcc/arm-none-eabi/12.2.0/thumb/v6-m/nofp\libgcc.a(subsf3.o)
 .comment       0x0000004c       0x4d c:/users/finle/onedrive/documents/gnc2/software/gnc2build/toolchain/arm-none-eabi-gcc/bin/../lib/gcc/arm-none-eabi/12.2.0/thumb/v6-m/nofp\libgcc.a(fixsfsi.o)
 .comment       0x0000004c       0x4d c:/users/finle/onedrive/documents/gnc2/software/gnc2build/toolchain/arm-none-eabi-gcc/bin/../lib/gcc/arm-none-eabi/12.2.0/thumb/v6-m/nofp\libgcc.a(floatsisf.o)
 .comment       0x0000004c       0x4d c:/users/finle/onedrive/documents/gnc2/software/gnc2build/toolchain/arm-none-eabi-gcc/bin/../lib/gcc/arm-none-eabi/12.2.0/thumb/v6-m/nofp\libgcc.a(floatunsisf.o)
 .comment       0x0000004c       0x4d c:/users/finle/onedrive/documents/gnc2/software/gnc2build/toolchain/arm-none-eabi-gcc/bin/../lib/gcc/arm-none-eabi/12.2.0/thumb/v6-m/nofp\libc.a(libc_a-memset.o)
 .comment       0x0000004c       0x4d c:/users/finle/onedrive/documents/gnc2/software/gnc2build/toolchain/arm-none-eabi-gcc/bin/../lib/gcc/arm-none-eabi/12.2.0/thumb/v6-m/nofp\libc.a(libc_a-init.o)
 .comment       0x0000004c       0x4d c:/users/finle/onedrive/documents/gnc2/software/gnc2build/toolchain/arm-none-eabi-gcc/bin/../lib/gcc/arm-none-eabi/12.2.0/thumb/v6-m/nofp\libc.a(libc_a-lock.o)
 .comment       0x0000004c       0x4d c:/users/finle/onedrive/documents/gnc2/software/gnc2build/toolchain/arm-none-eabi-gcc/bin/../lib/gcc/arm-none-eabi/12.2.0/thumb/v6-m/nofp\libc.a(libc_a-memcpy-stub.o)
 .comment       0x0000004c       0x4d c:/users/finle/onedrive/documents/gnc2/software/gnc2build/toolchain/arm-none-eabi-gcc/bin/../lib/gcc/arm-none-eabi/12.2.0/thumb/v6-m/nofp\libc.a(libc_a-strlen-stub.o)
 .comment       0x0000004c       0x4d c:/users/finle/onedrive/documents/gnc2/software/gnc2build/toolchain/arm-none-eabi-gcc/bin/../lib/gcc/arm-none-eabi/12.2.0/thumb/v6-m/nofp\libc.a(libc_a-__call_atexit.o)
 .comment       0x0000004c       0x4d c:/users/finle/onedrive/documents/gnc2/software/gnc2build/toolchain/arm-none-eabi-gcc/bin/../lib/gcc/arm-none-eabi/12.2.0/thumb/v6-m/nofp\libc.a(libc_a-atexit.o)
 .comment       0x0000004c       0x4d c:/users/finle/onedrive/documents/gnc2/software/gnc2build/toolchain/arm-none-eabi-gcc/bin/../lib/gcc/arm-none-eabi/12.2.0/thumb/v6-m/nofp\libc.a(libc_a-fini.o)
 .comment       0x0000004c       0x4d c:/users/finle/onedrive/documents/gnc2/software/gnc2build/toolchain/arm-none-eabi-gcc/bin/../lib/gcc/arm-none-eabi/12.2.0/thumb/v6-m/nofp\libc.a(libc_a-__atexit.o)
 .comment       0x0000004c       0x4d c:/users/finle/onedrive/documents/gnc2/software/gnc2build/toolchain/arm-none-eabi-gcc/bin/../lib/gcc/arm-none-eabi/12.2.0/thumb/v6-m/nofp/crtend.o

.debug_info     0x00000000    0x1dd76
 .debug_info    0x00000000      0x439 CMakeFiles/GNC0200A.elf.dir/lib/SAMD21_DFP/samd21d/gcc/gcc/startup_samd21j17d.c.obj
 .debug_info    0x00000439     0x110f CMakeFiles/GNC0200A.elf.dir/source/comms.c.obj
 .debug_info    0x00001548      0xcc5 CMakeFiles/GNC0200A.elf.dir/source/globals.c.obj
 .debug_info    0x0000220d      0xd8c CMakeFiles/GNC0200A.elf.dir/source/global_eeprom.c.obj
 .debug_info    0x00002f99     0x1300 CMakeFiles/GNC0200A.elf.dir/source/global_imu.c.obj
 .debug_info    0x00004299     0x128f CMakeFiles/GNC0200A.elf.dir/source/global_ports.c.obj
 .debug_info    0x00005528     0x17d0 CMakeFiles/GNC0200A.elf.dir/source/main.c.obj
 .debug_info    0x00006cf8      0x511 CMakeFiles/GNC0200A.elf.dir/source/navigation.c.obj
 .debug_info    0x00007209      0xb7c CMakeFiles/GNC0200A.elf.dir/source/util.c.obj
 .debug_info    0x00007d85      0x951 CMakeFiles/GNC0200A.elf.dir/source/rc_receiver.c.obj
 .debug_info    0x000086d6      0xcfe CMakeFiles/GNC0200A.elf.dir/source/Drivers/baro_ms56.c.obj
 .debug_info    0x000093d4      0x7eb CMakeFiles/GNC0200A.elf.dir/source/Drivers/dma.c.obj
 .debug_info    0x00009bbf      0xf23 CMakeFiles/GNC0200A.elf.dir/source/Drivers/eeprom_cat25.c.obj
 .debug_info    0x0000aae2      0xaa9 CMakeFiles/GNC0200A.elf.dir/source/Drivers/flash_at25.c.obj
 .debug_info    0x0000b58b     0x1142 CMakeFiles/GNC0200A.elf.dir/source/Drivers/imu_icm20948.c.obj
 .debug_info    0x0000c6cd      0x423 CMakeFiles/GNC0200A.elf.dir/source/Drivers/port.c.obj
 .debug_info    0x0000caf0      0xb6c CMakeFiles/GNC0200A.elf.dir/source/Drivers/pwm.c.obj
 .debug_info    0x0000d65c      0xa3a CMakeFiles/GNC0200A.elf.dir/source/Drivers/sercom.c.obj
 .debug_info    0x0000e096      0x9ae CMakeFiles/GNC0200A.elf.dir/source/Drivers/spi.c.obj
 .debug_info    0x0000ea44      0xdbd CMakeFiles/GNC0200A.elf.dir/source/Drivers/time.c.obj
 .debug_info    0x0000f801      0xece CMakeFiles/GNC0200A.elf.dir/source/Drivers/uart.c.obj
 .debug_info    0x000106cf      0x84c CMakeFiles/GNC0200A.elf.dir/source/Drivers/usb/usb_requests.c.obj
 .debug_info    0x00010f1b     0x12a6 CMakeFiles/GNC0200A.elf.dir/source/Drivers/usb/usb_samd.c.obj
 .debug_info    0x000121c1      0x3a9 CMakeFiles/GNC0200A.elf.dir/source/Drivers/usb/usb_serial.c.obj
 .debug_info    0x0001256a      0xb54 CMakeFiles/GNC0200A.elf.dir/source/Drivers/usb/usb.c.obj
 .debug_info    0x000130be      0x47f CMakeFiles/GNC0200A.elf.dir/source/RTOS/rtos_main.c.obj
 .debug_info    0x0001353d      0x233 CMakeFiles/GNC0200A.elf.dir/source/RTOS/rtos_preemption.c.obj
 .debug_info    0x00013770      0x9a9 CMakeFiles/GNC0200A.elf.dir/source/RTOS/rtos_process.c.obj
 .debug_info    0x00014119      0x2db CMakeFiles/GNC0200A.elf.dir/source/RTOS/rtos_time.c.obj
 .debug_info    0x000143f4       0xcd CMakeFiles/GNC0200A.elf.dir/source/RTOS/rtos_util.c.obj
 .debug_info    0x000144c1      0xf27 CMakeFiles/GNC0200A.elf.dir/source/RTOSDrivers/bus_manager.c.obj
 .debug_info    0x000153e8     0x1341 CMakeFiles/GNC0200A.elf.dir/source/RTOSDrivers/dma_eeprom_cat25.c.obj
 .debug_info    0x00016729     0x178f CMakeFiles/GNC0200A.elf.dir/source/RTOSDrivers/dma_imu_icm20948.c.obj
 .debug_info    0x00017eb8      0xafa CMakeFiles/GNC0200A.elf.dir/source/RTOSDrivers/dma_spi.c.obj
 .debug_info    0x000189b2      0x5a6 CMakeFiles/GNC0200A.elf.dir/source/RTOSDrivers/rtos_dma.c.obj
 .debug_info    0x00018f58      0xd47 CMakeFiles/GNC0200A.elf.dir/source/RTOSDrivers/rtos_uart.c.obj
 .debug_info    0x00019c9f      0x954 CMakeFiles/GNC0200A.elf.dir/source/RTOSDrivers/rtos_usb.c.obj
 .debug_info    0x0001a5f3      0x741 CMakeFiles/GNC0200A.elf.dir/C_/Users/finle/OneDrive/Documents/GNC2/software/GNClink/source/gnclink.c.obj
 .debug_info    0x0001ad34      0x10a CMakeFiles/GNC0200A.elf.dir/C_/Users/finle/OneDrive/Documents/GNC2/software/FixedPoint/include/source/fixedpoint.c.obj
 .debug_info    0x0001ae3e       0x75 c:/users/finle/onedrive/documents/gnc2/software/gnc2build/toolchain/arm-none-eabi-gcc/bin/../lib/gcc/arm-none-eabi/12.2.0/thumb/v6-m/nofp\libgcc.a(_arm_cmpsf2.o)
 .debug_info    0x0001aeb3      0x420 c:/users/finle/onedrive/documents/gnc2/software/gnc2build/toolchain/arm-none-eabi-gcc/bin/../lib/gcc/arm-none-eabi/12.2.0/thumb/v6-m/nofp\libgcc.a(_muldi3.o)
 .debug_info    0x0001b2d3      0x330 c:/users/finle/onedrive/documents/gnc2/software/gnc2build/toolchain/arm-none-eabi-gcc/bin/../lib/gcc/arm-none-eabi/12.2.0/thumb/v6-m/nofp\libgcc.a(_fixunssfsi.o)
 .debug_info    0x0001b603      0x30d c:/users/finle/onedrive/documents/gnc2/software/gnc2build/toolchain/arm-none-eabi-gcc/bin/../lib/gcc/arm-none-eabi/12.2.0/thumb/v6-m/nofp\libgcc.a(addsf3.o)
 .debug_info    0x0001b910      0x33b c:/users/finle/onedrive/documents/gnc2/software/gnc2build/toolchain/arm-none-eabi-gcc/bin/../lib/gcc/arm-none-eabi/12.2.0/thumb/v6-m/nofp\libgcc.a(divsf3.o)
 .debug_info    0x0001bc4b      0x20b c:/users/finle/onedrive/documents/gnc2/software/gnc2build/toolchain/arm-none-eabi-gcc/bin/../lib/gcc/arm-none-eabi/12.2.0/thumb/v6-m/nofp\libgcc.a(eqsf2.o)
 .debug_info    0x0001be56      0x231 c:/users/finle/onedrive/documents/gnc2/software/gnc2build/toolchain/arm-none-eabi-gcc/bin/../lib/gcc/arm-none-eabi/12.2.0/thumb/v6-m/nofp\libgcc.a(gesf2.o)
 .debug_info    0x0001c087      0x225 c:/users/finle/onedrive/documents/gnc2/software/gnc2build/toolchain/arm-none-eabi-gcc/bin/../lib/gcc/arm-none-eabi/12.2.0/thumb/v6-m/nofp\libgcc.a(lesf2.o)
 .debug_info    0x0001c2ac      0x3b0 c:/users/finle/onedrive/documents/gnc2/software/gnc2build/toolchain/arm-none-eabi-gcc/bin/../lib/gcc/arm-none-eabi/12.2.0/thumb/v6-m/nofp\libgcc.a(mulsf3.o)
 .debug_info    0x0001c65c      0x328 c:/users/finle/onedrive/documents/gnc2/software/gnc2build/toolchain/arm-none-eabi-gcc/bin/../lib/gcc/arm-none-eabi/12.2.0/thumb/v6-m/nofp\libgcc.a(subsf3.o)
 .debug_info    0x0001c984      0x1a8 c:/users/finle/onedrive/documents/gnc2/software/gnc2build/toolchain/arm-none-eabi-gcc/bin/../lib/gcc/arm-none-eabi/12.2.0/thumb/v6-m/nofp\libgcc.a(fixsfsi.o)
 .debug_info    0x0001cb2c      0x22a c:/users/finle/onedrive/documents/gnc2/software/gnc2build/toolchain/arm-none-eabi-gcc/bin/../lib/gcc/arm-none-eabi/12.2.0/thumb/v6-m/nofp\libgcc.a(floatsisf.o)
 .debug_info    0x0001cd56      0x21f c:/users/finle/onedrive/documents/gnc2/software/gnc2build/toolchain/arm-none-eabi-gcc/bin/../lib/gcc/arm-none-eabi/12.2.0/thumb/v6-m/nofp\libgcc.a(floatunsisf.o)