Archive member included to satisfy reference by file (symbol)

c:/users/finle/onedrive/documents/gnc2/software/gnc2build/toolchain/arm-none-eabi-gcc/bin/../lib/gcc/arm-none-eabi/12.2.0/thumb/v6-m/nofp\libgcc.a(_arm_cmpsf2.o)
                              CMakeFiles/GNC0200A.elf.dir/source/Drivers/pwm.c.obj (__aeabi_fcmplt)
c:/users/finle/onedrive/documents/gnc2/software/gnc2build/toolchain/arm-none-eabi-gcc/bin/../lib/gcc/arm-none-eabi/12.2.0/thumb/v6-m/nofp\libgcc.a(_muldi3.o)
                              CMakeFiles/GNC0200A.elf.dir/C_/Users/finle/OneDrive/Documents/GNC2/software/FixedPoint/include/source/fixedpoint.c.obj (__aeabi_lmul)
c:/users/finle/onedrive/documents/gnc2/software/gnc2build/toolchain/arm-none-eabi-gcc/bin/../lib/gcc/arm-none-eabi/12.2.0/thumb/v6-m/nofp\libgcc.a(_fixunssfsi.o)
                              CMakeFiles/GNC0200A.elf.dir/source/Drivers/pwm.c.obj (__aeabi_f2uiz)
c:/users/finle/onedrive/documents/gnc2/software/gnc2build/toolchain/arm-none-eabi-gcc/bin/../lib/gcc/arm-none-eabi/12.2.0/thumb/v6-m/nofp\libgcc.a(addsf3.o)
                              CMakeFiles/GNC0200A.elf.dir/source/RTOSDrivers/dma_baro_ms56.c.obj (__aeabi_fadd)
c:/users/finle/onedrive/documents/gnc2/software/gnc2build/toolchain/arm-none-eabi-gcc/bin/../lib/gcc/arm-none-eabi/12.2.0/thumb/v6-m/nofp\libgcc.a(divsf3.o)
                              CMakeFiles/GNC0200A.elf.dir/source/Drivers/pwm.c.obj (__aeabi_fdiv)
c:/users/finle/onedrive/documents/gnc2/software/gnc2build/toolchain/arm-none-eabi-gcc/bin/../lib/gcc/arm-none-eabi/12.2.0/thumb/v6-m/nofp\libgcc.a(eqsf2.o)
                              c:/users/finle/onedrive/documents/gnc2/software/gnc2build/toolchain/arm-none-eabi-gcc/bin/../lib/gcc/arm-none-eabi/12.2.0/thumb/v6-m/nofp\libgcc.a(_arm_cmpsf2.o) (__eqsf2)
c:/users/finle/onedrive/documents/gnc2/software/gnc2build/toolchain/arm-none-eabi-gcc/bin/../lib/gcc/arm-none-eabi/12.2.0/thumb/v6-m/nofp\libgcc.a(gesf2.o)
                              c:/users/finle/onedrive/documents/gnc2/software/gnc2build/toolchain/arm-none-eabi-gcc/bin/../lib/gcc/arm-none-eabi/12.2.0/thumb/v6-m/nofp\libgcc.a(_arm_cmpsf2.o) (__gesf2)
c:/users/finle/onedrive/documents/gnc2/software/gnc2build/toolchain/arm-none-eabi-gcc/bin/../lib/gcc/arm-none-eabi/12.2.0/thumb/v6-m/nofp\libgcc.a(lesf2.o)
                              c:/users/finle/onedrive/documents/gnc2/software/gnc2build/toolchain/arm-none-eabi-gcc/bin/../lib/gcc/arm-none-eabi/12.2.0/thumb/v6-m/nofp\libgcc.a(_arm_cmpsf2.o) (__lesf2)
c:/users/finle/onedrive/documents/gnc2/software/gnc2build/toolchain/arm-none-eabi-gcc/bin/../lib/gcc/arm-none-eabi/12.2.0/thumb/v6-m/nofp\libgcc.a(mulsf3.o)
                              CMakeFiles/GNC0200A.elf.dir/source/Drivers/pwm.c.obj (__aeabi_fmul)
c:/users/finle/onedrive/documents/gnc2/software/gnc2build/toolchain/arm-none-eabi-gcc/bin/../lib/gcc/arm-none-eabi/12.2.0/thumb/v6-m/nofp\libgcc.a(subsf3.o)
                              CMakeFiles/GNC0200A.elf.dir/source/Drivers/spi.c.obj (__aeabi_fsub)
c:/users/finle/onedrive/documents/gnc2/software/gnc2build/toolchain/arm-none-eabi-gcc/bin/../lib/gcc/arm-none-eabi/12.2.0/thumb/v6-m/nofp\libgcc.a(fixsfsi.o)
                              c:/users/finle/onedrive/documents/gnc2/software/gnc2build/toolchain/arm-none-eabi-gcc/bin/../lib/gcc/arm-none-eabi/12.2.0/thumb/v6-m/nofp\libgcc.a(_fixunssfsi.o) (__aeabi_f2iz)
c:/users/finle/onedrive/documents/gnc2/software/gnc2build/toolchain/arm-none-eabi-gcc/bin/../lib/gcc/arm-none-eabi/12.2.0/thumb/v6-m/nofp\libgcc.a(floatsisf.o)
                              CMakeFiles/GNC0200A.elf.dir/source/Drivers/pwm.c.obj (__aeabi_i2f)
c:/users/finle/onedrive/documents/gnc2/software/gnc2build/toolchain/arm-none-eabi-gcc/bin/../lib/gcc/arm-none-eabi/12.2.0/thumb/v6-m/nofp\libgcc.a(floatunsisf.o)
                              CMakeFiles/GNC0200A.elf.dir/source/Drivers/pwm.c.obj (__aeabi_ui2f)
c:/users/finle/onedrive/documents/gnc2/software/gnc2build/toolchain/arm-none-eabi-gcc/bin/../lib/gcc/arm-none-eabi/12.2.0/thumb/v6-m/nofp\libgcc.a(_clzsi2.o)
                              c:/users/finle/onedrive/documents/gnc2/software/gnc2build/toolchain/arm-none-eabi-gcc/bin/../lib/gcc/arm-none-eabi/12.2.0/thumb/v6-m/nofp\libgcc.a(addsf3.o) (__clzsi2)
c:/users/finle/onedrive/documents/gnc2/software/gnc2build/toolchain/arm-none-eabi-gcc/bin/../lib/gcc/arm-none-eabi/12.2.0/thumb/v6-m/nofp\libc.a(libc_a-exit.o)
                              c:/users/finle/onedrive/documents/gnc2/software/gnc2build/toolchain/arm-none-eabi-gcc/bin/../lib/gcc/arm-none-eabi/12.2.0/thumb/v6-m/nofp/crt0.o (exit)
c:/users/finle/onedrive/documents/gnc2/software/gnc2build/toolchain/arm-none-eabi-gcc/bin/../lib/gcc/arm-none-eabi/12.2.0/thumb/v6-m/nofp\libc.a(libc_a-findfp.o)
                              c:/users/finle/onedrive/documents/gnc2/software/gnc2build/toolchain/arm-none-eabi-gcc/bin/../lib/gcc/arm-none-eabi/12.2.0/thumb/v6-m/nofp\libc.a(libc_a-exit.o) (__stdio_exit_handler)
[...]
Memory Configuration

Name             Origin             Length             Attributes
rom              0x00000000         0x00020000         xr
ram              0x20000000         0x00004000         xrw
*default*        0x00000000         0xffffffff

Linker script and memory map

LOAD c:/users/finle/onedrive/documents/gnc2/software/gnc2build/toolchain/arm-none-eabi-gcc/bin/../lib/gcc/arm-none-eabi/12.2.0/thumb/v6-m/nofp/crti.o
LOAD c:/users/finle/onedrive/documents/gnc2/software/gnc2build/toolchain/arm-none-eabi-gcc/bin/../lib/gcc/arm-none-eabi/12.2.0/thumb/v6-m/nofp/crtbegin.o
LOAD c:/users/finle/onedrive/documents/gnc2/software/gnc2build/toolchain/arm-none-eabi-gcc/bin/../lib/gcc/arm-none-eabi/12.2.0/thumb/v6-m/nofp/crt0.o
LOAD CMakeFiles/GNC0200A.elf.dir/lib/SAMD21_DFP/samd21d/gcc/system_samd21j17d.c.obj
LOAD CMakeFiles/GNC0200A.elf.dir/lib/SAMD21_DFP/samd21d/gcc/gcc/startup_samd21j17d.c.obj
LOAD CMakeFiles/GNC0200A.elf.dir/source/comms.c.obj
LOAD CMakeFiles/GNC0200A.elf.dir/source/globals.c.obj
LOAD CMakeFiles/GNC0200A.elf.dir/source/global_eeprom.c.obj
LOAD CMakeFiles/GNC0200A.elf.dir/source/global_imu.c.obj
LOAD CMakeFiles/GNC0200A.elf.dir/source/global_ports.c.obj
LOAD CMakeFiles/GNC0200A.elf.dir/source/main.c.obj
LOAD CMakeFiles/GNC0200A.elf.dir/source/navigation.c.obj
LOAD CMakeFiles/GNC0200A.elf.dir/source/util.c.obj
LOAD CMakeFiles/GNC0200A.elf.dir/source/Drivers/baro_ms56.c.obj
LOAD CMakeFiles/GNC0200A.elf.dir/source/Drivers/dma.c.obj
LOAD CMakeFiles/GNC0200A.elf.dir/source/Drivers/eeprom_cat25.c.obj
LOAD CMakeFiles/GNC0200A.elf.dir/source/Drivers/flash_at25.c.obj
LOAD CMakeFiles/GNC0200A.elf.dir/source/Drivers/imu_icm20948.c.obj
LOAD CMakeFiles/GNC0200A.elf.dir/source/Drivers/port.c.obj
LOAD CMakeFiles/GNC0200A.elf.dir/source/Drivers/pwm.c.obj
LOAD CMakeFiles/GNC0200A.elf.dir/source/Drivers/sercom.c.obj
LOAD CMakeFiles/GNC0200A.elf.dir/source/Drivers/spi.c.obj
LOAD CMakeFiles/GNC0200A.elf.dir/source/Drivers/time.c.obj
LOAD CMakeFiles/GNC0200A.elf.dir/source/Drivers/uart.c.obj
LOAD CMakeFiles/GNC0200A.elf.dir/source/Drivers/usb/usb_requests.c.obj
LOAD CMakeFiles/GNC0200A.elf.dir/source/Drivers/usb/usb_samd.c.obj
LOAD CMakeFiles/GNC0200A.elf.dir/source/Drivers/usb/usb_serial.c.obj
LOAD CMakeFiles/GNC0200A.elf.dir/source/Drivers/usb/usb.c.obj
LOAD CMakeFiles/GNC0200A.elf.dir/source/RTOS/rtos_main.c.obj
LOAD CMakeFiles/GNC0200A.elf.dir/source/RTOS/rtos_preemption.c.obj
LOAD CMakeFiles/GNC0200A.elf.dir/source/RTOS/rtos_process.c.obj
LOAD CMakeFiles/GNC0200A.elf.dir/source/RTOS/rtos_time.c.obj
LOAD CMakeFiles/GNC0200A.elf.dir/source/RTOS/rtos_util.c.obj
LOAD CMakeFiles/GNC0200A.elf.dir/source/RTOSDrivers/bus_manager.c.obj
LOAD CMakeFiles/GNC0200A.elf.dir/source/RTOSDrivers/dma_baro_ms56.c.obj
LOAD CMakeFiles/GNC0200A.elf.dir/source/RTOSDrivers/dma_eeprom_cat25.c.obj
LOAD CMakeFiles/GNC0200A.elf.dir/source/RTOSDrivers/dma_flash_at25.c.obj
LOAD CMakeFiles/GNC0200A.elf.dir/source/RTOSDrivers/dma_imu_icm20948.c.obj
LOAD CMakeFiles/GNC0200A.elf.dir/source/RTOSDrivers/dma_spi.c.obj
LOAD CMakeFiles/GNC0200A.elf.dir/source/RTOSDrivers/rtos_dma.c.obj
LOAD CMakeFiles/GNC0200A.elf.dir/source/RTOSDrivers/rtos_uart.c.obj
LOAD CMakeFiles/GNC0200A.elf.dir/source/RTOSDrivers/rtos_usb.c.obj
LOAD CMakeFiles/GNC0200A.elf.dir/C_/Users/finle/OneDrive/Documents/GNC2/software/GNClink/source/gnclink.c.obj
LOAD CMakeFiles/GNC0200A.elf.dir/C_/Users/finle/OneDrive/Documents/GNC2/software/FixedPoint/include/source/fixedpoint.c.obj
START GROUP
LOAD c:/users/finle/onedrive/documents/gnc2/software/gnc2build/toolchain/arm-none-eabi-gcc/bin/../lib/gcc/arm-none-eabi/12.2.0/thumb/v6-m/nofp\libgcc.a
LOAD c:/users/finle/onedrive/documents/gnc2/software/gnc2build/toolchain/arm-none-eabi-gcc/bin/../lib/gcc/arm-none-eabi/12.2.0/thumb/v6-m/nofp\libc.a
END GROUP
LOAD c:/users/finle/onedrive/documents/gnc2/software/gnc2build/toolchain/arm-none-eabi-gcc/bin/../lib/gcc/arm-none-eabi/12.2.0/thumb/v6-m/nofp/crtend.o
LOAD c:/users/finle/onedrive/documents/gnc2/software/gnc2build/toolchain/arm-none-eabi-gcc/bin/../lib/gcc/arm-none-eabi/12.2.0/thumb/v6-m/nofp/crtn.o
                0x00002000                        STACK_SIZE = DEFINED (STACK_SIZE)?STACK_SIZE:DEFINED (__stack_size__)?__stack_size__:0x2000

.text           0x00000000     0x5990
                0x00000000                        . = ALIGN (0x4)
                0x00000000                        _sfixed = .
 *(.vectors .vectors.*)
 .vectors       0x00000000       0xb8 CMakeFiles/GNC0200A.elf.dir/lib/SAMD21_DFP/samd21d/gcc/gcc/startup_samd21j17d.c.obj
                0x00000000                exception_table
 *(.text .text.* .gnu.linkonce.t.*)
 .text.deregister_tm_clones
                0x000000b8       0x20 c:/users/finle/onedrive/documents/gnc2/software/gnc2build/toolchain/arm-none-eabi-gcc/bin/../lib/gcc/arm-none-eabi/12.2.0/thumb/v6-m/nofp/crtbegin.o
 .text.register_tm_clones
                0x000000d8       0x28 c:/users/finle/onedrive/documents/gnc2/software/gnc2build/toolchain/arm-none-eabi-gcc/bin/../lib/gcc/arm-none-eabi/12.2.0/thumb/v6-m/nofp/crtbegin.o
 .text.__do_global_dtors_aux
                0x00000100       0x2c c:/users/finle/onedrive/documents/gnc2/software/gnc2build/toolchain/arm-none-eabi-gcc/bin/../lib/gcc/arm-none-eabi/12.2.0/thumb/v6-m/nofp/crtbegin.o
 .text.frame_dummy
                0x0000012c       0x24 c:/users/finle/onedrive/documents/gnc2/software/gnc2build/toolchain/arm-none-eabi-gcc/bin/../lib/gcc/arm-none-eabi/12.2.0/thumb/v6-m/nofp/crtbegin.o
 .text.Dummy_Handler
                0x00000150        0x2 CMakeFiles/GNC0200A.elf.dir/lib/SAMD21_DFP/samd21d/gcc/gcc/startup_samd21j17d.c.obj
                0x00000150                SVCall_Handler
                0x00000150                DMAC_Handler
                0x00000150                HardFault_Handler
                0x00000150                AC_Handler
                0x00000150                SysTick_Handler
                0x00000150                PendSV_Handler
                0x00000150                TC7_Handler
                0x00000150                SERCOM1_Handler
                0x00000150                ADC_Handler
                0x00000150                NonMaskableInt_Handler
                0x00000150                TCC1_Handler
                0x00000150                SERCOM2_Handler
                0x00000150                TCC0_Handler
                0x00000150                RTC_Handler
                0x00000150                EIC_Handler
                0x00000150                TC6_Handler
                0x00000150                WDT_Handler
                0x00000150                TC3_Handler
                0x00000150                Dummy_Handler
                0x00000150                PM_Handler
                0x00000150                SERCOM5_Handler
                0x00000150                TCC3_Handler
                0x00000150                TCC2_Handler
                0x00000150                EVSYS_Handler
                0x00000150                SERCOM3_Handler
                0x00000150                SERCOM4_Handler
                0x00000150                I2S_Handler
                0x00000150                NVMCTRL_Handler
                0x00000150                SERCOM0_Handler
                0x00000150                DAC_Handler
                0x00000150                PTC_Handler
                0x00000150                TC5_Handler
                0x00000150                SYSCTRL_Handler
 *fill*         0x00000152        0x2 
 .text.Reset_Handler
                0x00000154       0x78 CMakeFiles/GNC0200A.elf.dir/lib/SAMD21_DFP/samd21d/gcc/gcc/startup_samd21j17d.c.obj
                0x00000154                Reset_Handler
 .text.getGlobalHash
                0x000001cc       0x2c CMakeFiles/GNC0200A.elf.dir/source/comms.c.obj
                0x000001cc                getGlobalHash
 .text.getValueList
                0x000001f8       0x88 CMakeFiles/GNC0200A.elf.dir/source/comms.c.obj
                0x000001f8                getValueList
 .text.getValueCount
                0x00000280       0x28 CMakeFiles/GNC0200A.elf.dir/source/comms.c.obj
                0x00000280                getValueCount
 .text.getValueName
                0x000002a8       0x6c CMakeFiles/GNC0200A.elf.dir/source/comms.c.obj
                0x000002a8                getValueName
 .text.evaluatePacket
                0x00000314       0x7c CMakeFiles/GNC0200A.elf.dir/source/comms.c.obj
                0x00000314                evaluatePacket
 .text.get_packet
                0x00000390      0x11c CMakeFiles/GNC0200A.elf.dir/source/comms.c.obj
                0x00000390                get_packet
 .text.send_packet
                0x000004ac       0xa8 CMakeFiles/GNC0200A.elf.dir/source/comms.c.obj
                0x000004ac                send_packet
 .text.comms_loop
                0x00000554       0x30 CMakeFiles/GNC0200A.elf.dir/source/comms.c.obj
                0x00000554                comms_loop
 .text.get_address_from_id
                0x00000584       0x68 CMakeFiles/GNC0200A.elf.dir/source/globals.c.obj
                0x00000584                get_address_from_id
 .text.get_global_type_from_id
                0x000005ec       0x3c CMakeFiles/GNC0200A.elf.dir/source/globals.c.obj
                0x000005ec                get_global_type_from_id
 .text.get_global_address_size
                0x00000628       0x38 CMakeFiles/GNC0200A.elf.dir/source/globals.c.obj
                0x00000628                get_global_address_size
 .text.get_global_name
                0x00000660       0x54 CMakeFiles/GNC0200A.elf.dir/source/globals.c.obj
                0x00000660                get_global_name
 .text.init_globals
                0x000006b4       0x88 CMakeFiles/GNC0200A.elf.dir/source/globals.c.obj
                0x000006b4                init_globals
 .text.init_eeprom
                0x0000073c       0x54 CMakeFiles/GNC0200A.elf.dir/source/global_eeprom.c.obj
                0x0000073c                init_eeprom
 .text.check_eeprom
                0x00000790       0x14 CMakeFiles/GNC0200A.elf.dir/source/global_eeprom.c.obj
                0x00000790                check_eeprom
 .text.eeprom_read_request
                0x000007a4       0x2c CMakeFiles/GNC0200A.elf.dir/source/global_eeprom.c.obj
                0x000007a4                eeprom_read_request
 .text.eeprom_write_request
                0x000007d0       0x30 CMakeFiles/GNC0200A.elf.dir/source/global_eeprom.c.obj
                0x000007d0                eeprom_write_request
 .text.imu_init
                0x00000800       0x80 CMakeFiles/GNC0200A.elf.dir/source/global_imu.c.obj
                0x00000800                imu_init
 .text.check_imu
                0x00000880       0x44 CMakeFiles/GNC0200A.elf.dir/source/global_imu.c.obj
                0x00000880                check_imu
 .text.request_imu_data
                0x000008c4       0x38 CMakeFiles/GNC0200A.elf.dir/source/global_imu.c.obj
                0x000008c4                request_imu_data
 .text.wait_for_imu_data
                0x000008fc      0x268 CMakeFiles/GNC0200A.elf.dir/source/global_imu.c.obj
                0x000008fc                wait_for_imu_data
 .text.serial_init
                0x00000b64       0x8c CMakeFiles/GNC0200A.elf.dir/source/global_ports.c.obj
                0x00000b64                serial_init
 .text.serial_write_start
                0x00000bf0       0x88 CMakeFiles/GNC0200A.elf.dir/source/global_ports.c.obj
                0x00000bf0                serial_write_start
 .text.serial_write_wait_until_complete
                0x00000c78       0x60 CMakeFiles/GNC0200A.elf.dir/source/global_ports.c.obj
                0x00000c78                serial_write_wait_until_complete
 .text.serial_read_start
                0x00000cd8       0x88 CMakeFiles/GNC0200A.elf.dir/source/global_ports.c.obj
                0x00000cd8                serial_read_start
 .text.serial_read_wait_until_complete
                0x00000d60       0x60 CMakeFiles/GNC0200A.elf.dir/source/global_ports.c.obj
                0x00000d60                serial_read_wait_until_complete
 .text.serial_read_wait_until_complete_or_timeout
                0x00000dc0       0x7c CMakeFiles/GNC0200A.elf.dir/source/global_ports.c.obj
                0x00000dc0                serial_read_wait_until_complete_or_timeout
 .text.serial_flush
                0x00000e3c       0x58 CMakeFiles/GNC0200A.elf.dir/source/global_ports.c.obj
                0x00000e3c                serial_flush
 .text.buzzer   0x00000e94       0xe4 CMakeFiles/GNC0200A.elf.dir/source/main.c.obj
                0x00000e94                buzzer
 .text.selftest
                0x00000f78       0x44 CMakeFiles/GNC0200A.elf.dir/source/main.c.obj
                0x00000f78                selftest
 .text.init     0x00000fbc      0x134 CMakeFiles/GNC0200A.elf.dir/source/main.c.obj
                0x00000fbc                init
 .text.main     0x000010f0       0x74 CMakeFiles/GNC0200A.elf.dir/source/main.c.obj
                0x000010f0                main
 .text.navigation
                0x00001164       0x24 CMakeFiles/GNC0200A.elf.dir/source/navigation.c.obj
                0x00001164                navigation
 .text.start_navigation
                0x00001188       0x2c CMakeFiles/GNC0200A.elf.dir/source/navigation.c.obj
                0x00001188                start_navigation
 .text.baro_send_command
                0x000011b4       0x74 CMakeFiles/GNC0200A.elf.dir/source/Drivers/baro_ms56.c.obj
                0x000011b4                baro_send_command
 .text.baro_read_prom
                0x00001228       0xac CMakeFiles/GNC0200A.elf.dir/source/Drivers/baro_ms56.c.obj
                0x00001228                baro_read_prom
 .text.baro_check
                0x000012d4       0x7a CMakeFiles/GNC0200A.elf.dir/source/Drivers/baro_ms56.c.obj
                0x000012d4                baro_check
 *fill*         0x0000134e        0x2 
 .text.baro_init
                0x00001350       0x5c CMakeFiles/GNC0200A.elf.dir/source/Drivers/baro_ms56.c.obj
                0x00001350                baro_init
 .text.dma_set_channel
                0x000013ac       0x18 CMakeFiles/GNC0200A.elf.dir/source/Drivers/dma.c.obj
                0x000013ac                dma_set_channel
 .text.dma_init
                0x000013c4       0x34 CMakeFiles/GNC0200A.elf.dir/source/Drivers/dma.c.obj
                0x000013c4                dma_init
 .text.dma_create_descriptor
                0x000013f8       0x6a CMakeFiles/GNC0200A.elf.dir/source/Drivers/dma.c.obj
                0x000013f8                dma_create_descriptor
 *fill*         0x00001462        0x2 
 .text.dma_init_channel
                0x00001464       0x4c CMakeFiles/GNC0200A.elf.dir/source/Drivers/dma.c.obj
                0x00001464                dma_init_channel
 .text.dma_enable_channel
                0x000014b0       0x28 CMakeFiles/GNC0200A.elf.dir/source/Drivers/dma.c.obj
                0x000014b0                dma_enable_channel
 .text.dma_disable_channel
                0x000014d8       0x20 CMakeFiles/GNC0200A.elf.dir/source/Drivers/dma.c.obj
                0x000014d8                dma_disable_channel
 .text.eeprom_init
                0x000014f8       0x70 CMakeFiles/GNC0200A.elf.dir/source/Drivers/eeprom_cat25.c.obj
                0x000014f8                eeprom_init
 .text.eeprom_write_enable
                0x00001568       0x60 CMakeFiles/GNC0200A.elf.dir/source/Drivers/eeprom_cat25.c.obj
                0x00001568                eeprom_write_enable
 .text.eeprom_write_disable
                0x000015c8       0x60 CMakeFiles/GNC0200A.elf.dir/source/Drivers/eeprom_cat25.c.obj
                0x000015c8                eeprom_write_disable
 .text.eeprom_read_status
                0x00001628       0x7c CMakeFiles/GNC0200A.elf.dir/source/Drivers/eeprom_cat25.c.obj
                0x00001628                eeprom_read_status
 .text.eeprom_check
                0x000016a4       0x3c CMakeFiles/GNC0200A.elf.dir/source/Drivers/eeprom_cat25.c.obj
                0x000016a4                eeprom_check
 .text.flash_init
                0x000016e0       0x88 CMakeFiles/GNC0200A.elf.dir/source/Drivers/flash_at25.c.obj
                0x000016e0                flash_init
 .text.flash_check
                0x00001768       0xbc CMakeFiles/GNC0200A.elf.dir/source/Drivers/flash_at25.c.obj
                0x00001768                flash_check
 .text.imu_icm20948_write_byte
                0x00001824       0x80 CMakeFiles/GNC0200A.elf.dir/source/Drivers/imu_icm20948.c.obj
                0x00001824                imu_icm20948_write_byte
 .text.imu_icm20948_read_byte
                0x000018a4       0x84 CMakeFiles/GNC0200A.elf.dir/source/Drivers/imu_icm20948.c.obj
                0x000018a4                imu_icm20948_read_byte
 .text.imu_icm20948_write
                0x00001928       0x98 CMakeFiles/GNC0200A.elf.dir/source/Drivers/imu_icm20948.c.obj
                0x00001928                imu_icm20948_write
 .text.imu_icm20948_read
                0x000019c0       0xa0 CMakeFiles/GNC0200A.elf.dir/source/Drivers/imu_icm20948.c.obj
                0x000019c0                imu_icm20948_read
 .text.imu_icm20948_user_bank
                0x00001a60       0x18 CMakeFiles/GNC0200A.elf.dir/source/Drivers/imu_icm20948.c.obj
                0x00001a60                imu_icm20948_user_bank
 .text.imu_icm20948_init
                0x00001a78       0x70 CMakeFiles/GNC0200A.elf.dir/source/Drivers/imu_icm20948.c.obj
                0x00001a78                imu_icm20948_init
 .text.imu_icm20948_check
                0x00001ae8       0x28 CMakeFiles/GNC0200A.elf.dir/source/Drivers/imu_icm20948.c.obj
                0x00001ae8                imu_icm20948_check
 .text.mag_icm20948_write_byte
                0x00001b10       0x48 CMakeFiles/GNC0200A.elf.dir/source/Drivers/imu_icm20948.c.obj
                0x00001b10                mag_icm20948_write_byte
 .text.mag_icm20948_read
                0x00001b58       0x64 CMakeFiles/GNC0200A.elf.dir/source/Drivers/imu_icm20948.c.obj
                0x00001b58                mag_icm20948_read
 .text.mag_icm20948_init
                0x00001bbc       0x5c CMakeFiles/GNC0200A.elf.dir/source/Drivers/imu_icm20948.c.obj
                0x00001bbc                mag_icm20948_init
 .text.mag_icm20948_check
                0x00001c18       0x30 CMakeFiles/GNC0200A.elf.dir/source/Drivers/imu_icm20948.c.obj
                0x00001c18                mag_icm20948_check
 .text.port_set_output
                0x00001c48       0x10 CMakeFiles/GNC0200A.elf.dir/source/Drivers/port.c.obj
                0x00001c48                port_set_output
 .text.port_set
                0x00001c58       0x10 CMakeFiles/GNC0200A.elf.dir/source/Drivers/port.c.obj
                0x00001c58                port_set
 .text.port_clear
                0x00001c68       0x10 CMakeFiles/GNC0200A.elf.dir/source/Drivers/port.c.obj
                0x00001c68                port_clear
 .text.port_wrconfig
                0x00001c78       0x4c CMakeFiles/GNC0200A.elf.dir/source/Drivers/port.c.obj
                0x00001c78                port_wrconfig
 .text.pwm_init_tc
                0x00001cc4       0xd4 CMakeFiles/GNC0200A.elf.dir/source/Drivers/pwm.c.obj
                0x00001cc4                pwm_init_tc
 .text.pwm_enable_tc
                0x00001d98       0x54 CMakeFiles/GNC0200A.elf.dir/source/Drivers/pwm.c.obj
                0x00001d98                pwm_enable_tc
 .text.pwm_get_div_val
                0x00001dec       0x3c CMakeFiles/GNC0200A.elf.dir/source/Drivers/pwm.c.obj
                0x00001dec                pwm_get_div_val
 .text.pwm_set_frequency_tc
                0x00001e28       0x8c CMakeFiles/GNC0200A.elf.dir/source/Drivers/pwm.c.obj
                0x00001e28                pwm_set_frequency_tc
 .text.pwm_set_duty_tc
                0x00001eb4       0xa0 CMakeFiles/GNC0200A.elf.dir/source/Drivers/pwm.c.obj
                0x00001eb4                pwm_set_duty_tc
 .text.sercom_check
                0x00001f54       0x60 CMakeFiles/GNC0200A.elf.dir/source/Drivers/sercom.c.obj
                0x00001f54                sercom_check
 .text.sercom_init
                0x00001fb4       0xe0 CMakeFiles/GNC0200A.elf.dir/source/Drivers/sercom.c.obj
                0x00001fb4                sercom_init
 .text.spi_set_baud
                0x00002094       0x48 CMakeFiles/GNC0200A.elf.dir/source/Drivers/spi.c.obj
                0x00002094                spi_set_baud
 .text.spi_init
                0x000020dc       0x68 CMakeFiles/GNC0200A.elf.dir/source/Drivers/spi.c.obj
                0x000020dc                spi_init
 .text.spi_command
                0x00002144       0x14 CMakeFiles/GNC0200A.elf.dir/source/Drivers/spi.c.obj
                0x00002144                spi_command
 .text.spi_flush
                0x00002158        0xc CMakeFiles/GNC0200A.elf.dir/source/Drivers/spi.c.obj
                0x00002158                spi_flush
 .text.set_clock_48m
                0x00002164       0xc4 CMakeFiles/GNC0200A.elf.dir/source/Drivers/time.c.obj
                0x00002164                set_clock_48m
 .text.delay_8c
                0x00002228       0x10 CMakeFiles/GNC0200A.elf.dir/source/Drivers/time.c.obj
                0x00002228                delay_8c
 .text.init_timer
                0x00002238       0x68 CMakeFiles/GNC0200A.elf.dir/source/Drivers/time.c.obj
                0x00002238                init_timer
 .text.read_timer_20ns
                0x000022a0        0xc CMakeFiles/GNC0200A.elf.dir/source/Drivers/time.c.obj
                0x000022a0                read_timer_20ns
 .text.init_timer_interrupt
                0x000022ac       0x18 CMakeFiles/GNC0200A.elf.dir/source/Drivers/time.c.obj
                0x000022ac                init_timer_interrupt
 .text.timer_enable_interrupt
                0x000022c4       0x10 CMakeFiles/GNC0200A.elf.dir/source/Drivers/time.c.obj
                0x000022c4                timer_enable_interrupt
 .text.timer_disable_interrupt
                0x000022d4       0x18 CMakeFiles/GNC0200A.elf.dir/source/Drivers/time.c.obj
                0x000022d4                timer_disable_interrupt
 .text.timer_clear_interrupt
                0x000022ec       0x1c CMakeFiles/GNC0200A.elf.dir/source/Drivers/time.c.obj
                0x000022ec                timer_clear_interrupt
 .text.timer_set_interrupt_time
                0x00002308       0x10 CMakeFiles/GNC0200A.elf.dir/source/Drivers/time.c.obj
                0x00002308                timer_set_interrupt_time
 .text.uart_set_baud
                0x00002318       0x68 CMakeFiles/GNC0200A.elf.dir/source/Drivers/uart.c.obj
                0x00002318                uart_set_baud
 .text.uart_init
                0x00002380       0x5c CMakeFiles/GNC0200A.elf.dir/source/Drivers/uart.c.obj
                0x00002380                uart_init
 .text.uart_flush
                0x000023dc        0xc CMakeFiles/GNC0200A.elf.dir/source/Drivers/uart.c.obj
                0x000023dc                uart_flush
 .text.usb_ep0_in_multi
                0x000023e8       0x54 CMakeFiles/GNC0200A.elf.dir/source/Drivers/usb/usb_requests.c.obj
                0x000023e8                usb_ep0_in_multi
 .text.usb_handle_setup
                0x0000243c      0x13c CMakeFiles/GNC0200A.elf.dir/source/Drivers/usb/usb_requests.c.obj
                0x0000243c                usb_handle_setup
 .text.usb_handle_control_out_complete
                0x00002578       0x20 CMakeFiles/GNC0200A.elf.dir/source/Drivers/usb/usb_requests.c.obj
                0x00002578                usb_handle_control_out_complete
 .text.usb_handle_control_in_complete
                0x00002598       0x4c CMakeFiles/GNC0200A.elf.dir/source/Drivers/usb/usb_requests.c.obj
                0x00002598                usb_handle_control_in_complete
 .text.usb_string_to_descriptor
                0x000025e4       0x40 CMakeFiles/GNC0200A.elf.dir/source/Drivers/usb/usb_requests.c.obj
                0x000025e4                usb_string_to_descriptor
 .text.usb_reset
                0x00002624       0x60 CMakeFiles/GNC0200A.elf.dir/source/Drivers/usb/usb_samd.c.obj
                0x00002624                usb_reset
 .text.usb_init
                0x00002684       0xc0 CMakeFiles/GNC0200A.elf.dir/source/Drivers/usb/usb_samd.c.obj
                0x00002684                usb_init
 .text.usb_set_address
                0x00002744       0x14 CMakeFiles/GNC0200A.elf.dir/source/Drivers/usb/usb_samd.c.obj
                0x00002744                usb_set_address
 .text.usb_enable_ep
                0x00002758      0x140 CMakeFiles/GNC0200A.elf.dir/source/Drivers/usb/usb_samd.c.obj
                0x00002758                usb_enable_ep
 .text.usb_ep_start_out
                0x00002898       0x60 CMakeFiles/GNC0200A.elf.dir/source/Drivers/usb/usb_samd.c.obj
                0x00002898                usb_ep_start_out
 .text.usb_ep_start_in
                0x000028f8       0x6c CMakeFiles/GNC0200A.elf.dir/source/Drivers/usb/usb_samd.c.obj
                0x000028f8                usb_ep_start_in
 .text.usb_ep_pending
                0x00002964       0x38 CMakeFiles/GNC0200A.elf.dir/source/Drivers/usb/usb_samd.c.obj
                0x00002964                usb_ep_pending
 .text.usb_ep_handled
                0x0000299c       0x34 CMakeFiles/GNC0200A.elf.dir/source/Drivers/usb/usb_samd.c.obj
                0x0000299c                usb_ep_handled
 .text.usb_ep_out_length
                0x000029d0       0x14 CMakeFiles/GNC0200A.elf.dir/source/Drivers/usb/usb_samd.c.obj
                0x000029d0                usb_ep_out_length
 .text.usb_attach
                0x000029e4       0x1c CMakeFiles/GNC0200A.elf.dir/source/Drivers/usb/usb_samd.c.obj
                0x000029e4                usb_attach
 .text.usb_ep0_out
                0x00002a00       0x18 CMakeFiles/GNC0200A.elf.dir/source/Drivers/usb/usb_samd.c.obj
                0x00002a00                usb_ep0_out
 .text.usb_ep0_in
                0x00002a18       0x18 CMakeFiles/GNC0200A.elf.dir/source/Drivers/usb/usb_samd.c.obj
                0x00002a18                usb_ep0_in
 .text.usb_ep0_stall
                0x00002a30       0x10 CMakeFiles/GNC0200A.elf.dir/source/Drivers/usb/usb_samd.c.obj
                0x00002a30                usb_ep0_stall
 .text.usb_handle_function
                0x00002a40       0xcc CMakeFiles/GNC0200A.elf.dir/source/Drivers/usb/usb_samd.c.obj
                0x00002a40                usb_handle_function
 .text.samd_serial_number_string_descriptor
                0x00002b0c       0x64 CMakeFiles/GNC0200A.elf.dir/source/Drivers/usb/usb_samd.c.obj
                0x00002b0c                samd_serial_number_string_descriptor
 .text.usb_serial_init
                0x00002b70       0x3c CMakeFiles/GNC0200A.elf.dir/source/Drivers/usb/usb_serial.c.obj
                0x00002b70                usb_serial_init
 .text.usb_serial_out_completion
                0x00002bac       0x18 CMakeFiles/GNC0200A.elf.dir/source/Drivers/usb/usb_serial.c.obj
                0x00002bac                usb_serial_out_completion
 .text.usb_serial_in_completion
                0x00002bc4       0x10 CMakeFiles/GNC0200A.elf.dir/source/Drivers/usb/usb_serial.c.obj
                0x00002bc4                usb_serial_in_completion
 .text.usb_serial_send_buffer
                0x00002bd4       0x3c CMakeFiles/GNC0200A.elf.dir/source/Drivers/usb/usb_serial.c.obj
                0x00002bd4                usb_serial_send_buffer
 .text.usb_serial_read_buffer
                0x00002c10       0x38 CMakeFiles/GNC0200A.elf.dir/source/Drivers/usb/usb_serial.c.obj
                0x00002c10                usb_serial_read_buffer
 .text.usb_cb_reset
                0x00002c48        0x2 CMakeFiles/GNC0200A.elf.dir/source/Drivers/usb/usb.c.obj
                0x00002c48                usb_cb_reset
 *fill*         0x00002c4a        0x2 
 .text.usb_cb_control_setup
                0x00002c4c       0xcc CMakeFiles/GNC0200A.elf.dir/source/Drivers/usb/usb.c.obj
                0x00002c4c                usb_cb_control_setup
 .text.usb_cb_completion
                0x00002d18       0x40 CMakeFiles/GNC0200A.elf.dir/source/Drivers/usb/usb.c.obj
                0x00002d18                usb_cb_completion
 .text.usb_cb_control_in_completion
                0x00002d58        0x2 CMakeFiles/GNC0200A.elf.dir/source/Drivers/usb/usb.c.obj
                0x00002d58                usb_cb_control_in_completion
 .text.usb_cb_control_out_completion
                0x00002d5a        0x2 CMakeFiles/GNC0200A.elf.dir/source/Drivers/usb/usb.c.obj
                0x00002d5a                usb_cb_control_out_completion
 .text.usb_cb_set_configuration
                0x00002d5c       0x18 CMakeFiles/GNC0200A.elf.dir/source/Drivers/usb/usb.c.obj
                0x00002d5c                usb_cb_set_configuration
 .text.usb_cb_set_interface
                0x00002d74       0x24 CMakeFiles/GNC0200A.elf.dir/source/Drivers/usb/usb.c.obj
                0x00002d74                usb_cb_set_interface
 .text.usb_cb_get_descriptor
                0x00002d98       0x7c CMakeFiles/GNC0200A.elf.dir/source/Drivers/usb/usb.c.obj
                0x00002d98                usb_cb_get_descriptor
 .text.rtos_init
                0x00002e14       0x34 CMakeFiles/GNC0200A.elf.dir/source/RTOS/rtos_main.c.obj
                0x00002e14                rtos_init
 .text.morse    0x00002e48       0x58 CMakeFiles/GNC0200A.elf.dir/source/RTOS/rtos_main.c.obj
                0x00002e48                morse
 .text.SOS      0x00002ea0       0x24 CMakeFiles/GNC0200A.elf.dir/source/RTOS/rtos_main.c.obj
                0x00002ea0                SOS
 .text.rtos_main
                0x00002ec4       0x74 CMakeFiles/GNC0200A.elf.dir/source/RTOS/rtos_main.c.obj
                0x00002ec4                rtos_main
 .text.TC4_Handler
                0x00002f38       0x28 CMakeFiles/GNC0200A.elf.dir/source/RTOS/rtos_preemption.c.obj
                0x00002f38                TC4_Handler
 .text.init_process
                0x00002f60       0x2c CMakeFiles/GNC0200A.elf.dir/source/RTOS/rtos_process.c.obj
                0x00002f60                init_process
 .text.switch_process
                0x00002f8c       0xa8 CMakeFiles/GNC0200A.elf.dir/source/RTOS/rtos_process.c.obj
                0x00002f8c                switch_process
 .text.init_process_queue
                0x00003034       0x14 CMakeFiles/GNC0200A.elf.dir/source/RTOS/rtos_process.c.obj
                0x00003034                init_process_queue
 .text.dispatch_process
                0x00003048       0xb4 CMakeFiles/GNC0200A.elf.dir/source/RTOS/rtos_process.c.obj
                0x00003048                dispatch_process
 .text.next_process
                0x000030fc      0x170 CMakeFiles/GNC0200A.elf.dir/source/RTOS/rtos_process.c.obj
                0x000030fc                next_process
 .text.yield_process
                0x0000326c       0x60 CMakeFiles/GNC0200A.elf.dir/source/RTOS/rtos_process.c.obj
                0x0000326c                yield_process
 .text.wait_until
                0x000032cc       0x5c CMakeFiles/GNC0200A.elf.dir/source/RTOS/rtos_process.c.obj
                0x000032cc                wait_until
 .text.wait_until_callback
                0x00003328       0x5c CMakeFiles/GNC0200A.elf.dir/source/RTOS/rtos_process.c.obj
                0x00003328                wait_until_callback
 .text.wait_until_callback_preserve_deadline
                0x00003384       0x38 CMakeFiles/GNC0200A.elf.dir/source/RTOS/rtos_process.c.obj
                0x00003384                wait_until_callback_preserve_deadline
 .text.rtos_delay_callback
                0x000033bc       0x44 CMakeFiles/GNC0200A.elf.dir/source/RTOS/rtos_time.c.obj
                0x000033bc                rtos_delay_callback
 .text.rtos_delay_ctick
                0x00003400       0x3c CMakeFiles/GNC0200A.elf.dir/source/RTOS/rtos_time.c.obj
                0x00003400                rtos_delay_ctick
 .text.busmanager_process_wait_callback
                0x0000343c       0x64 CMakeFiles/GNC0200A.elf.dir/source/RTOSDrivers/bus_manager.c.obj
                0x0000343c                busmanager_process_wait_callback
 .text.set_matching_id_status
                0x000034a0       0x54 CMakeFiles/GNC0200A.elf.dir/source/RTOSDrivers/bus_manager.c.obj
                0x000034a0                set_matching_id_status
 .text.busmanager_process_function
                0x000034f4      0x1b0 CMakeFiles/GNC0200A.elf.dir/source/RTOSDrivers/bus_manager.c.obj
                0x000034f4                busmanager_process_function
 .text.busmanager_new_process
                0x000036a4       0x3c CMakeFiles/GNC0200A.elf.dir/source/RTOSDrivers/bus_manager.c.obj
                0x000036a4                busmanager_new_process
 .text.busmanager_request_transaction
                0x000036e0       0x88 CMakeFiles/GNC0200A.elf.dir/source/RTOSDrivers/bus_manager.c.obj
                0x000036e0                busmanager_request_transaction
 .text.dma_eeprom_read
                0x00003768       0xfc CMakeFiles/GNC0200A.elf.dir/source/RTOSDrivers/dma_eeprom_cat25.c.obj
                0x00003768                dma_eeprom_read
 .text.dma_eeprom_write
                0x00003864       0xfc CMakeFiles/GNC0200A.elf.dir/source/RTOSDrivers/dma_eeprom_cat25.c.obj
                0x00003864                dma_eeprom_write
 .text.dma_eeprom_process_request
                0x00003960       0xa8 CMakeFiles/GNC0200A.elf.dir/source/RTOSDrivers/dma_eeprom_cat25.c.obj
                0x00003960                dma_eeprom_process_request
 .text.eeprom_request
                0x00003a08       0x34 CMakeFiles/GNC0200A.elf.dir/source/RTOSDrivers/dma_eeprom_cat25.c.obj
                0x00003a08                eeprom_request
 .text.eeprom_wait_until_done
                0x00003a3c       0x14 CMakeFiles/GNC0200A.elf.dir/source/RTOSDrivers/dma_eeprom_cat25.c.obj
                0x00003a3c                eeprom_wait_until_done
 .text.dma_imu_icm20948_read
                0x00003a50       0xf0 CMakeFiles/GNC0200A.elf.dir/source/RTOSDrivers/dma_imu_icm20948.c.obj
                0x00003a50                dma_imu_icm20948_read
 .text.dma_imu_icm20948_write
                0x00003b40       0xec CMakeFiles/GNC0200A.elf.dir/source/RTOSDrivers/dma_imu_icm20948.c.obj
                0x00003b40                dma_imu_icm20948_write
 .text.dma_imu_icm20948_process_request
                0x00003c2c       0x80 CMakeFiles/GNC0200A.elf.dir/source/RTOSDrivers/dma_imu_icm20948.c.obj
                0x00003c2c                dma_imu_icm20948_process_request
 .text.imu_icm20948_request
                0x00003cac       0x3c CMakeFiles/GNC0200A.elf.dir/source/RTOSDrivers/dma_imu_icm20948.c.obj
                0x00003cac                imu_icm20948_request
 .text.imu_icm20948_wait_until_done
                0x00003ce8       0x14 CMakeFiles/GNC0200A.elf.dir/source/RTOSDrivers/dma_imu_icm20948.c.obj
                0x00003ce8                imu_icm20948_wait_until_done
 .text.dma_spi_transaction
                0x00003cfc       0x98 CMakeFiles/GNC0200A.elf.dir/source/RTOSDrivers/dma_spi.c.obj
                0x00003cfc                dma_spi_transaction
 .text.rtos_dma_wait_until_end_callback
                0x00003d94       0x18 CMakeFiles/GNC0200A.elf.dir/source/RTOSDrivers/rtos_dma.c.obj
                0x00003d94                rtos_dma_wait_until_end_callback
 .text.rtos_dma_wait_until_end_or_timeout_callback
                0x00003dac       0x54 CMakeFiles/GNC0200A.elf.dir/source/RTOSDrivers/rtos_dma.c.obj
                0x00003dac                rtos_dma_wait_until_end_or_timeout_callback
 .text.rtos_dma_wait_until_end
                0x00003e00       0x38 CMakeFiles/GNC0200A.elf.dir/source/RTOSDrivers/rtos_dma.c.obj
                0x00003e00                rtos_dma_wait_until_end
 .text.rtos_dma_wait_until_end_or_timeout
                0x00003e38       0x48 CMakeFiles/GNC0200A.elf.dir/source/RTOSDrivers/rtos_dma.c.obj
                0x00003e38                rtos_dma_wait_until_end_or_timeout
 .text.rtos_uart_start_send_buffer
                0x00003e80       0x70 CMakeFiles/GNC0200A.elf.dir/source/RTOSDrivers/rtos_uart.c.obj
                0x00003e80                rtos_uart_start_send_buffer
 .text.rtos_uart_wait_until_send_complete
                0x00003ef0       0x10 CMakeFiles/GNC0200A.elf.dir/source/RTOSDrivers/rtos_uart.c.obj
                0x00003ef0                rtos_uart_wait_until_send_complete
 .text.rtos_uart_start_read_buffer
                0x00003f00       0x70 CMakeFiles/GNC0200A.elf.dir/source/RTOSDrivers/rtos_uart.c.obj
                0x00003f00                rtos_uart_start_read_buffer
 .text.rtos_uart_wait_until_read_complete
                0x00003f70       0x10 CMakeFiles/GNC0200A.elf.dir/source/RTOSDrivers/rtos_uart.c.obj
                0x00003f70                rtos_uart_wait_until_read_complete
 .text.rtos_uart_wait_until_read_complete_or_timeout
                0x00003f80       0x1c CMakeFiles/GNC0200A.elf.dir/source/RTOSDrivers/rtos_uart.c.obj
                0x00003f80                rtos_uart_wait_until_read_complete_or_timeout
 .text.usb_proc_loop
                0x00003f9c       0xb4 CMakeFiles/GNC0200A.elf.dir/source/RTOSDrivers/rtos_usb.c.obj
                0x00003f9c                usb_proc_loop
 .text.rtos_usb_init
                0x00004050       0x88 CMakeFiles/GNC0200A.elf.dir/source/RTOSDrivers/rtos_usb.c.obj
                0x00004050                rtos_usb_init
 .text.USB_Handler
                0x000040d8       0x20 CMakeFiles/GNC0200A.elf.dir/source/RTOSDrivers/rtos_usb.c.obj
                0x000040d8                USB_Handler
 .text.rtos_usb_start_send_buffer
                0x000040f8       0x4c CMakeFiles/GNC0200A.elf.dir/source/RTOSDrivers/rtos_usb.c.obj
                0x000040f8                rtos_usb_start_send_buffer
 .text.rtos_usb_wait_until_send_complete
                0x00004144       0x1c CMakeFiles/GNC0200A.elf.dir/source/RTOSDrivers/rtos_usb.c.obj
                0x00004144                rtos_usb_wait_until_send_complete
 .text.rtos_usb_start_read_buffer
                0x00004160       0x38 CMakeFiles/GNC0200A.elf.dir/source/RTOSDrivers/rtos_usb.c.obj
                0x00004160                rtos_usb_start_read_buffer
 .text.rtos_usb_wait_until_read_complete
                0x00004198       0x1c CMakeFiles/GNC0200A.elf.dir/source/RTOSDrivers/rtos_usb.c.obj
                0x00004198                rtos_usb_wait_until_read_complete
 .text.CRC8     0x000041b4       0x2c CMakeFiles/GNC0200A.elf.dir/C_/Users/finle/OneDrive/Documents/GNC2/software/GNClink/source/gnclink.c.obj
                0x000041b4                CRC8
 .text.GNClink_Get_Packet_Payload_Pointer
                0x000041e0        0x4 CMakeFiles/GNC0200A.elf.dir/C_/Users/finle/OneDrive/Documents/GNC2/software/GNClink/source/gnclink.c.obj
                0x000041e0                GNClink_Get_Packet_Payload_Pointer
 .text.GNClink_Construct_Packet
                0x000041e4       0x2c CMakeFiles/GNC0200A.elf.dir/C_/Users/finle/OneDrive/Documents/GNC2/software/GNClink/source/gnclink.c.obj
                0x000041e4                GNClink_Construct_Packet
 .text.GNClink_Check_Packet
                0x00004210       0x30 CMakeFiles/GNC0200A.elf.dir/C_/Users/finle/OneDrive/Documents/GNC2/software/GNClink/source/gnclink.c.obj
                0x00004210                GNClink_Check_Packet
 .text.GNClink_Get_Packet_Type
                0x00004240        0x4 CMakeFiles/GNC0200A.elf.dir/C_/Users/finle/OneDrive/Documents/GNC2/software/GNClink/source/gnclink.c.obj
                0x00004240                GNClink_Get_Packet_Type
 .text.GNClink_Get_Packet_Flags
                0x00004244        0x4 CMakeFiles/GNC0200A.elf.dir/C_/Users/finle/OneDrive/Documents/GNC2/software/GNClink/source/gnclink.c.obj
                0x00004244                GNClink_Get_Packet_Flags
 .text.GNClink_Get_Frame_Payload_Pointer
                0x00004248        0x4 CMakeFiles/GNC0200A.elf.dir/C_/Users/finle/OneDrive/Documents/GNC2/software/GNClink/source/gnclink.c.obj
                0x00004248                GNClink_Get_Frame_Payload_Pointer
 .text.GNClink_Get_Frame
                0x0000424c       0x84 CMakeFiles/GNC0200A.elf.dir/C_/Users/finle/OneDrive/Documents/GNC2/software/GNClink/source/gnclink.c.obj
                0x0000424c                GNClink_Get_Frame
 .text.GNClink_Check_Frame
                0x000042d0       0x2c CMakeFiles/GNC0200A.elf.dir/C_/Users/finle/OneDrive/Documents/GNC2/software/GNClink/source/gnclink.c.obj
                0x000042d0                GNClink_Check_Frame
 .text.GNClink_Frame_RequestResend
                0x000042fc        0xa CMakeFiles/GNC0200A.elf.dir/C_/Users/finle/OneDrive/Documents/GNC2/software/GNClink/source/gnclink.c.obj
                0x000042fc                GNClink_Frame_RequestResend
 .text.GNClink_Get_Frame_Index
                0x00004306        0x4 CMakeFiles/GNC0200A.elf.dir/C_/Users/finle/OneDrive/Documents/GNC2/software/GNClink/source/gnclink.c.obj
                0x00004306                GNClink_Get_Frame_Index
 *fill*         0x0000430a        0x2 
 .text.GNClink_Construct_RequestResendFrame
                0x0000430c       0x20 CMakeFiles/GNC0200A.elf.dir/C_/Users/finle/OneDrive/Documents/GNC2/software/GNClink/source/gnclink.c.obj
                0x0000430c                GNClink_Construct_RequestResendFrame
 .text.GNClink_Reconstruct_Packet_From_Frames
                0x0000432c       0x2e CMakeFiles/GNC0200A.elf.dir/C_/Users/finle/OneDrive/Documents/GNC2/software/GNClink/source/gnclink.c.obj
                0x0000432c                GNClink_Reconstruct_Packet_From_Frames
 *fill*         0x0000435a        0x2 
 .text.fp_multiply
                0x0000435c       0x18 CMakeFiles/GNC0200A.elf.dir/C_/Users/finle/OneDrive/Documents/GNC2/software/FixedPoint/include/source/fixedpoint.c.obj
                0x0000435c                fp_multiply
 .text          0x00004374       0x74 c:/users/finle/onedrive/documents/gnc2/software/gnc2build/toolchain/arm-none-eabi-gcc/bin/../lib/gcc/arm-none-eabi/12.2.0/thumb/v6-m/nofp\libgcc.a(_arm_cmpsf2.o)
                0x00004374                __aeabi_cfrcmple
                0x0000437c                __aeabi_cfcmpeq
                0x0000437c                __aeabi_cfcmple
                0x0000438c                __aeabi_fcmpeq
                0x00004398                __aeabi_fcmplt
                0x000043ac                __aeabi_fcmple
                0x000043c0                __aeabi_fcmpgt
                0x000043d4                __aeabi_fcmpge
 .text.__muldi3
                0x000043e8       0x5c c:/users/finle/onedrive/documents/gnc2/software/gnc2build/toolchain/arm-none-eabi-gcc/bin/../lib/gcc/arm-none-eabi/12.2.0/thumb/v6-m/nofp\libgcc.a(_muldi3.o)
                0x000043e8                __muldi3
                0x000043e8                __aeabi_lmul
 .text.__fixunssfsi
                0x00004444       0x30 c:/users/finle/onedrive/documents/gnc2/software/gnc2build/toolchain/arm-none-eabi-gcc/bin/../lib/gcc/arm-none-eabi/12.2.0/thumb/v6-m/nofp\libgcc.a(_fixunssfsi.o)
                0x00004444                __fixunssfsi
                0x00004444                __aeabi_f2uiz
 .text.__aeabi_fadd
                0x00004474      0x304 c:/users/finle/onedrive/documents/gnc2/software/gnc2build/toolchain/arm-none-eabi-gcc/bin/../lib/gcc/arm-none-eabi/12.2.0/thumb/v6-m/nofp\libgcc.a(addsf3.o)
                0x00004474                __aeabi_fadd
 .text.__aeabi_fdiv
                0x00004778      0x240 c:/users/finle/onedrive/documents/gnc2/software/gnc2build/toolchain/arm-none-eabi-gcc/bin/../lib/gcc/arm-none-eabi/12.2.0/thumb/v6-m/nofp\libgcc.a(divsf3.o)
                0x00004778                __aeabi_fdiv
 .text.__eqsf2  0x000049b8       0x50 c:/users/finle/onedrive/documents/gnc2/software/gnc2build/toolchain/arm-none-eabi-gcc/bin/../lib/gcc/arm-none-eabi/12.2.0/thumb/v6-m/nofp\libgcc.a(eqsf2.o)
                0x000049b8                __eqsf2
                0x000049b8                __nesf2
 .text.__gesf2  0x00004a08       0xa0 c:/users/finle/onedrive/documents/gnc2/software/gnc2build/toolchain/arm-none-eabi-gcc/bin/../lib/gcc/arm-none-eabi/12.2.0/thumb/v6-m/nofp\libgcc.a(gesf2.o)
                0x00004a08                __gesf2
                0x00004a08                __gtsf2
 .text.__lesf2  0x00004aa8       0x9c c:/users/finle/onedrive/documents/gnc2/software/gnc2build/toolchain/arm-none-eabi-gcc/bin/../lib/gcc/arm-none-eabi/12.2.0/thumb/v6-m/nofp\libgcc.a(lesf2.o)
                0x00004aa8                __ltsf2
                0x00004aa8                __lesf2
 .text.__aeabi_fmul
                0x00004b44      0x27c c:/users/finle/onedrive/documents/gnc2/software/gnc2build/toolchain/arm-none-eabi-gcc/bin/../lib/gcc/arm-none-eabi/12.2.0/thumb/v6-m/nofp\libgcc.a(mulsf3.o)
                0x00004b44                __aeabi_fmul
 .text.__aeabi_fsub
                0x00004dc0      0x324 c:/users/finle/onedrive/documents/gnc2/software/gnc2build/toolchain/arm-none-eabi-gcc/bin/../lib/gcc/arm-none-eabi/12.2.0/thumb/v6-m/nofp\libgcc.a(subsf3.o)
                0x00004dc0                __aeabi_fsub
 .text.__aeabi_f2iz
                0x000050e4       0x40 c:/users/finle/onedrive/documents/gnc2/software/gnc2build/toolchain/arm-none-eabi-gcc/bin/../lib/gcc/arm-none-eabi/12.2.0/thumb/v6-m/nofp\libgcc.a(fixsfsi.o)
                0x000050e4                __aeabi_f2iz
 .text.__aeabi_i2f
                0x00005124       0x98 c:/users/finle/onedrive/documents/gnc2/software/gnc2build/toolchain/arm-none-eabi-gcc/bin/../lib/gcc/arm-none-eabi/12.2.0/thumb/v6-m/nofp\libgcc.a(floatsisf.o)
                0x00005124                __aeabi_i2f
 .text.__aeabi_ui2f
                0x000051bc       0x84 c:/users/finle/onedrive/documents/gnc2/software/gnc2build/toolchain/arm-none-eabi-gcc/bin/../lib/gcc/arm-none-eabi/12.2.0/thumb/v6-m/nofp\libgcc.a(floatunsisf.o)
                0x000051bc                __aeabi_ui2f
 .text          0x00005240       0x3c c:/users/finle/onedrive/documents/gnc2/software/gnc2build/toolchain/arm-none-eabi-gcc/bin/../lib/gcc/arm-none-eabi/12.2.0/thumb/v6-m/nofp\libgcc.a(_clzsi2.o)
                0x00005240                __clzsi2
 .text.memset   0x0000527c       0xa8 c:/users/finle/onedrive/documents/gnc2/software/gnc2build/toolchain/arm-none-eabi-gcc/bin/../lib/gcc/arm-none-eabi/12.2.0/thumb/v6-m/nofp\libc.a(libc_a-memset.o)
                0x0000527c                memset
 .text.__libc_init_array
                0x00005324       0x48 c:/users/finle/onedrive/documents/gnc2/software/gnc2build/toolchain/arm-none-eabi-gcc/bin/../lib/gcc/arm-none-eabi/12.2.0/thumb/v6-m/nofp\libc.a(libc_a-init.o)
                0x00005324                __libc_init_array
 .text.__retarget_lock_acquire_recursive
                0x0000536c        0x4 c:/users/finle/onedrive/documents/gnc2/software/gnc2build/toolchain/arm-none-eabi-gcc/bin/../lib/gcc/arm-none-eabi/12.2.0/thumb/v6-m/nofp\libc.a(libc_a-lock.o)
                0x0000536c                __retarget_lock_acquire_recursive
 .text.__retarget_lock_release_recursive
                0x00005370        0x4 c:/users/finle/onedrive/documents/gnc2/software/gnc2build/toolchain/arm-none-eabi-gcc/bin/../lib/gcc/arm-none-eabi/12.2.0/thumb/v6-m/nofp\libc.a(libc_a-lock.o)
                0x00005370                __retarget_lock_release_recursive
 .text.memcpy   0x00005374       0x90 c:/users/finle/onedrive/documents/gnc2/software/gnc2build/toolchain/arm-none-eabi-gcc/bin/../lib/gcc/arm-none-eabi/12.2.0/thumb/v6-m/nofp\libc.a(libc_a-memcpy-stub.o)
                0x00005374                memcpy
 .text.strlen   0x00005404       0x5c c:/users/finle/onedrive/documents/gnc2/software/gnc2build/toolchain/arm-none-eabi-gcc/bin/../lib/gcc/arm-none-eabi/12.2.0/thumb/v6-m/nofp\libc.a(libc_a-strlen-stub.o)
                0x00005404                strlen
 .text.startup.register_fini
                0x00005460       0x18 c:/users/finle/onedrive/documents/gnc2/software/gnc2build/toolchain/arm-none-eabi-gcc/bin/../lib/gcc/arm-none-eabi/12.2.0/thumb/v6-m/nofp\libc.a(libc_a-__call_atexit.o)
 .text.atexit   0x00005478       0x10 c:/users/finle/onedrive/documents/gnc2/software/gnc2build/toolchain/arm-none-eabi-gcc/bin/../lib/gcc/arm-none-eabi/12.2.0/thumb/v6-m/nofp\libc.a(libc_a-atexit.o)
                0x00005478                atexit
 .text.__libc_fini_array
                0x00005488       0x28 c:/users/finle/onedrive/documents/gnc2/software/gnc2build/toolchain/arm-none-eabi-gcc/bin/../lib/gcc/arm-none-eabi/12.2.0/thumb/v6-m/nofp\libc.a(libc_a-fini.o)
                0x00005488                __libc_fini_array
 .text.__register_exitproc
                0x000054b0       0xa0 c:/users/finle/onedrive/documents/gnc2/software/gnc2build/toolchain/arm-none-eabi-gcc/bin/../lib/gcc/arm-none-eabi/12.2.0/thumb/v6-m/nofp\libc.a(libc_a-__atexit.o)
                0x000054b0                __register_exitproc
 *(.glue_7t)
 .glue_7t       0x00005550        0x0 linker stubs
 *(.glue_7)
 .glue_7        0x00005550        0x0 linker stubs
 *(.rodata .rodata* .gnu.linkonce.r.*)
 .rodata.str1.4
                0x00005550      0x1e3 CMakeFiles/GNC0200A.elf.dir/source/globals.c.obj
 *fill*         0x00005733        0x1 
 .rodata        0x00005734        0x5 CMakeFiles/GNC0200A.elf.dir/source/global_eeprom.c.obj
 *fill*         0x00005739        0x3 
 .rodata        0x0000573c       0x95 CMakeFiles/GNC0200A.elf.dir/source/global_ports.c.obj
                0x000057b4                uart1_descriptor
                0x000057bc                uart2_descriptor
                0x000057c4                uart3_descriptor
                0x000057cc                uart4_descriptor
 *fill*         0x000057d1        0x3 
 .rodata        0x000057d4        0xd CMakeFiles/GNC0200A.elf.dir/source/main.c.obj
                0x000057dc                dma_spi_desc
 .rodata        0x000057e1        0x1 CMakeFiles/GNC0200A.elf.dir/source/util.c.obj
                0x000057e1                zero
 *fill*         0x000057e2        0x2 
 .rodata        0x000057e4       0x20 CMakeFiles/GNC0200A.elf.dir/source/Drivers/pwm.c.obj
 .rodata        0x00005804       0x30 CMakeFiles/GNC0200A.elf.dir/source/Drivers/usb/usb_requests.c.obj
 .rodata.str1.4
                0x00005834       0x21 CMakeFiles/GNC0200A.elf.dir/source/Drivers/usb/usb_samd.c.obj
 *fill*         0x00005855        0x3 
 .rodata.str1.4
                0x00005858       0x15 CMakeFiles/GNC0200A.elf.dir/source/Drivers/usb/usb.c.obj
 *fill*         0x0000586d        0x3 
 .rodata        0x00005870       0x17 CMakeFiles/GNC0200A.elf.dir/source/Drivers/usb/usb.c.obj
                0x00005870                language_string
                0x00005874                device_descriptor
                0x00005886                usb_num_endpoints
 *fill*         0x00005887        0x1 
 .rodata.str1.4
                0x00005888        0xa CMakeFiles/GNC0200A.elf.dir/source/RTOS/rtos_main.c.obj
 *fill*         0x00005892        0x2 
 .rodata        0x00005894       0x1c CMakeFiles/GNC0200A.elf.dir/source/RTOS/rtos_process.c.obj
 .rodata        0x000058b0       0x14 CMakeFiles/GNC0200A.elf.dir/source/RTOS/rtos_time.c.obj
 .rodata        0x000058c4        0xc CMakeFiles/GNC0200A.elf.dir/source/RTOS/rtos_util.c.obj
                0x000058c4                time_ticks_us_mult
                0x000058c8                time_ticks_ms_mult
                0x000058cc                time_ticks_s_mult
 .rodata        0x000058d0       0x20 CMakeFiles/GNC0200A.elf.dir/C_/Users/finle/OneDrive/Documents/GNC2/software/GNClink/source/gnclink.c.obj
                0x000058d0                CRC8_LUT_L
                0x000058e0                CRC8_LUT_H
 .rodata.__aeabi_fdiv
                0x000058f0       0x7c c:/users/finle/onedrive/documents/gnc2/software/gnc2build/toolchain/arm-none-eabi-gcc/bin/../lib/gcc/arm-none-eabi/12.2.0/thumb/v6-m/nofp\libgcc.a(divsf3.o)
 *(.ARM.extab* .gnu.linkonce.armextab.*)
                0x0000596c                        . = ALIGN (0x4)
 *(.init)
 .init          0x0000596c        0x4 c:/users/finle/onedrive/documents/gnc2/software/gnc2build/toolchain/arm-none-eabi-gcc/bin/../lib/gcc/arm-none-eabi/12.2.0/thumb/v6-m/nofp/crti.o
                0x0000596c                _init
 .init          0x00005970        0x8 c:/users/finle/onedrive/documents/gnc2/software/gnc2build/toolchain/arm-none-eabi-gcc/bin/../lib/gcc/arm-none-eabi/12.2.0/thumb/v6-m/nofp/crtn.o
                0x00005978                        . = ALIGN (0x4)
                0x00005978                        __preinit_array_start = .
 *(.preinit_array)
                0x00005978                        __preinit_array_end = .
                0x00005978                        . = ALIGN (0x4)
                0x00005978                        __init_array_start = .
 *(SORT_BY_NAME(.init_array.*))
 .init_array.00000
                0x00005978        0x4 c:/users/finle/onedrive/documents/gnc2/software/gnc2build/toolchain/arm-none-eabi-gcc/bin/../lib/gcc/arm-none-eabi/12.2.0/thumb/v6-m/nofp\libc.a(libc_a-__call_atexit.o)
 *(.init_array)
 .init_array    0x0000597c        0x4 c:/users/finle/onedrive/documents/gnc2/software/gnc2build/toolchain/arm-none-eabi-gcc/bin/../lib/gcc/arm-none-eabi/12.2.0/thumb/v6-m/nofp/crtbegin.o
                0x00005980                        __init_array_end = .
                0x00005980                        . = ALIGN (0x4)
 *crtbegin.o(.ctors)
 *(EXCLUDE_FILE(*crtend.o) .ctors)
 *(SORT_BY_NAME(.ctors.*))
 *crtend.o(.ctors)
                0x00005980                        . = ALIGN (0x4)
 *(.fini)
 .fini          0x00005980        0x4 c:/users/finle/onedrive/documents/gnc2/software/gnc2build/toolchain/arm-none-eabi-gcc/bin/../lib/gcc/arm-none-eabi/12.2.0/thumb/v6-m/nofp/crti.o
                0x00005980                _fini
 .fini          0x00005984        0x8 c:/users/finle/onedrive/documents/gnc2/software/gnc2build/toolchain/arm-none-eabi-gcc/bin/../lib/gcc/arm-none-eabi/12.2.0/thumb/v6-m/nofp/crtn.o
                0x0000598c                        . = ALIGN (0x4)
                0x0000598c                        __fini_array_start = .
 *(.fini_array)
 .fini_array    0x0000598c        0x4 c:/users/finle/onedrive/documents/gnc2/software/gnc2build/toolchain/arm-none-eabi-gcc/bin/../lib/gcc/arm-none-eabi/12.2.0/thumb/v6-m/nofp/crtbegin.o
 *(SORT_BY_NAME(.fini_array.*))
                0x00005990                        __fini_array_end = .
 *crtbegin.o(.dtors)
 *(EXCLUDE_FILE(*crtend.o) .dtors)
 *(SORT_BY_NAME(.dtors.*))
 *crtend.o(.dtors)
                0x00005990                        . = ALIGN (0x4)
                0x00005990                        _efixed = .
                [!provide]                        PROVIDE (__exidx_start = .)

.vfp11_veneer   0x00005990        0x0
 .vfp11_veneer  0x00005990        0x0 linker stubs

.v4_bx          0x00005990        0x0
 .v4_bx         0x00005990        0x0 linker stubs

.iplt           0x00005990        0x0
 .iplt          0x00005990        0x0 c:/users/finle/onedrive/documents/gnc2/software/gnc2build/toolchain/arm-none-eabi-gcc/bin/../lib/gcc/arm-none-eabi/12.2.0/thumb/v6-m/nofp/crtbegin.o

.eh_frame       0x00005990        0x0
 .eh_frame      0x00005990        0x0 c:/users/finle/onedrive/documents/gnc2/software/gnc2build/toolchain/arm-none-eabi-gcc/bin/../lib/gcc/arm-none-eabi/12.2.0/thumb/v6-m/nofp/crtbegin.o

.rel.dyn        0x00005990        0x0
 .rel.iplt      0x00005990        0x0 c:/users/finle/onedrive/documents/gnc2/software/gnc2build/toolchain/arm-none-eabi-gcc/bin/../lib/gcc/arm-none-eabi/12.2.0/thumb/v6-m/nofp/crtbegin.o

.tm_clone_table
                0x00005990        0x0
 .tm_clone_table
                0x00005990        0x0 c:/users/finle/onedrive/documents/gnc2/software/gnc2build/toolchain/arm-none-eabi-gcc/bin/../lib/gcc/arm-none-eabi/12.2.0/thumb/v6-m/nofp/crtbegin.o
 .tm_clone_table
                0x00005990        0x0 c:/users/finle/onedrive/documents/gnc2/software/gnc2build/toolchain/arm-none-eabi-gcc/bin/../lib/gcc/arm-none-eabi/12.2.0/thumb/v6-m/nofp/crtend.o

.igot.plt       0x00005990        0x0
 .igot.plt      0x00005990        0x0 c:/users/finle/onedrive/documents/gnc2/software/gnc2build/toolchain/arm-none-eabi-gcc/bin/../lib/gcc/arm-none-eabi/12.2.0/thumb/v6-m/nofp/crtbegin.o

.ARM.exidx
 *(.ARM.exidx* .gnu.linkonce.armexidx.*)
                [!provide]                        PROVIDE (__exidx_end = .)
                0x00005990                        . = ALIGN (0x4)
                0x00005990                        _etext = .

.relocate       0x20000000       0xa4 load address 0x00005990
                0x20000000                        . = ALIGN (0x4)
                0x20000000                        _srelocate = .
 *(.ramfunc .ramfunc.*)
 *(.data .data.*)
 .data          0x20000000       0x48 CMakeFiles/GNC0200A.elf.dir/source/globals.c.obj
                0x20000000                global_variable_names
 .data          0x20000048       0x4e CMakeFiles/GNC0200A.elf.dir/source/Drivers/usb/usb.c.obj
                0x20000048                line_coding
                0x20000050                full_config
 *fill*         0x20000096        0x2 
 .data          0x20000098        0x4 CMakeFiles/GNC0200A.elf.dir/source/RTOS/rtos_time.c.obj
 .data          0x2000009c        0x4 CMakeFiles/GNC0200A.elf.dir/source/RTOSDrivers/rtos_dma.c.obj
 .data.__atexit_recursive_mutex
                0x200000a0        0x4 c:/users/finle/onedrive/documents/gnc2/software/gnc2build/toolchain/arm-none-eabi-gcc/bin/../lib/gcc/arm-none-eabi/12.2.0/thumb/v6-m/nofp\libc.a(libc_a-__call_atexit.o)
                0x200000a0                __atexit_recursive_mutex
                0x200000a4                        . = ALIGN (0x4)
                0x200000a4                        _erelocate = .

.bss            0x200000b0      0x7bc load address 0x00005a40
                0x200000b0                        . = ALIGN (0x4)
                0x200000b0                        _sbss = .
                0x200000b0                        _szero = .
 *(.bss .bss.*)
 .bss.completed.1
                0x200000b0        0x1 c:/users/finle/onedrive/documents/gnc2/software/gnc2build/toolchain/arm-none-eabi-gcc/bin/../lib/gcc/arm-none-eabi/12.2.0/thumb/v6-m/nofp/crtbegin.o
 *fill*         0x200000b1        0x3 
 .bss.object.0  0x200000b4       0x18 c:/users/finle/onedrive/documents/gnc2/software/gnc2build/toolchain/arm-none-eabi-gcc/bin/../lib/gcc/arm-none-eabi/12.2.0/thumb/v6-m/nofp/crtbegin.o
 .bss           0x200000cc       0xa8 CMakeFiles/GNC0200A.elf.dir/source/comms.c.obj
                0x200000cc                txpacket
                0x2000010c                rxpacket
                0x2000014c                rxframe
                0x20000160                txframe
 *fill*         0x20000174        0x4 
 .bss           0x20000178       0x48 CMakeFiles/GNC0200A.elf.dir/source/globals.c.obj
                0x20000178                globals
                0x200001b8                __eeprom_header
 .bss           0x200001c0        0xb CMakeFiles/GNC0200A.elf.dir/source/global_eeprom.c.obj
                0x200001c0                eeprom_desc
 *fill*         0x200001cb        0x1 
 .bss           0x200001cc       0xa4 CMakeFiles/GNC0200A.elf.dir/source/global_imu.c.obj
                0x200001cc                imu_desc
                0x200001d8                data_request
                0x20000200                raw_data
                0x20000210                accel_fs_sel
                0x20000214                gyro_fs_sel
                0x20000218                accel_config_1
                0x2000021c                accel_range_request
                0x20000244                gyro_config_1
                0x20000248                gyro_range_request
 .bss           0x20000270       0x28 CMakeFiles/GNC0200A.elf.dir/source/main.c.obj
                0x20000270                bz
 .bss           0x20000298       0x28 CMakeFiles/GNC0200A.elf.dir/source/navigation.c.obj
                0x20000298                navigation_process
 .bss           0x200002c0       0x8a CMakeFiles/GNC0200A.elf.dir/source/util.c.obj
                0x200002c0                datasink
                0x200002c4                spiproc
                0x20000320                baro_desc
                0x2000033c                flash_desc
 *fill*         0x2000034a        0x6 
 .bss           0x20000350      0x140 CMakeFiles/GNC0200A.elf.dir/source/Drivers/dma.c.obj
                0x20000350                dma_descriptor_writeback
                0x200003f0                dma_descriptor
 .bss           0x20000490       0x94 CMakeFiles/GNC0200A.elf.dir/source/Drivers/usb/usb_requests.c.obj
                0x20000490                usb_ep0_in_size
                0x20000494                ep0_buf_in
                0x200004d4                usb_ep0_in_ptr
                0x200004d8                usb_setup
                0x200004e0                usb_configuration
                0x200004e4                ep0_buf_out
 .bss           0x20000524       0x48 CMakeFiles/GNC0200A.elf.dir/source/Drivers/usb/usb_serial.c.obj
                0x20000524                usb_serial_buffer_out
                0x20000544                usb_tx_busy
                0x20000548                usb_rx_buffer_length
                0x2000054c                usb_serial_buffer_in
 .bss           0x2000056c       0x84 CMakeFiles/GNC0200A.elf.dir/source/Drivers/usb/usb.c.obj
                0x2000056c                line_state
                0x20000570                usb_endpoints
 .bss           0x200005f0       0x2c CMakeFiles/GNC0200A.elf.dir/source/RTOS/rtos_main.c.obj
                0x200005f0                mainproc
                0x200005f4                _mainproc
 .bss           0x2000061c       0x50 CMakeFiles/GNC0200A.elf.dir/source/RTOS/rtos_process.c.obj
                0x2000061c                current_process
                0x20000620                process_queue_tail
                0x20000624                process_queue_head
                0x20000628                process_count
                0x2000062c                process_queue
 *fill*         0x2000066c        0x4 
 .bss           0x20000670       0x20 CMakeFiles/GNC0200A.elf.dir/source/RTOSDrivers/dma_spi.c.obj
                0x20000670                rxdesc2
                0x20000680                txdesc2
 .bss           0x20000690       0x44 CMakeFiles/GNC0200A.elf.dir/source/RTOSDrivers/rtos_usb.c.obj
                0x20000690                usb_interrupt
                0x20000691                usb_quit
                0x20000692                usb_send_status
                0x20000693                usb_read_status
                0x20000694                usb_send_buffer_count
                0x20000698                usb_send_bytes_sent
                0x2000069c                usb_send_buffer
                0x200006a0                usb_read_buffer
                0x200006a4                usb_read_bytes_read
                0x200006a8                usb_read_buffer_count
                0x200006ac                usbproc
 .bss.__lock___atexit_recursive_mutex
                0x200006d4        0x1 c:/users/finle/onedrive/documents/gnc2/software/gnc2build/toolchain/arm-none-eabi-gcc/bin/../lib/gcc/arm-none-eabi/12.2.0/thumb/v6-m/nofp\libc.a(libc_a-lock.o)
                0x200006d4                __lock___atexit_recursive_mutex
 *fill*         0x200006d5        0x3 
 .bss.__atexit  0x200006d8        0x4 c:/users/finle/onedrive/documents/gnc2/software/gnc2build/toolchain/arm-none-eabi-gcc/bin/../lib/gcc/arm-none-eabi/12.2.0/thumb/v6-m/nofp\libc.a(libc_a-__call_atexit.o)
                0x200006d8                __atexit
 .bss.__atexit0
                0x200006dc      0x190 c:/users/finle/onedrive/documents/gnc2/software/gnc2build/toolchain/arm-none-eabi-gcc/bin/../lib/gcc/arm-none-eabi/12.2.0/thumb/v6-m/nofp\libc.a(libc_a-__atexit.o)
                0x200006dc                __atexit0
 *(COMMON)
                0x2000086c                        . = ALIGN (0x4)
                0x2000086c                        _ebss = .
                0x2000086c                        _ezero = .

.stack          0x2000086c     0x2004 load address 0x000061fc
                0x20000870                        . = ALIGN (0x8)
 *fill*         0x2000086c        0x4 
                0x20000870                        _sstack = .
                0x20002870                        . = (. + STACK_SIZE)
 *fill*         0x20000870     0x2000 
                0x20002870                        . = ALIGN (0x8)
                0x20002870                        _estack = .
                0x20002870                        . = ALIGN (0x4)
                0x20002870                        _end = .
OUTPUT(output\GNC0200A.elf elf32-littlearm)
LOAD linker stubs

.ARM.attributes
                0x00000000       0x28
 .ARM.attributes
                0x00000000       0x1e c:/users/finle/onedrive/documents/gnc2/software/gnc2build/toolchain/arm-none-eabi-gcc/bin/../lib/gcc/arm-none-eabi/12.2.0/thumb/v6-m/nofp/crti.o
 .ARM.attributes
                0x0000001e       0x2c c:/users/finle/onedrive/documents/gnc2/software/gnc2build/toolchain/arm-none-eabi-gcc/bin/../lib/gcc/arm-none-eabi/12.2.0/thumb/v6-m/nofp/crtbegin.o
 .ARM.attributes
                0x0000004a       0x2c CMakeFiles/GNC0200A.elf.dir/lib/SAMD21_DFP/samd21d/gcc/gcc/startup_samd21j17d.c.obj
 .ARM.attributes
                0x00000076       0x2c CMakeFiles/GNC0200A.elf.dir/source/comms.c.obj
 .ARM.attributes
                0x000000a2       0x2c CMakeFiles/GNC0200A.elf.dir/source/globals.c.obj
 .ARM.attributes
                0x000000ce       0x2c CMakeFiles/GNC0200A.elf.dir/source/global_eeprom.c.obj
 .ARM.attributes
                0x000000fa       0x2c CMakeFiles/GNC0200A.elf.dir/source/global_imu.c.obj
 .ARM.attributes
                0x00000126       0x2c CMakeFiles/GNC0200A.elf.dir/source/global_ports.c.obj
 .ARM.attributes
                0x00000152       0x2c CMakeFiles/GNC0200A.elf.dir/source/main.c.obj
 .ARM.attributes
                0x0000017e       0x2c CMakeFiles/GNC0200A.elf.dir/source/navigation.c.obj
 .ARM.attributes
                0x000001aa       0x2c CMakeFiles/GNC0200A.elf.dir/source/util.c.obj
 .ARM.attributes
                0x000001d6       0x2c CMakeFiles/GNC0200A.elf.dir/source/Drivers/baro_ms56.c.obj
 .ARM.attributes
                0x00000202       0x2c CMakeFiles/GNC0200A.elf.dir/source/Drivers/dma.c.obj
 .ARM.attributes
                0x0000022e       0x2c CMakeFiles/GNC0200A.elf.dir/source/Drivers/eeprom_cat25.c.obj
 .ARM.attributes
                0x0000025a       0x2c CMakeFiles/GNC0200A.elf.dir/source/Drivers/flash_at25.c.obj
 .ARM.attributes
                0x00000286       0x2c CMakeFiles/GNC0200A.elf.dir/source/Drivers/imu_icm20948.c.obj
 .ARM.attributes
                0x000002b2       0x2c CMakeFiles/GNC0200A.elf.dir/source/Drivers/port.c.obj
 .ARM.attributes
                0x000002de       0x2c CMakeFiles/GNC0200A.elf.dir/source/Drivers/pwm.c.obj
 .ARM.attributes
                0x0000030a       0x2c CMakeFiles/GNC0200A.elf.dir/source/Drivers/sercom.c.obj
 .ARM.attributes
                0x00000336       0x2c CMakeFiles/GNC0200A.elf.dir/source/Drivers/spi.c.obj
 .ARM.attributes
                0x00000362       0x2c CMakeFiles/GNC0200A.elf.dir/source/Drivers/time.c.obj
 .ARM.attributes
                0x0000038e       0x2c CMakeFiles/GNC0200A.elf.dir/source/Drivers/uart.c.obj
 .ARM.attributes
                0x000003ba       0x2c CMakeFiles/GNC0200A.elf.dir/source/Drivers/usb/usb_requests.c.obj
 .ARM.attributes
                0x000003e6       0x2c CMakeFiles/GNC0200A.elf.dir/source/Drivers/usb/usb_samd.c.obj
 .ARM.attributes
                0x00000412       0x2c CMakeFiles/GNC0200A.elf.dir/source/Drivers/usb/usb_serial.c.obj
 .ARM.attributes
                0x0000043e       0x2c CMakeFiles/GNC0200A.elf.dir/source/Drivers/usb/usb.c.obj
 .ARM.attributes
                0x0000046a       0x2c CMakeFiles/GNC0200A.elf.dir/source/RTOS/rtos_main.c.obj
 .ARM.attributes
                0x00000496       0x2c CMakeFiles/GNC0200A.elf.dir/source/RTOS/rtos_preemption.c.obj
 .ARM.attributes
                0x000004c2       0x2c CMakeFiles/GNC0200A.elf.dir/source/RTOS/rtos_process.c.obj
 .ARM.attributes
                0x000004ee       0x2c CMakeFiles/GNC0200A.elf.dir/source/RTOS/rtos_time.c.obj
 .ARM.attributes
                0x0000051a       0x2c CMakeFiles/GNC0200A.elf.dir/source/RTOS/rtos_util.c.obj
 .ARM.attributes
                0x00000546       0x2c CMakeFiles/GNC0200A.elf.dir/source/RTOSDrivers/bus_manager.c.obj
 .ARM.attributes
                0x00000572       0x2c CMakeFiles/GNC0200A.elf.dir/source/RTOSDrivers/dma_eeprom_cat25.c.obj
 .ARM.attributes
                0x0000059e       0x2c CMakeFiles/GNC0200A.elf.dir/source/RTOSDrivers/dma_imu_icm20948.c.obj
 .ARM.attributes
                0x000005ca       0x2c CMakeFiles/GNC0200A.elf.dir/source/RTOSDrivers/dma_spi.c.obj
 .ARM.attributes
                0x000005f6       0x2c CMakeFiles/GNC0200A.elf.dir/source/RTOSDrivers/rtos_dma.c.obj
 .ARM.attributes
                0x00000622       0x2c CMakeFiles/GNC0200A.elf.dir/source/RTOSDrivers/rtos_uart.c.obj
 .ARM.attributes
                0x0000064e       0x2c CMakeFiles/GNC0200A.elf.dir/source/RTOSDrivers/rtos_usb.c.obj
 .ARM.attributes
                0x0000067a       0x2c CMakeFiles/GNC0200A.elf.dir/C_/Users/finle/OneDrive/Documents/GNC2/software/GNClink/source/gnclink.c.obj
 .ARM.attributes
                0x000006a6       0x2c CMakeFiles/GNC0200A.elf.dir/C_/Users/finle/OneDrive/Documents/GNC2/software/FixedPoint/include/source/fixedpoint.c.obj
 .ARM.attributes
                0x000006d2       0x1e c:/users/finle/onedrive/documents/gnc2/software/gnc2build/toolchain/arm-none-eabi-gcc/bin/../lib/gcc/arm-none-eabi/12.2.0/thumb/v6-m/nofp\libgcc.a(_arm_cmpsf2.o)
 .ARM.attributes
                0x000006f0       0x2c c:/users/finle/onedrive/documents/gnc2/software/gnc2build/toolchain/arm-none-eabi-gcc/bin/../lib/gcc/arm-none-eabi/12.2.0/thumb/v6-m/nofp\libgcc.a(_muldi3.o)
 .ARM.attributes
                0x0000071c       0x2c c:/users/finle/onedrive/documents/gnc2/software/gnc2build/toolchain/arm-none-eabi-gcc/bin/../lib/gcc/arm-none-eabi/12.2.0/thumb/v6-m/nofp\libgcc.a(_fixunssfsi.o)
 .ARM.attributes
                0x00000748       0x2c c:/users/finle/onedrive/documents/gnc2/software/gnc2build/toolchain/arm-none-eabi-gcc/bin/../lib/gcc/arm-none-eabi/12.2.0/thumb/v6-m/nofp\libgcc.a(addsf3.o)
 .ARM.attributes
                0x00000774       0x2c c:/users/finle/onedrive/documents/gnc2/software/gnc2build/toolchain/arm-none-eabi-gcc/bin/../lib/gcc/arm-none-eabi/12.2.0/thumb/v6-m/nofp\libgcc.a(divsf3.o)
 .ARM.attributes
                0x000007a0       0x2c c:/users/finle/onedrive/documents/gnc2/software/gnc2build/toolchain/arm-none-eabi-gcc/bin/../lib/gcc/arm-none-eabi/12.2.0/thumb/v6-m/nofp\libgcc.a(eqsf2.o)
 .ARM.attributes
                0x000007cc       0x2c c:/users/finle/onedrive/documents/gnc2/software/gnc2build/toolchain/arm-none-eabi-gcc/bin/../lib/gcc/arm-none-eabi/12.2.0/thumb/v6-m/nofp\libgcc.a(gesf2.o)
 .ARM.attributes
                0x000007f8       0x2c c:/users/finle/onedrive/documents/gnc2/software/gnc2build/toolchain/arm-none-eabi-gcc/bin/../lib/gcc/arm-none-eabi/12.2.0/thumb/v6-m/nofp\libgcc.a(lesf2.o)
 .ARM.attributes
                0x00000824       0x2c c:/users/finle/onedrive/documents/gnc2/software/gnc2build/toolchain/arm-none-eabi-gcc/bin/../lib/gcc/arm-none-eabi/12.2.0/thumb/v6-m/nofp\libgcc.a(mulsf3.o)
 .ARM.attributes
                0x00000850       0x2c c:/users/finle/onedrive/documents/gnc2/software/gnc2build/toolchain/arm-none-eabi-gcc/bin/../lib/gcc/arm-none-eabi/12.2.0/thumb/v6-m/nofp\libgcc.a(subsf3.o)
 .ARM.attributes
                0x0000087c       0x2c c:/users/finle/onedrive/documents/gnc2/software/gnc2build/toolchain/arm-none-eabi-gcc/bin/../lib/gcc/arm-none-eabi/12.2.0/thumb/v6-m/nofp\libgcc.a(fixsfsi.o)
 .ARM.attributes
                0x000008a8       0x2c c:/users/finle/onedrive/documents/gnc2/software/gnc2build/toolchain/arm-none-eabi-gcc/bin/../lib/gcc/arm-none-eabi/12.2.0/thumb/v6-m/nofp\libgcc.a(floatsisf.o)
 .ARM.attributes
                0x000008d4       0x2c c:/users/finle/onedrive/documents/gnc2/software/gnc2build/toolchain/arm-none-eabi-gcc/bin/../lib/gcc/arm-none-eabi/12.2.0/thumb/v6-m/nofp\libgcc.a(floatunsisf.o)
 .ARM.attributes
                0x00000900       0x1e c:/users/finle/onedrive/documents/gnc2/software/gnc2build/toolchain/arm-none-eabi-gcc/bin/../lib/gcc/arm-none-eabi/12.2.0/thumb/v6-m/nofp\libgcc.a(_clzsi2.o)
 .ARM.attributes
                0x0000091e       0x2c c:/users/finle/onedrive/documents/gnc2/software/gnc2build/toolchain/arm-none-eabi-gcc/bin/../lib/gcc/arm-none-eabi/12.2.0/thumb/v6-m/nofp\libc.a(libc_a-memset.o)
 .ARM.attributes
                0x0000094a       0x2c c:/users/finle/onedrive/documents/gnc2/software/gnc2build/toolchain/arm-none-eabi-gcc/bin/../lib/gcc/arm-none-eabi/12.2.0/thumb/v6-m/nofp\libc.a(libc_a-init.o)
 .ARM.attributes
                0x00000976       0x2c c:/users/finle/onedrive/documents/gnc2/software/gnc2build/toolchain/arm-none-eabi-gcc/bin/../lib/gcc/arm-none-eabi/12.2.0/thumb/v6-m/nofp\libc.a(libc_a-lock.o)
 .ARM.attributes
                0x000009a2       0x2c c:/users/finle/onedrive/documents/gnc2/software/gnc2build/toolchain/arm-none-eabi-gcc/bin/../lib/gcc/arm-none-eabi/12.2.0/thumb/v6-m/nofp\libc.a(libc_a-memcpy-stub.o)
 .ARM.attributes
                0x000009ce       0x2c c:/users/finle/onedrive/documents/gnc2/software/gnc2build/toolchain/arm-none-eabi-gcc/bin/../lib/gcc/arm-none-eabi/12.2.0/thumb/v6-m/nofp\libc.a(libc_a-strlen-stub.o)
 .ARM.attributes
                0x000009fa       0x2c c:/users/finle/onedrive/documents/gnc2/software/gnc2build/toolchain/arm-none-eabi-gcc/bin/../lib/gcc/arm-none-eabi/12.2.0/thumb/v6-m/nofp\libc.a(libc_a-__call_atexit.o)
 .ARM.attributes
                0x00000a26       0x2c c:/users/finle/onedrive/documents/gnc2/software/gnc2build/toolchain/arm-none-eabi-gcc/bin/../lib/gcc/arm-none-eabi/12.2.0/thumb/v6-m/nofp\libc.a(libc_a-atexit.o)
 .ARM.attributes
                0x00000a52       0x2c c:/users/finle/onedrive/documents/gnc2/software/gnc2build/toolchain/arm-none-eabi-gcc/bin/../lib/gcc/arm-none-eabi/12.2.0/thumb/v6-m/nofp\libc.a(libc_a-fini.o)
 .ARM.attributes
                0x00000a7e       0x2c c:/users/finle/onedrive/documents/gnc2/software/gnc2build/toolchain/arm-none-eabi-gcc/bin/../lib/gcc/arm-none-eabi/12.2.0/thumb/v6-m/nofp\libc.a(libc_a-__atexit.o)
 .ARM.attributes
                0x00000aaa       0x2c c:/users/finle/onedrive/documents/gnc2/software/gnc2build/toolchain/arm-none-eabi-gcc/bin/../lib/gcc/arm-none-eabi/12.2.0/thumb/v6-m/nofp/crtend.o
 .ARM.attributes
                0x00000ad6       0x1e c:/users/finle/onedrive/documents/gnc2/software/gnc2build/toolchain/arm-none-eabi-gcc/bin/../lib/gcc/arm-none-eabi/12.2.0/thumb/v6-m/nofp/crtn.o

.comment        0x00000000       0x4c
 .comment       0x00000000       0x4c c:/users/finle/onedrive/documents/gnc2/software/gnc2build/toolchain/arm-none-eabi-gcc/bin/../lib/gcc/arm-none-eabi/12.2.0/thumb/v6-m/nofp/crtbegin.o
                                 0x4d (size before relaxing)
 .comment       0x0000004c       0x4d CMakeFiles/GNC0200A.elf.dir/lib/SAMD21_DFP/samd21d/gcc/gcc/startup_samd21j17d.c.obj
 .comment       0x0000004c       0x4d CMakeFiles/GNC0200A.elf.dir/source/comms.c.obj
 .comment       0x0000004c       0x4d CMakeFiles/GNC0200A.elf.dir/source/globals.c.obj
 .comment       0x0000004c       0x4d CMakeFiles/GNC0200A.elf.dir/source/global_eeprom.c.obj
 .comment       0x0000004c       0x4d CMakeFiles/GNC0200A.elf.dir/source/global_imu.c.obj
 .comment       0x0000004c       0x4d CMakeFiles/GNC0200A.elf.dir/source/global_ports.c.obj
 .comment       0x0000004c       0x4d CMakeFiles/GNC0200A.elf.dir/source/main.c.obj
 .comment       0x0000004c       0x4d CMakeFiles/GNC0200A.elf.dir/source/navigation.c.obj
 .comment       0x0000004c       0x4d CMakeFiles/GNC0200A.elf.dir/source/util.c.obj
 .comment       0x0000004c       0x4d CMakeFiles/GNC0200A.elf.dir/source/Drivers/baro_ms56.c.obj
 .comment       0x0000004c       0x4d CMakeFiles/GNC0200A.elf.dir/source/Drivers/dma.c.obj
 .comment       0x0000004c       0x4d CMakeFiles/GNC0200A.elf.dir/source/Drivers/eeprom_cat25.c.obj
 .comment       0x0000004c       0x4d CMakeFiles/GNC0200A.elf.dir/source/Drivers/flash_at25.c.obj
 .comment       0x0000004c       0x4d CMakeFiles/GNC0200A.elf.dir/source/Drivers/imu_icm20948.c.obj
 .comment       0x0000004c       0x4d CMakeFiles/GNC0200A.elf.dir/source/Drivers/port.c.obj
 .comment       0x0000004c       0x4d CMakeFiles/GNC0200A.elf.dir/source/Drivers/pwm.c.obj
 .comment       0x0000004c       0x4d CMakeFiles/GNC0200A.elf.dir/source/Drivers/sercom.c.obj
 .comment       0x0000004c       0x4d CMakeFiles/GNC0200A.elf.dir/source/Drivers/spi.c.obj
 .comment       0x0000004c       0x4d CMakeFiles/GNC0200A.elf.dir/source/Drivers/time.c.obj
 .comment       0x0000004c       0x4d CMakeFiles/GNC0200A.elf.dir/source/Drivers/uart.c.obj
 .comment       0x0000004c       0x4d CMakeFiles/GNC0200A.elf.dir/source/Drivers/usb/usb_requests.c.obj
 .comment       0x0000004c       0x4d CMakeFiles/GNC0200A.elf.dir/source/Drivers/usb/usb_samd.c.obj
 .comment       0x0000004c       0x4d CMakeFiles/GNC0200A.elf.dir/source/Drivers/usb/usb_serial.c.obj
 .comment       0x0000004c       0x4d CMakeFiles/GNC0200A.elf.dir/source/Drivers/usb/usb.c.obj
 .comment       0x0000004c       0x4d CMakeFiles/GNC0200A.elf.dir/source/RTOS/rtos_main.c.obj
 .comment       0x0000004c       0x4d CMakeFiles/GNC0200A.elf.dir/source/RTOS/rtos_preemption.c.obj
 .comment       0x0000004c       0x4d CMakeFiles/GNC0200A.elf.dir/source/RTOS/rtos_process.c.obj
 .comment       0x0000004c       0x4d CMakeFiles/GNC0200A.elf.dir/source/RTOS/rtos_time.c.obj
 .comment       0x0000004c       0x4d CMakeFiles/GNC0200A.elf.dir/source/RTOS/rtos_util.c.obj
 .comment       0x0000004c       0x4d CMakeFiles/GNC0200A.elf.dir/source/RTOSDrivers/bus_manager.c.obj
 .comment       0x0000004c       0x4d CMakeFiles/GNC0200A.elf.dir/source/RTOSDrivers/dma_eeprom_cat25.c.obj
 .comment       0x0000004c       0x4d CMakeFiles/GNC0200A.elf.dir/source/RTOSDrivers/dma_imu_icm20948.c.obj
 .comment       0x0000004c       0x4d CMakeFiles/GNC0200A.elf.dir/source/RTOSDrivers/dma_spi.c.obj
 .comment       0x0000004c       0x4d CMakeFiles/GNC0200A.elf.dir/source/RTOSDrivers/rtos_dma.c.obj
 .comment       0x0000004c       0x4d CMakeFiles/GNC0200A.elf.dir/source/RTOSDrivers/rtos_uart.c.obj
 .comment       0x0000004c       0x4d CMakeFiles/GNC0200A.elf.dir/source/RTOSDrivers/rtos_usb.c.obj
 .comment       0x0000004c       0x4d CMakeFiles/GNC0200A.elf.dir/C_/Users/finle/OneDrive/Documents/GNC2/software/GNClink/source/gnclink.c.obj
 .comment       0x0000004c       0x4d CMakeFiles/GNC0200A.elf.dir/C_/Users/finle/OneDrive/Documents/GNC2/software/FixedPoint/include/source/fixedpoint.c.obj
 .comment       0x0000004c       0x4d c:/users/finle/onedrive/documents/gnc2/software/gnc2build/toolchain/arm-none-eabi-gcc/bin/../lib/gcc/arm-none-eabi/12.2.0/thumb/v6-m/nofp\libgcc.a(_muldi3.o)
 .comment       0x0000004c       0x4d c:/users/finle/onedrive/documents/gnc2/software/gnc2build/toolchain/arm-none-eabi-gcc/bin/../lib/gcc/arm-none-eabi/12.2.0/thumb/v6-m/nofp\libgcc.a(_fixunssfsi.o)
 .comment       0x0000004c       0x4d c:/users/finle/onedrive/documents/gnc2/software/gnc2build/toolchain/arm-none-eabi-gcc/bin/../lib/gcc/arm-none-eabi/12.2.0/thumb/v6-m/nofp\libgcc.a(addsf3.o)
 .comment       0x0000004c       0x4d c:/users/finle/onedrive/documents/gnc2/software/gnc2build/toolchain/arm-none-eabi-gcc/bin/../lib/gcc/arm-none-eabi/12.2.0/thumb/v6-m/nofp\libgcc.a(divsf3.o)
 .comment       0x0000004c       0x4d c:/users/finle/onedrive/documents/gnc2/software/gnc2build/toolchain/arm-none-eabi-gcc/bin/../lib/gcc/arm-none-eabi/12.2.0/thumb/v6-m/nofp\libgcc.a(eqsf2.o)
 .comment       0x0000004c       0x4d c:/users/finle/onedrive/documents/gnc2/software/gnc2build/toolchain/arm-none-eabi-gcc/bin/../lib/gcc/arm-none-eabi/12.2.0/thumb/v6-m/nofp\libgcc.a(gesf2.o)
 .comment       0x0000004c       0x4d c:/users/finle/onedrive/documents/gnc2/software/gnc2build/toolchain/arm-none-eabi-gcc/bin/../lib/gcc/arm-none-eabi/12.2.0/thumb/v6-m/nofp\libgcc.a(lesf2.o)
 .comment       0x0000004c       0x4d c:/users/finle/onedrive/documents/gnc2/software/gnc2build/toolchain/arm-none-eabi-gcc/bin/../lib/gcc/arm-none-eabi/12.2.0/thumb/v6-m/nofp\libgcc.a(mulsf3.o)
 .comment       0x0000004c       0x4d c:/users/finle/onedrive/documents/gnc2/software/gnc2build/toolchain/arm-none-eabi-gcc/bin/../lib/gcc/arm-none-eabi/12.2.0/thumb/v6-m/nofp\libgcc.a(subsf3.o)
 .comment       0x0000004c       0x4d c:/users/finle/onedrive/documents/gnc2/software/gnc2build/toolchain/arm-none-eabi-gcc/bin/../lib/gcc/arm-none-eabi/12.2.0/thumb/v6-m/nofp\libgcc.a(fixsfsi.o)
 .comment       0x0000004c       0x4d c:/users/finle/onedrive/documents/gnc2/software/gnc2build/toolchain/arm-none-eabi-gcc/bin/../lib/gcc/arm-none-eabi/12.2.0/thumb/v6-m/nofp\libgcc.a(floatsisf.o)
 .comment       0x0000004c       0x4d c:/users/finle/onedrive/documents/gnc2/software/gnc2build/toolchain/arm-none-eabi-gcc/bin/../lib/gcc/arm-none-eabi/12.2.0/thumb/v6-m/nofp\libgcc.a(floatunsisf.o)
 .comment       0x0000004c       0x4d c:/users/finle/onedrive/documents/gnc2/software/gnc2build/toolchain/arm-none-eabi-gcc/bin/../lib/gcc/arm-none-eabi/12.2.0/thumb/v6-m/nofp\libc.a(libc_a-memset.o)
 .comment       0x0000004c       0x4d c:/users/finle/onedrive/documents/gnc2/software/gnc2build/toolchain/arm-none-eabi-gcc/bin/../lib/gcc/arm-none-eabi/12.2.0/thumb/v6-m/nofp\libc.a(libc_a-init.o)
 .comment       0x0000004c       0x4d c:/users/finle/onedrive/documents/gnc2/software/gnc2build/toolchain/arm-none-eabi-gcc/bin/../lib/gcc/arm-none-eabi/12.2.0/thumb/v6-m/nofp\libc.a(libc_a-lock.o)
 .comment       0x0000004c       0x4d c:/users/finle/onedrive/documents/gnc2/software/gnc2build/toolchain/arm-none-eabi-gcc/bin/../lib/gcc/arm-none-eabi/12.2.0/thumb/v6-m/nofp\libc.a(libc_a-memcpy-stub.o)
 .comment       0x0000004c       0x4d c:/users/finle/onedrive/documents/gnc2/software/gnc2build/toolchain/arm-none-eabi-gcc/bin/../lib/gcc/arm-none-eabi/12.2.0/thumb/v6-m/nofp\libc.a(libc_a-strlen-stub.o)
 .comment       0x0000004c       0x4d c:/users/finle/onedrive/documents/gnc2/software/gnc2build/toolchain/arm-none-eabi-gcc/bin/../lib/gcc/arm-none-eabi/12.2.0/thumb/v6-m/nofp\libc.a(libc_a-__call_atexit.o)
 .comment       0x0000004c       0x4d c:/users/finle/onedrive/documents/gnc2/software/gnc2build/toolchain/arm-none-eabi-gcc/bin/../lib/gcc/arm-none-eabi/12.2.0/thumb/v6-m/nofp\libc.a(libc_a-atexit.o)
 .comment       0x0000004c       0x4d c:/users/finle/onedrive/documents/gnc2/software/gnc2build/toolchain/arm-none-eabi-gcc/bin/../lib/gcc/arm-none-eabi/12.2.0/thumb/v6-m/nofp\libc.a(libc_a-fini.o)
 .comment       0x0000004c       0x4d c:/users/finle/onedrive/documents/gnc2/software/gnc2build/toolchain/arm-none-eabi-gcc/bin/../lib/gcc/arm-none-eabi/12.2.0/thumb/v6-m/nofp\libc.a(libc_a-__atexit.o)
 .comment       0x0000004c       0x4d c:/users/finle/onedrive/documents/gnc2/software/gnc2build/toolchain/arm-none-eabi-gcc/bin/../lib/gcc/arm-none-eabi/12.2.0/thumb/v6-m/nofp/crtend.o

.debug_info     0x00000000    0x1c221
 .debug_info    0x00000000      0x439 CMakeFiles/GNC0200A.elf.dir/lib/SAMD21_DFP/samd21d/gcc/gcc/startup_samd21j17d.c.obj
 .debug_info    0x00000439      0xd3f CMakeFiles/GNC0200A.elf.dir/source/comms.c.obj
 .debug_info    0x00001178      0xaf8 CMakeFiles/GNC0200A.elf.dir/source/globals.c.obj
 .debug_info    0x00001c70      0xd8c CMakeFiles/GNC0200A.elf.dir/source/global_eeprom.c.obj
 .debug_info    0x000029fc     0x11d5 CMakeFiles/GNC0200A.elf.dir/source/global_imu.c.obj
 .debug_info    0x00003bd1     0x1009 CMakeFiles/GNC0200A.elf.dir/source/global_ports.c.obj
 .debug_info    0x00004bda     0x1723 CMakeFiles/GNC0200A.elf.dir/source/main.c.obj
 .debug_info    0x000062fd      0x22d CMakeFiles/GNC0200A.elf.dir/source/navigation.c.obj
 .debug_info    0x0000652a      0xb7c CMakeFiles/GNC0200A.elf.dir/source/util.c.obj
 .debug_info    0x000070a6      0xcfe CMakeFiles/GNC0200A.elf.dir/source/Drivers/baro_ms56.c.obj
 .debug_info    0x00007da4      0x7eb CMakeFiles/GNC0200A.elf.dir/source/Drivers/dma.c.obj
 .debug_info    0x0000858f      0xf23 CMakeFiles/GNC0200A.elf.dir/source/Drivers/eeprom_cat25.c.obj
 .debug_info    0x000094b2      0xaa9 CMakeFiles/GNC0200A.elf.dir/source/Drivers/flash_at25.c.obj
 .debug_info    0x00009f5b     0x1142 CMakeFiles/GNC0200A.elf.dir/source/Drivers/imu_icm20948.c.obj
 .debug_info    0x0000b09d      0x423 CMakeFiles/GNC0200A.elf.dir/source/Drivers/port.c.obj
 .debug_info    0x0000b4c0      0xb6c CMakeFiles/GNC0200A.elf.dir/source/Drivers/pwm.c.obj
 .debug_info    0x0000c02c      0xa3a CMakeFiles/GNC0200A.elf.dir/source/Drivers/sercom.c.obj
 .debug_info    0x0000ca66      0x9ae CMakeFiles/GNC0200A.elf.dir/source/Drivers/spi.c.obj
 .debug_info    0x0000d414      0xdbd CMakeFiles/GNC0200A.elf.dir/source/Drivers/time.c.obj
 .debug_info    0x0000e1d1      0xa79 CMakeFiles/GNC0200A.elf.dir/source/Drivers/uart.c.obj
 .debug_info    0x0000ec4a      0x84c CMakeFiles/GNC0200A.elf.dir/source/Drivers/usb/usb_requests.c.obj
 .debug_info    0x0000f496     0x12a6 CMakeFiles/GNC0200A.elf.dir/source/Drivers/usb/usb_samd.c.obj
 .debug_info    0x0001073c      0x3a9 CMakeFiles/GNC0200A.elf.dir/source/Drivers/usb/usb_serial.c.obj
 .debug_info    0x00010ae5      0xb54 CMakeFiles/GNC0200A.elf.dir/source/Drivers/usb/usb.c.obj
 .debug_info    0x00011639      0x47f CMakeFiles/GNC0200A.elf.dir/source/RTOS/rtos_main.c.obj
 .debug_info    0x00011ab8      0x233 CMakeFiles/GNC0200A.elf.dir/source/RTOS/rtos_preemption.c.obj
 .debug_info    0x00011ceb      0x9cc CMakeFiles/GNC0200A.elf.dir/source/RTOS/rtos_process.c.obj
 .debug_info    0x000126b7      0x2db CMakeFiles/GNC0200A.elf.dir/source/RTOS/rtos_time.c.obj
 .debug_info    0x00012992       0xcd CMakeFiles/GNC0200A.elf.dir/source/RTOS/rtos_util.c.obj
 .debug_info    0x00012a5f      0xf06 CMakeFiles/GNC0200A.elf.dir/source/RTOSDrivers/bus_manager.c.obj
 .debug_info    0x00013965     0x1341 CMakeFiles/GNC0200A.elf.dir/source/RTOSDrivers/dma_eeprom_cat25.c.obj
 .debug_info    0x00014ca6     0x178f CMakeFiles/GNC0200A.elf.dir/source/RTOSDrivers/dma_imu_icm20948.c.obj
 .debug_info    0x00016435      0xafa CMakeFiles/GNC0200A.elf.dir/source/RTOSDrivers/dma_spi.c.obj
 .debug_info    0x00016f2f      0x5a6 CMakeFiles/GNC0200A.elf.dir/source/RTOSDrivers/rtos_dma.c.obj
 .debug_info    0x000174d5      0xc75 CMakeFiles/GNC0200A.elf.dir/source/RTOSDrivers/rtos_uart.c.obj
 .debug_info    0x0001814a      0x954 CMakeFiles/GNC0200A.elf.dir/source/RTOSDrivers/rtos_usb.c.obj
 .debug_info    0x00018a9e      0x741 CMakeFiles/GNC0200A.elf.dir/C_/Users/finle/OneDrive/Documents/GNC2/software/GNClink/source/gnclink.c.obj
 .debug_info    0x000191df      0x10a CMakeFiles/GNC0200A.elf.dir/C_/Users/finle/OneDrive/Documents/GNC2/software/FixedPoint/include/source/fixedpoint.c.obj
 .debug_info    0x000192e9       0x75 c:/users/finle/onedrive/documents/gnc2/software/gnc2build/toolchain/arm-none-eabi-gcc/bin/../lib/gcc/arm-none-eabi/12.2.0/thumb/v6-m/nofp\libgcc.a(_arm_cmpsf2.o)
 .debug_info    0x0001935e      0x420 c:/users/finle/onedrive/documents/gnc2/software/gnc2build/toolchain/arm-none-eabi-gcc/bin/../lib/gcc/arm-none-eabi/12.2.0/thumb/v6-m/nofp\libgcc.a(_muldi3.o)
 .debug_info    0x0001977e      0x330 c:/users/finle/onedrive/documents/gnc2/software/gnc2build/toolchain/arm-none-eabi-gcc/bin/../lib/gcc/arm-none-eabi/12.2.0/thumb/v6-m/nofp\libgcc.a(_fixunssfsi.o)
 .debug_info    0x00019aae      0x30d c:/users/finle/onedrive/documents/gnc2/software/gnc2build/toolchain/arm-none-eabi-gcc/bin/../lib/gcc/arm-none-eabi/12.2.0/thumb/v6-m/nofp\libgcc.a(addsf3.o)
 .debug_info    0x00019dbb      0x33b c:/users/finle/onedrive/documents/gnc2/software/gnc2build/toolchain/arm-none-eabi-gcc/bin/../lib/gcc/arm-none-eabi/12.2.0/thumb/v6-m/nofp\libgcc.a(divsf3.o)
 .debug_info    0x0001a0f6      0x20b c:/users/finle/onedrive/documents/gnc2/software/gnc2build/toolchain/arm-none-eabi-gcc/bin/../lib/gcc/arm-none-eabi/12.2.0/thumb/v6-m/nofp\libgcc.a(eqsf2.o)
 .debug_info    0x0001a301      0x231 c:/users/finle/onedrive/documents/gnc2/software/gnc2build/toolchain/arm-none-eabi-gcc/bin/../lib/gcc/arm-none-eabi/12.2.0/thumb/v6-m/nofp\libgcc.a(gesf2.o)
 .debug_info    0x0001a532      0x225 c:/users/finle/onedrive/documents/gnc2/software/gnc2build/toolchain/arm-none-eabi-gcc/bin/../lib/gcc/arm-none-eabi/12.2.0/thumb/v6-m/nofp\libgcc.a(lesf2.o)
 .debug_info    0x0001a757      0x3b0 c:/users/finle/onedrive/documents/gnc2/software/gnc2build/toolchain/arm-none-eabi-gcc/bin/../lib/gcc/arm-none-eabi/12.2.0/thumb/v6-m/nofp\libgcc.a(mulsf3.o)
 .debug_info    0x0001ab07      0x328 c:/users/finle/onedrive/documents/gnc2/software/gnc2build/toolchain/arm-none-eabi-gcc/bin/../lib/gcc/arm-none-eabi/12.2.0/thumb/v6-m/nofp\libgcc.a(subsf3.o)
 .debug_info    0x0001ae2f      0x1a8 c:/users/finle/onedrive/documents/gnc2/software/gnc2build/toolchain/arm-none-eabi-gcc/bin/../lib/gcc/arm-none-eabi/12.2.0/thumb/v6-m/nofp\libgcc.a(fixsfsi.o)
 .debug_info    0x0001afd7      0x22a c:/users/finle/onedrive/documents/gnc2/software/gnc2build/toolchain/arm-none-eabi-gcc/bin/../lib/gcc/arm-none-eabi/12.2.0/thumb/v6-m/nofp\libgcc.a(floatsisf.o)
 .debug_info    0x0001b201      0x21f c:/users/finle/onedrive/documents/gnc2/software/gnc2build/toolchain/arm-none-eabi-gcc/bin/../lib/gcc/arm-none-eabi/12.2.0/thumb/v6-m/nofp\libgcc.a(floatunsisf.o)
 .debug_info    0x0001b420       0x2f c:/users/finle/onedrive/documents/gnc2/software/gnc2build/toolchain/arm-none-eabi-gcc/bin/../lib/gcc/arm-none-eabi/12.2.0/thumb/v6-m/nofp\libgcc.a(_clzsi2.o)
 .debug_info    0x0001b44f      0x135 c:/users/finle/onedrive/documents/gnc2/software/gnc2build/toolchain/arm-none-eabi-gcc/bin/../lib/gcc/arm-none-eabi/12.2.0/thumb/v6-m/nofp\libc.a(libc_a-memset.o)
 .debug_info    0x0001b584      0x10b c:/users/finle/onedrive/documents/gnc2/software/gnc2build/toolchain/arm-none-eabi-gcc/bin/../lib/gcc/arm-none-eabi/12.2.0/thumb/v6-m/nofp\libc.a(libc_a-init.o)
 .debug_info    0x0001b68f      0x20a c:/users/finle/onedrive/documents/gnc2/software/gnc2build/toolchain/arm-none-eabi-gcc/bin/../lib/gcc/arm-none-eabi/12.2.0/thumb/v6-m/nofp\libc.a(libc_a-lock.o)
 .debug_info    0x0001b899      0x152 c:/users/finle/onedrive/documents/gnc2/software/gnc2build/toolchain/arm-none-eabi-gcc/bin/../lib/gcc/arm-none-eabi/12.2.0/thumb/v6-m/nofp\libc.a(libc_a-memcpy-stub.o)
 .debug_info    0x0001b9eb       0xeb c:/users/finle/onedrive/documents/gnc2/software/gnc2build/toolchain/arm-none-eabi-gcc/bin/../lib/gcc/arm-none-eabi/12.2.0/thumb/v6-m/nofp\libc.a(libc_a-strlen-stub.o)
 .debug_info    0x0001bad6      0x2dd c:/users/finle/onedrive/documents/gnc2/software/gnc2build/toolchain/arm-none-eabi-gcc/bin/../lib/gcc/arm-none-eabi/12.2.0/thumb/v6-m/nofp\libc.a(libc_a-__call_atexit.o)
 .debug_info    0x0001bdb3      0x118 c:/users/finle/onedrive/documents/gnc2/software/gnc2build/toolchain/arm-none-eabi-gcc/bin/../lib/gcc/arm-none-eabi/12.2.0/thumb/v6-m/nofp\libc.a(libc_a-atexit.o)
 .debug_info    0x0001becb       0xf7 c:/users/finle/onedrive/documents/gnc2/software/gnc2build/toolchain/arm-none-eabi-gcc/bin/../lib/gcc/arm-none-eabi/12.2.0/thumb/v6-m/nofp\libc.a(libc_a-fini.o)
 .debug_info    0x0001bfc2      0x25f c:/users/finle/onedrive/documents/gnc2/software/gnc2build/toolchain/arm-none-eabi-gcc/bin/../lib/gcc/arm-none-eabi/12.2.0/thumb/v6-m/nofp\libc.a(libc_a-__atexit.o)

.debug_abbrev   0x00000000     0x6521
 .debug_abbrev  0x00000000      0x176 CMakeFiles/GNC0200A.elf.dir/lib/SAMD21_DFP/samd21d/gcc/gcc/startup_samd21j17d.c.obj
 .debug_abbrev  0x00000176      0x20a CMakeFiles/GNC0200A.elf.dir/source/comms.c.obj
 .debug_abbrev  0x00000380      0x235 CMakeFiles/GNC0200A.elf.dir/source/globals.c.obj
 .debug_abbrev  0x000005b5      0x221 CMakeFiles/GNC0200A.elf.dir/source/global_eeprom.c.obj
 .debug_abbrev  0x000007d6      0x25a CMakeFiles/GNC0200A.elf.dir/source/global_imu.c.obj
 .debug_abbrev  0x00000a30      0x224 CMakeFiles/GNC0200A.elf.dir/source/global_ports.c.obj
 .debug_abbrev  0x00000c54      0x29a CMakeFiles/GNC0200A.elf.dir/source/main.c.obj
 .debug_abbrev  0x00000eee      0x145 CMakeFiles/GNC0200A.elf.dir/source/navigation.c.obj
 .debug_abbrev  0x00001033      0x14f CMakeFiles/GNC0200A.elf.dir/source/util.c.obj
 .debug_abbrev  0x00001182      0x202 CMakeFiles/GNC0200A.elf.dir/source/Drivers/baro_ms56.c.obj
 .debug_abbrev  0x00001384      0x1d1 CMakeFiles/GNC0200A.elf.dir/source/Drivers/dma.c.obj
 .debug_abbrev  0x00001555      0x20e CMakeFiles/GNC0200A.elf.dir/source/Drivers/eeprom_cat25.c.obj
 .debug_abbrev  0x00001763      0x20a CMakeFiles/GNC0200A.elf.dir/source/Drivers/flash_at25.c.obj
 .debug_abbrev  0x0000196d      0x20e CMakeFiles/GNC0200A.elf.dir/source/Drivers/imu_icm20948.c.obj
 .debug_abbrev  0x00001b7b      0x12d CMakeFiles/GNC0200A.elf.dir/source/Drivers/port.c.obj
 .debug_abbrev  0x00001ca8      0x188 CMakeFiles/GNC0200A.elf.dir/source/Drivers/pwm.c.obj
 .debug_abbrev  0x00001e30      0x125 CMakeFiles/GNC0200A.elf.dir/source/Drivers/sercom.c.obj
 .debug_abbrev  0x00001f55      0x18b CMakeFiles/GNC0200A.elf.dir/source/Drivers/spi.c.obj
 .debug_abbrev  0x000020e0      0x25c CMakeFiles/GNC0200A.elf.dir/source/Drivers/time.c.obj
 .debug_abbrev  0x0000233c      0x1e2 CMakeFiles/GNC0200A.elf.dir/source/Drivers/uart.c.obj
 .debug_abbrev  0x0000251e      0x22f CMakeFiles/GNC0200A.elf.dir/source/Drivers/usb/usb_requests.c.obj
 .debug_abbrev  0x0000274d      0x3fe CMakeFiles/GNC0200A.elf.dir/source/Drivers/usb/usb_samd.c.obj
 .debug_abbrev  0x00002b4b      0x18c CMakeFiles/GNC0200A.elf.dir/source/Drivers/usb/usb_serial.c.obj
 .debug_abbrev  0x00002cd7      0x2ee CMakeFiles/GNC0200A.elf.dir/source/Drivers/usb/usb.c.obj
 .debug_abbrev  0x00002fc5      0x206 CMakeFiles/GNC0200A.elf.dir/source/RTOS/rtos_main.c.obj
 .debug_abbrev  0x000031cb      0x159 CMakeFiles/GNC0200A.elf.dir/source/RTOS/rtos_preemption.c.obj
 .debug_abbrev  0x00003324      0x38f CMakeFiles/GNC0200A.elf.dir/source/RTOS/rtos_process.c.obj